[     643ms] [INFO] %cDownload the React DevTools for a better development experience: https://react.dev/link/react-devtools font-weight:bold @ http://localhost:5173/node_modules/.vite/deps/chunk-55RYL2JU.js?v=b55d6e97:20102
[     803ms] [LOG] %c[Vercel Web Analytics]%c Debug mode is enabled by default in development. No requests will be sent to the server. color: rgb(120, 120, 120) color: inherit @ https://va.vercel-scripts.com/v1/script.debug.js:0
[     803ms] [LOG] %c[Vercel Web Analytics]%c [view] http://localhost:5173/dashboard color: rgb(120, 120, 120) color: inherit {o: http://localhost:5173/dashboard, sv: 0.1.3, sdkn: @vercel/analytics/react, sdkv: 2.0.1, ts: 1787773444640} /_vercel/insights/view @ https://va.vercel-scripts.com/v1/script.debug.js:0
[     809ms] [LOG] %c[Vercel Speed Insights]%c Debug mode is enabled by default in development. No requests will be sent to the server. color: rgb(120, 120, 120) color: inherit @ https://va.vercel-scripts.com/v1/speed-insights/script.debug.js:0
[     811ms] [ERROR] Failed to load resource: the server responded with a status of 504 (Outdated Optimize Dep) @ http://localhost:5173/node_modules/.vite/deps/driver__js.js?v=b55d6e97:0
[    1051ms] [ERROR] %o

%s

%s
 TypeError: Failed to fetch dynamically imported module: http://localhost:5173/src/pages/DashboardPage.tsx The above error occurred in one of your React components. React will try to recreate this component tree from scratch using the error boundary you provided, ErrorBoundary. @ http://localhost:5173/node_modules/.vite/deps/chunk-55RYL2JU.js?v=b55d6e97:7000
[    1053ms] [ERROR] [ErrorBoundary] TypeError: Failed to fetch dynamically imported module: http://localhost:5173/src/pages/DashboardPage.tsx 
    at Lazy (<anonymous>)
    at main (<anonymous>)
    at Layout (http://localhost:5173/src/App.tsx?t=1787772795461:138:19)
    at RenderedRoute (http://localhost:5173/node_modules/.vite/deps/react-router-dom.js?v=b55d6e97:6626:26)
    at Routes (http://localhost:5173/node_modules/.vite/deps/react-router-dom.js?v=b55d6e97:7561:3)
    at Suspense (<anonymous>)
    at div (<anonymous>)
    at ErrorBoundary (http://localhost:5173/src/components/ErrorBoundary/ErrorBoundary.tsx:8:5)
    at App (http://localhost:5173/src/App.tsx?t=1787772795461:181:41)
    at SupabaseAuthProvider (http://localhost:5173/src/lib/AuthContext.tsx:22:40)
    at Router (http://localhost:5173/node_modules/.vite/deps/react-router-dom.js?v=b55d6e97:7500:13)
    at BrowserRouter (http://localhost:5173/node_modules/.vite/deps/react-router-dom.js?v=b55d6e97:10787:3)
    at ErrorBoundary (http://localhost:5173/src/components/ErrorBoundary/ErrorBoundary.tsx:8:5) @ http://localhost:5173/src/components/ErrorBoundary/ErrorBoundary.tsx:17
[    1653ms] [ERROR] Failed to load resource: the server responded with a status of 404 () @ https://bzxohkrxcwodllketcpz.supabase.co/rest/v1/app_config?select=key%2Cvalue:0
