[   51849ms] [LOG] [vite] server connection lost. Polling for restart... @ http://localhost:3100/@vite/client:559
[   51860ms] [ERROR] Failed to load resource: net::ERR_CONNECTION_RESET @ http://localhost:3100/:0
[   52863ms] [ERROR] Failed to load resource: net::ERR_CONNECTION_REFUSED @ http://localhost:3100/:0
[   53867ms] [ERROR] Failed to load resource: net::ERR_CONNECTION_REFUSED @ http://localhost:3100/:0
[   54871ms] [ERROR] Failed to load resource: net::ERR_CONNECTION_REFUSED @ http://localhost:3100/:0
[   55874ms] [ERROR] Failed to load resource: net::ERR_CONNECTION_REFUSED @ http://localhost:3100/:0
[   64161ms] [LOG] [App] Starting initialization... @ http://localhost:3100/src/main.js:19
[   64386ms] [LOG] [popcorn-init] OK: jquery @ http://localhost:3100/src/lib/popcornInit.js:41
[   64663ms] [LOG] [popcorn-init] OK: jquery-textfill @ http://localhost:3100/src/lib/popcornInit.js:48
[   66928ms] [LOG] [popcorn-init] OK: popcorn-core @ http://localhost:3100/src/lib/popcornInit.js:48
[   68148ms] [LOG] [popcorn-init] OK: popcorn-ie8 @ http://localhost:3100/src/lib/popcornInit.js:48
[   68193ms] [LOG] [App] Landing page rendered @ http://localhost:3100/src/main.js:88
[   68609ms] [LOG] [popcorn-init] OK: wrapper-common @ http://localhost:3100/src/lib/popcornInit.js:48
[   68766ms] [LOG] [popcorn-init] OK: wrapper-html5 @ http://localhost:3100/src/lib/popcornInit.js:48
[   73458ms] [LOG] [App] Starting initialization... @ http://localhost:3100/src/main.js:19
[   73621ms] [LOG] [popcorn-init] OK: jquery @ http://localhost:3100/src/lib/popcornInit.js:41
[   74713ms] [LOG] [popcorn-init] OK: jquery-textfill @ http://localhost:3100/src/lib/popcornInit.js:48
[   76416ms] [LOG] [popcorn-init] OK: popcorn-core @ http://localhost:3100/src/lib/popcornInit.js:48
[   76749ms] [LOG] [App] Landing page rendered @ http://localhost:3100/src/main.js:88
[   76794ms] [LOG] [popcorn-init] OK: popcorn-ie8 @ http://localhost:3100/src/lib/popcornInit.js:48
[   76908ms] [LOG] [popcorn-init] OK: wrapper-common @ http://localhost:3100/src/lib/popcornInit.js:48
[   76921ms] [LOG] [popcorn-init] OK: wrapper-html5 @ http://localhost:3100/src/lib/popcornInit.js:48
[   76931ms] [LOG] [popcorn-init] OK: wrapper-vrview @ http://localhost:3100/src/lib/popcornInit.js:48
[   76944ms] [LOG] [popcorn-init] OK: wrapper-adaptive @ http://localhost:3100/src/lib/popcornInit.js:48
[   76951ms] [LOG] [popcorn-init] OK: wrapper-null @ http://localhost:3100/src/lib/popcornInit.js:48
[   76966ms] [LOG] [popcorn-init] OK: wrapper-soundcloud @ http://localhost:3100/src/lib/popcornInit.js:48
[   76974ms] [LOG] [popcorn-init] OK: wrapper-vimeo @ http://localhost:3100/src/lib/popcornInit.js:48
[   76984ms] [LOG] [popcorn-init] OK: wrapper-youtube @ http://localhost:3100/src/lib/popcornInit.js:48
[   76996ms] [LOG] [popcorn-init] OK: wrapper-jwplayer @ http://localhost:3100/src/lib/popcornInit.js:48
[   77043ms] [LOG] [popcorn-init] OK: player-module @ http://localhost:3100/src/lib/popcornInit.js:48
[   77115ms] [INFO] %cDownload the React DevTools for a better development experience: https://react.dev/link/react-devtools font-weight:bold @ http://localhost:3100/node_modules/.vite/deps/chunk-EEAUBQDT.js?v=9e5facc0:20096
[   77352ms] [LOG] [popcorn-init] OK: plugin-image @ http://localhost:3100/src/lib/popcornInit.js:48
[   78606ms] [LOG] [popcorn-init] OK: plugin-jsonTransition @ http://localhost:3100/src/lib/popcornInit.js:48
[   82128ms] [LOG] [App] Starting initialization... @ http://localhost:3100/src/main.js:19
[   82296ms] [LOG] [popcorn-init] OK: jquery @ http://localhost:3100/src/lib/popcornInit.js:41
[   82828ms] [LOG] [popcorn-init] OK: jquery-textfill @ http://localhost:3100/src/lib/popcornInit.js:48
