[   41773ms] [LOG] [App] Starting initialization... @ http://localhost:3100/src/main.js?t=1787500803298:19
[   41791ms] [LOG] [popcorn-init] OK: jquery @ http://localhost:3100/src/lib/popcornInit.js?t=1787500803298:41
[   41792ms] [LOG] [popcorn-init] OK: jquery-textfill @ http://localhost:3100/src/lib/popcornInit.js?t=1787500803298:48
[   41793ms] [LOG] [popcorn-init] OK: popcorn-core @ http://localhost:3100/src/lib/popcornInit.js?t=1787500803298:48
[   41794ms] [LOG] [popcorn-init] OK: popcorn-ie8 @ http://localhost:3100/src/lib/popcornInit.js?t=1787500803298:48
[   41794ms] [LOG] [popcorn-init] OK: wrapper-common @ http://localhost:3100/src/lib/popcornInit.js?t=1787500803298:48
[   41795ms] [LOG] [popcorn-init] OK: wrapper-html5 @ http://localhost:3100/src/lib/popcornInit.js?t=1787500803298:48
[   41796ms] [LOG] [popcorn-init] OK: wrapper-vrview @ http://localhost:3100/src/lib/popcornInit.js?t=1787500803298:48
[   41796ms] [LOG] [popcorn-init] OK: wrapper-adaptive @ http://localhost:3100/src/lib/popcornInit.js?t=1787500803298:48
[   41797ms] [LOG] [popcorn-init] OK: wrapper-null @ http://localhost:3100/src/lib/popcornInit.js?t=1787500803298:48
[   41797ms] [LOG] [popcorn-init] OK: wrapper-soundcloud @ http://localhost:3100/src/lib/popcornInit.js?t=1787500803298:48
[   41798ms] [LOG] [popcorn-init] OK: wrapper-vimeo @ http://localhost:3100/src/lib/popcornInit.js?t=1787500803298:48
[   41798ms] [LOG] [popcorn-init] OK: wrapper-youtube @ http://localhost:3100/src/lib/popcornInit.js?t=1787500803298:48
[   41799ms] [LOG] [popcorn-init] OK: wrapper-jwplayer @ http://localhost:3100/src/lib/popcornInit.js?t=1787500803298:48
[   41799ms] [LOG] [popcorn-init] OK: player-module @ http://localhost:3100/src/lib/popcornInit.js?t=1787500803298:48
[   42181ms] [INFO] %cDownload the React DevTools for a better development experience: https://react.dev/link/react-devtools font-weight:bold @ http://localhost:3100/node_modules/.vite/deps/chunk-EEAUBQDT.js?v=e467764e:20096
[   42188ms] [LOG] [App] Initialized in 414.00ms @ http://localhost:3100/src/main.js?t=1787500803298:164
[   42188ms] [LOG] [App] Navigating to initial page: dom-personalization @ http://localhost:3100/src/main.js?t=1787500803298:165
[   42188ms] [INFO] [App] Dev auth bypass active — skipping setup popup. @ http://localhost:3100/src/main.js?t=1787500803298:176
[   42595ms] [WARNING] Clerk: Clerk has been loaded with development keys. Development instances have strict usage limits and should not be used when deploying your application to production. Learn more: https://clerk.com/docs/deployments/overview @ https://clerk.smartvid.app/npm/@clerk/clerk-js@6/dist/clerk.browser.js:11
[   42714ms] [ERROR] Failed to load resource: the server responded with a status of 400 () @ https://clerk.smartvid.app/v1/environment?__clerk_api_version=2026-05-12&_clerk_js_version=6.29.2&_method=PATCH:0
[   43401ms] [LOG] [popcorn-init] OK: plugin-image @ http://localhost:3100/src/lib/popcornInit.js?t=1787500803298:48
[   43555ms] [LOG] [popcorn-init] OK: plugin-jsonTransition @ http://localhost:3100/src/lib/popcornInit.js?t=1787500803298:48
[   43564ms] [LOG] [popcorn-init] OK: plugin-lottie-json @ http://localhost:3100/src/lib/popcornInit.js?t=1787500803298:48
[   43572ms] [LOG] [popcorn-init] OK: plugin-json-button @ http://localhost:3100/src/lib/popcornInit.js?t=1787500803298:48
[   43578ms] [LOG] [popcorn-init] OK: plugin-personalizedImage @ http://localhost:3100/src/lib/popcornInit.js?t=1787500803298:48
[   43584ms] [LOG] [popcorn-init] OK: plugin-loopPlugin @ http://localhost:3100/src/lib/popcornInit.js?t=1787500803298:48
[   43589ms] [LOG] [popcorn-init] OK: plugin-pausePlugin @ http://localhost:3100/src/lib/popcornInit.js?t=1787500803298:48
[   43601ms] [LOG] [popcorn-init] OK: plugin-form @ http://localhost:3100/src/lib/popcornInit.js?t=1787500803298:48
[   43615ms] [LOG] [popcorn-init] OK: plugin-retarget @ http://localhost:3100/src/lib/popcornInit.js?t=1787500803298:48
[   43620ms] [LOG] [popcorn-init] OK: plugin-popup @ http://localhost:3100/src/lib/popcornInit.js?t=1787500803298:48
[   43628ms] [LOG] [popcorn-init] OK: plugin-sequencer @ http://localhost:3100/src/lib/popcornInit.js?t=1787500803298:48
[   43634ms] [LOG] [popcorn-init] OK: plugin-skip @ http://localhost:3100/src/lib/popcornInit.js?t=1787500803298:48
[   43657ms] [LOG] [popcorn-init] OK: plugin-text @ http://localhost:3100/src/lib/popcornInit.js?t=1787500803298:48
[   43665ms] [LOG] [popcorn-init] OK: plugin-social @ http://localhost:3100/src/lib/popcornInit.js?t=1787500803298:48
[   43671ms] [LOG] [popcorn-init] OK: plugin-jsonAnimation @ http://localhost:3100/src/lib/popcornInit.js?t=1787500803298:48
[   43682ms] [LOG] [popcorn-init] OK: plugin-videoTransition @ http://localhost:3100/src/lib/popcornInit.js?t=1787500803298:48
[   43688ms] [LOG] [popcorn-init] OK: plugin-seethroughtext @ http://localhost:3100/src/lib/popcornInit.js?t=1787500803298:48
[   43692ms] [LOG] [popcorn-init] OK: plugin-wikipedia @ http://localhost:3100/src/lib/popcornInit.js?t=1787500803298:48
[   43697ms] [LOG] [popcorn-init] OK: plugin-combined @ http://localhost:3100/src/lib/popcornInit.js?t=1787500803298:48
[   43703ms] [LOG] [popcorn-init] OK: plugin-background @ http://localhost:3100/src/lib/popcornInit.js?t=1787500803298:48
[   43703ms] [LOG] [popcorn-init] SUMMARY: 20/20 plugins registered; all plugins registered @ http://localhost:3100/src/lib/popcornInit.js?t=1787500803298:60
[   43703ms] [LOG] [popcorn] function 19 @ http://localhost:3100/src/main.js?t=1787500803298:4
[   64408ms] [ERROR] [2026-08-23T16:00:29.652Z] [ERROR] Uncaught error | {"filename":"http://localhost:3100/src/components/CinemaTemplateStudio.js?t=1787500803298","lineno":2070,"colno":9} @ http://localhost:3100/src/lib/logger.js:84
[   64408ms] [ERROR] ReferenceError: addCaptionButton is not defined
    at captionBtn.onclick (http://localhost:3100/src/components/CinemaTemplateStudio.js?t=1787500803298:2070:9)
    at eval (eval at evaluate (:311:30), <anonymous>:1:142)
    at UtilityScript.evaluate (<anonymous>:313:16)
    at UtilityScript.<anonymous> (<anonymous>:1:44) @ http://localhost:3100/src/lib/logger.js:85
[   64409ms] [ERROR] [Global Error] ReferenceError: addCaptionButton is not defined
    at captionBtn.onclick (http://localhost:3100/src/components/CinemaTemplateStudio.js?t=1787500803298:2070:9)
    at eval (eval at evaluate (:311:30), <anonymous>:1:142)
    at UtilityScript.evaluate (<anonymous>:313:16)
    at UtilityScript.<anonymous> (<anonymous>:1:44) @ http://localhost:3100/src/main.js?t=1787500803298:22
[   64409ms] [LOG] [Analytics] error {errorType: uncaught_exception, message: Uncaught ReferenceError: addCaptionButton is not defined, filename: http://localhost:3100/src/components/CinemaTemplateStudio.js?t=1787500803298, lineno: 2070} @ http://localhost:3100/src/lib/analytics.js:36
[   64410ms] ReferenceError: addCaptionButton is not defined
    at captionBtn.onclick (http://localhost:3100/src/components/CinemaTemplateStudio.js?t=1787500803298:2070:9)
    at eval (eval at evaluate (:311:30), <anonymous>:1:142)
    at UtilityScript.evaluate (<anonymous>:313:16)
    at UtilityScript.<anonymous> (<anonymous>:1:44)
