[     566ms] [LOG] [App] Starting initialization... @ http://localhost:3104/src/main.js?t=1787324286825:19
[     692ms] [LOG] [popcorn-init] OK: jquery @ http://localhost:3104/src/lib/popcornInit.js?t=1787324098102:41
[     834ms] [LOG] [popcorn-init] OK: jquery-textfill @ http://localhost:3104/src/lib/popcornInit.js?t=1787324098102:48
[     857ms] [LOG] [popcorn-init] OK: popcorn-core @ http://localhost:3104/src/lib/popcornInit.js?t=1787324098102:48
[     885ms] [LOG] [popcorn-init] OK: popcorn-ie8 @ http://localhost:3104/src/lib/popcornInit.js?t=1787324098102:48
[     899ms] [LOG] [popcorn-init] OK: wrapper-common @ http://localhost:3104/src/lib/popcornInit.js?t=1787324098102:48
[     916ms] [LOG] [popcorn-init] OK: wrapper-html5 @ http://localhost:3104/src/lib/popcornInit.js?t=1787324098102:48
[     921ms] [LOG] [popcorn-init] OK: wrapper-vrview @ http://localhost:3104/src/lib/popcornInit.js?t=1787324098102:48
[    1023ms] [LOG] [popcorn-init] OK: wrapper-adaptive @ http://localhost:3104/src/lib/popcornInit.js?t=1787324098102:48
[    1127ms] [LOG] [popcorn-init] OK: wrapper-null @ http://localhost:3104/src/lib/popcornInit.js?t=1787324098102:48
[    1505ms] [LOG] [popcorn-init] OK: wrapper-soundcloud @ http://localhost:3104/src/lib/popcornInit.js?t=1787324098102:48
[    1823ms] [INFO] %cDownload the React DevTools for a better development experience: https://react.dev/link/react-devtools font-weight:bold @ http://localhost:3104/node_modules/.vite/deps/chunk-EEAUBQDT.js?v=614e0d00:20096
[    1847ms] [LOG] [App] Initialized in 1280.80ms @ http://localhost:3104/src/main.js?t=1787324286825:145
[    1847ms] [LOG] [App] Navigating to initial page: viral @ http://localhost:3104/src/main.js?t=1787324286825:146
[    1848ms] [INFO] [App] Dev auth bypass active — skipping setup popup. @ http://localhost:3104/src/main.js?t=1787324286825:157
[    1924ms] [LOG] [popcorn-init] OK: wrapper-vimeo @ http://localhost:3104/src/lib/popcornInit.js?t=1787324098102:48
[    2121ms] [LOG] [popcorn-init] OK: wrapper-youtube @ http://localhost:3104/src/lib/popcornInit.js?t=1787324098102:48
[    2140ms] [LOG] [popcorn-init] OK: wrapper-jwplayer @ http://localhost:3104/src/lib/popcornInit.js?t=1787324098102:48
[    2155ms] [LOG] [popcorn-init] OK: player-module @ http://localhost:3104/src/lib/popcornInit.js?t=1787324098102:48
[    2398ms] [ERROR] [ModalSystem] mount failed TypeError: Class constructor SortableElement cannot be invoked without 'new'
    at http://localhost:3104/components/modals/RetargetOptInModal.jsx?t=1787324098102:26:22 @ http://localhost:3104/src/main.js?t=1787324286825:310
[    2478ms] [ERROR] [popcorn-init] FAILED at: plugin-image TypeError: Class constructor SortableElement cannot be invoked without 'new'
    at http://localhost:3104/components/modals/RetargetOptInModal.jsx?t=1787324098102:26:22 @ http://localhost:3104/src/lib/popcornInit.js?t=1787324098102:55
[    2521ms] [ERROR] [popcorn-init] FAILED at: plugin-jsonTransition TypeError: Class constructor SortableElement cannot be invoked without 'new'
    at http://localhost:3104/components/modals/RetargetOptInModal.jsx?t=1787324098102:26:22 @ http://localhost:3104/src/lib/popcornInit.js?t=1787324098102:55
[    2576ms] [ERROR] [popcorn-init] FAILED at: plugin-lottie-json TypeError: Class constructor SortableElement cannot be invoked without 'new'
    at http://localhost:3104/components/modals/RetargetOptInModal.jsx?t=1787324098102:26:22 @ http://localhost:3104/src/lib/popcornInit.js?t=1787324098102:55
[    2601ms] [LOG] [popcorn-init] OK: plugin-json-button @ http://localhost:3104/src/lib/popcornInit.js?t=1787324098102:48
[    2607ms] [ERROR] [popcorn-init] FAILED at: plugin-personalizedImage TypeError: Class constructor SortableElement cannot be invoked without 'new'
    at http://localhost:3104/components/modals/RetargetOptInModal.jsx?t=1787324098102:26:22 @ http://localhost:3104/src/lib/popcornInit.js?t=1787324098102:55
[    2633ms] [ERROR] [popcorn-init] FAILED at: plugin-loopPlugin TypeError: Class constructor SortableElement cannot be invoked without 'new'
    at http://localhost:3104/components/modals/RetargetOptInModal.jsx?t=1787324098102:26:22 @ http://localhost:3104/src/lib/popcornInit.js?t=1787324098102:55
[    2640ms] [ERROR] [popcorn-init] FAILED at: plugin-pausePlugin TypeError: Class constructor SortableElement cannot be invoked without 'new'
    at http://localhost:3104/components/modals/RetargetOptInModal.jsx?t=1787324098102:26:22 @ http://localhost:3104/src/lib/popcornInit.js?t=1787324098102:55
[    2753ms] [ERROR] [popcorn-init] FAILED at: plugin-form TypeError: Class constructor SortableElement cannot be invoked without 'new'
    at http://localhost:3104/components/modals/RetargetOptInModal.jsx?t=1787324098102:26:22 @ http://localhost:3104/src/lib/popcornInit.js?t=1787324098102:55
[    2830ms] [ERROR] [popcorn-init] FAILED at: plugin-retarget TypeError: Class constructor SortableElement cannot be invoked without 'new'
    at http://localhost:3104/components/modals/RetargetOptInModal.jsx?t=1787324098102:26:22 @ http://localhost:3104/src/lib/popcornInit.js?t=1787324098102:55
[    2874ms] [LOG] [popcorn-init] OK: plugin-popup @ http://localhost:3104/src/lib/popcornInit.js?t=1787324098102:48
[    2918ms] [ERROR] [popcorn-init] FAILED at: plugin-sequencer TypeError: Class constructor SortableElement cannot be invoked without 'new'
    at http://localhost:3104/components/modals/RetargetOptInModal.jsx?t=1787324098102:26:22 @ http://localhost:3104/src/lib/popcornInit.js?t=1787324098102:55
[    2930ms] [ERROR] [popcorn-init] FAILED at: plugin-skip TypeError: Class constructor SortableElement cannot be invoked without 'new'
    at http://localhost:3104/components/modals/RetargetOptInModal.jsx?t=1787324098102:26:22 @ http://localhost:3104/src/lib/popcornInit.js?t=1787324098102:55
[    2996ms] [ERROR] [popcorn-init] FAILED at: plugin-text TypeError: Class constructor SortableElement cannot be invoked without 'new'
    at http://localhost:3104/components/modals/RetargetOptInModal.jsx?t=1787324098102:26:22 @ http://localhost:3104/src/lib/popcornInit.js?t=1787324098102:55
[    3017ms] [LOG] [popcorn-init] OK: plugin-social @ http://localhost:3104/src/lib/popcornInit.js?t=1787324098102:48
[    3026ms] [ERROR] [popcorn-init] FAILED at: plugin-jsonAnimation TypeError: Class constructor SortableElement cannot be invoked without 'new'
    at http://localhost:3104/components/modals/RetargetOptInModal.jsx?t=1787324098102:26:22 @ http://localhost:3104/src/lib/popcornInit.js?t=1787324098102:55
[    3048ms] [LOG] [popcorn-init] OK: plugin-videoTransition @ http://localhost:3104/src/lib/popcornInit.js?t=1787324098102:48
[    3059ms] [ERROR] [popcorn-init] FAILED at: plugin-seethroughtext TypeError: Class constructor SortableElement cannot be invoked without 'new'
    at http://localhost:3104/components/modals/RetargetOptInModal.jsx?t=1787324098102:26:22 @ http://localhost:3104/src/lib/popcornInit.js?t=1787324098102:55
[    3069ms] [LOG] [popcorn-init] OK: plugin-wikipedia @ http://localhost:3104/src/lib/popcornInit.js?t=1787324098102:48
[    3077ms] [ERROR] [popcorn-init] FAILED at: plugin-combined TypeError: Class constructor SortableElement cannot be invoked without 'new'
    at http://localhost:3104/components/modals/RetargetOptInModal.jsx?t=1787324098102:26:22 @ http://localhost:3104/src/lib/popcornInit.js?t=1787324098102:55
[    3085ms] [ERROR] [popcorn-init] FAILED at: plugin-background TypeError: Class constructor SortableElement cannot be invoked without 'new'
    at http://localhost:3104/components/modals/RetargetOptInModal.jsx?t=1787324098102:26:22 @ http://localhost:3104/src/lib/popcornInit.js?t=1787324098102:55
[    3086ms] [LOG] [popcorn-init] SUMMARY: 5/20 plugins registered; FAILED: plugin-image, plugin-jsonTransition, plugin-lottie-json, plugin-personalizedImage, plugin-loopPlugin, plugin-pausePlugin, plugin-form, plugin-retarget, plugin-sequencer, plugin-skip, plugin-text, plugin-jsonAnimation, plugin-seethroughtext, plugin-combined, plugin-background @ http://localhost:3104/src/lib/popcornInit.js?t=1787324098102:60
[    3086ms] [LOG] [popcorn] function 5 @ http://localhost:3104/src/main.js?t=1787324286825:4
