[    5282ms] [LOG] [App] Starting initialization... @ http://localhost:3104/src/main.js:19
[    5601ms] [LOG] [popcorn-init] OK: jquery @ http://localhost:3104/src/lib/popcornInit.js:41
[    5751ms] [LOG] [popcorn-init] OK: jquery-textfill @ http://localhost:3104/src/lib/popcornInit.js:48
[    7616ms] [LOG] [popcorn-init] OK: popcorn-core @ http://localhost:3104/src/lib/popcornInit.js:48
[    9722ms] [LOG] [popcorn-init] OK: popcorn-ie8 @ http://localhost:3104/src/lib/popcornInit.js:48
[   16816ms] [LOG] [App] Starting initialization... @ http://localhost:3104/src/main.js:19
[   17814ms] [LOG] [popcorn-init] OK: jquery @ http://localhost:3104/src/lib/popcornInit.js:41
[   18610ms] [LOG] [popcorn-init] OK: jquery-textfill @ http://localhost:3104/src/lib/popcornInit.js:48
[   19253ms] [LOG] [popcorn-init] OK: popcorn-core @ http://localhost:3104/src/lib/popcornInit.js:48
[   19292ms] [LOG] [popcorn-init] OK: popcorn-ie8 @ http://localhost:3104/src/lib/popcornInit.js:48
[   19308ms] [LOG] [popcorn-init] OK: wrapper-common @ http://localhost:3104/src/lib/popcornInit.js:48
[   19330ms] [LOG] [popcorn-init] OK: wrapper-html5 @ http://localhost:3104/src/lib/popcornInit.js:48
[   19367ms] [INFO] %cDownload the React DevTools for a better development experience: https://react.dev/link/react-devtools font-weight:bold @ http://localhost:3104/node_modules/.vite/deps/chunk-EEAUBQDT.js?v=6e084cf8:20096
[   19390ms] [LOG] [App] Initialized in 2574.00ms @ http://localhost:3104/src/main.js:145
[   19390ms] [LOG] [App] Navigating to initial page: video @ http://localhost:3104/src/main.js:146
[   19392ms] [INFO] [App] Dev auth bypass active — skipping setup popup. @ http://localhost:3104/src/main.js:157
[   19427ms] [LOG] [popcorn-init] OK: wrapper-vrview @ http://localhost:3104/src/lib/popcornInit.js:48
[   19444ms] [ERROR] [ModalSystem] mount failed TypeError: Class constructor SortableElement cannot be invoked without 'new'
    at http://localhost:3104/components/modals/RetargetOptInModal.jsx:26:22 @ http://localhost:3104/src/main.js:310
[   19546ms] [LOG] [popcorn-init] OK: wrapper-adaptive @ http://localhost:3104/src/lib/popcornInit.js:48
[   19611ms] [LOG] [popcorn-init] OK: wrapper-null @ http://localhost:3104/src/lib/popcornInit.js:48
[   20541ms] [LOG] [popcorn-init] OK: wrapper-soundcloud @ http://localhost:3104/src/lib/popcornInit.js:48
[   20599ms] [LOG] [popcorn-init] OK: wrapper-vimeo @ http://localhost:3104/src/lib/popcornInit.js:48
[   20907ms] [LOG] [popcorn-init] OK: wrapper-youtube @ http://localhost:3104/src/lib/popcornInit.js:48
[   21389ms] [LOG] [popcorn-init] OK: wrapper-jwplayer @ http://localhost:3104/src/lib/popcornInit.js:48
[   21481ms] [LOG] [popcorn-init] OK: player-module @ http://localhost:3104/src/lib/popcornInit.js:48
[   21676ms] [ERROR] [popcorn-init] FAILED at: plugin-image TypeError: Class constructor SortableElement cannot be invoked without 'new'
    at http://localhost:3104/components/modals/RetargetOptInModal.jsx:26:22 @ http://localhost:3104/src/lib/popcornInit.js:55
[   23715ms] [ERROR] [popcorn-init] FAILED at: plugin-jsonTransition TypeError: Class constructor SortableElement cannot be invoked without 'new'
    at http://localhost:3104/components/modals/RetargetOptInModal.jsx:26:22 @ http://localhost:3104/src/lib/popcornInit.js:55
[   26076ms] [LOG] [App] Starting initialization... @ http://localhost:3104/src/main.js:19
[   26163ms] [LOG] [popcorn-init] OK: jquery @ http://localhost:3104/src/lib/popcornInit.js:41
[   26624ms] [LOG] [popcorn-init] OK: jquery-textfill @ http://localhost:3104/src/lib/popcornInit.js:48
[   27932ms] [LOG] [popcorn-init] OK: popcorn-core @ http://localhost:3104/src/lib/popcornInit.js:48
[   29142ms] [LOG] [popcorn-init] OK: popcorn-ie8 @ http://localhost:3104/src/lib/popcornInit.js:48
[   29395ms] [LOG] [popcorn-init] OK: wrapper-common @ http://localhost:3104/src/lib/popcornInit.js:48
[   29476ms] [INFO] %cDownload the React DevTools for a better development experience: https://react.dev/link/react-devtools font-weight:bold @ http://localhost:3104/node_modules/.vite/deps/chunk-EEAUBQDT.js?v=614e0d00:20096
[   29494ms] [LOG] [App] Initialized in 3417.00ms @ http://localhost:3104/src/main.js:145
[   29494ms] [LOG] [App] Navigating to initial page: video @ http://localhost:3104/src/main.js:146
[   29494ms] [INFO] [App] Dev auth bypass active — skipping setup popup. @ http://localhost:3104/src/main.js:157
[   29543ms] [LOG] [popcorn-init] OK: wrapper-html5 @ http://localhost:3104/src/lib/popcornInit.js:48
[   29693ms] [LOG] [popcorn-init] OK: wrapper-vrview @ http://localhost:3104/src/lib/popcornInit.js:48
[   29705ms] [ERROR] [ModalSystem] mount failed TypeError: Class constructor SortableElement cannot be invoked without 'new'
    at http://localhost:3104/components/modals/RetargetOptInModal.jsx:26:22 @ http://localhost:3104/src/main.js:310
[   29800ms] [LOG] [popcorn-init] OK: wrapper-adaptive @ http://localhost:3104/src/lib/popcornInit.js:48
[   30710ms] [LOG] [popcorn-init] OK: wrapper-null @ http://localhost:3104/src/lib/popcornInit.js:48
[   30893ms] [LOG] [popcorn-init] OK: wrapper-soundcloud @ http://localhost:3104/src/lib/popcornInit.js:48
[   30959ms] [LOG] [popcorn-init] OK: wrapper-vimeo @ http://localhost:3104/src/lib/popcornInit.js:48
[   30970ms] [LOG] [popcorn-init] OK: wrapper-youtube @ http://localhost:3104/src/lib/popcornInit.js:48
[   30979ms] [LOG] [popcorn-init] OK: wrapper-jwplayer @ http://localhost:3104/src/lib/popcornInit.js:48
[   30990ms] [LOG] [popcorn-init] OK: player-module @ http://localhost:3104/src/lib/popcornInit.js:48
[   31099ms] [ERROR] [popcorn-init] FAILED at: plugin-image TypeError: Class constructor SortableElement cannot be invoked without 'new'
    at http://localhost:3104/components/modals/RetargetOptInModal.jsx:26:22 @ http://localhost:3104/src/lib/popcornInit.js:55
[   31149ms] [ERROR] [popcorn-init] FAILED at: plugin-jsonTransition TypeError: Class constructor SortableElement cannot be invoked without 'new'
    at http://localhost:3104/components/modals/RetargetOptInModal.jsx:26:22 @ http://localhost:3104/src/lib/popcornInit.js:55
[   31161ms] [ERROR] [popcorn-init] FAILED at: plugin-lottie-json TypeError: Class constructor SortableElement cannot be invoked without 'new'
    at http://localhost:3104/components/modals/RetargetOptInModal.jsx:26:22 @ http://localhost:3104/src/lib/popcornInit.js:55
[   31199ms] [LOG] [popcorn-init] OK: plugin-json-button @ http://localhost:3104/src/lib/popcornInit.js:48
[   31240ms] [ERROR] [popcorn-init] FAILED at: plugin-personalizedImage TypeError: Class constructor SortableElement cannot be invoked without 'new'
    at http://localhost:3104/components/modals/RetargetOptInModal.jsx:26:22 @ http://localhost:3104/src/lib/popcornInit.js:55
[   31259ms] [ERROR] [popcorn-init] FAILED at: plugin-loopPlugin TypeError: Class constructor SortableElement cannot be invoked without 'new'
    at http://localhost:3104/components/modals/RetargetOptInModal.jsx:26:22 @ http://localhost:3104/src/lib/popcornInit.js:55
[   31274ms] [ERROR] [popcorn-init] FAILED at: plugin-pausePlugin TypeError: Class constructor SortableElement cannot be invoked without 'new'
    at http://localhost:3104/components/modals/RetargetOptInModal.jsx:26:22 @ http://localhost:3104/src/lib/popcornInit.js:55
[   31368ms] [ERROR] [popcorn-init] FAILED at: plugin-form TypeError: Class constructor SortableElement cannot be invoked without 'new'
    at http://localhost:3104/components/modals/RetargetOptInModal.jsx:26:22 @ http://localhost:3104/src/lib/popcornInit.js:55
[   31534ms] [ERROR] [popcorn-init] FAILED at: plugin-retarget TypeError: Class constructor SortableElement cannot be invoked without 'new'
    at http://localhost:3104/components/modals/RetargetOptInModal.jsx:26:22 @ http://localhost:3104/src/lib/popcornInit.js:55
[   31585ms] [LOG] [popcorn-init] OK: plugin-popup @ http://localhost:3104/src/lib/popcornInit.js:48
[   31659ms] [ERROR] [popcorn-init] FAILED at: plugin-sequencer TypeError: Class constructor SortableElement cannot be invoked without 'new'
    at http://localhost:3104/components/modals/RetargetOptInModal.jsx:26:22 @ http://localhost:3104/src/lib/popcornInit.js:55
[   31689ms] [ERROR] [popcorn-init] FAILED at: plugin-skip TypeError: Class constructor SortableElement cannot be invoked without 'new'
    at http://localhost:3104/components/modals/RetargetOptInModal.jsx:26:22 @ http://localhost:3104/src/lib/popcornInit.js:55
[   31830ms] [ERROR] [popcorn-init] FAILED at: plugin-text TypeError: Class constructor SortableElement cannot be invoked without 'new'
    at http://localhost:3104/components/modals/RetargetOptInModal.jsx:26:22 @ http://localhost:3104/src/lib/popcornInit.js:55
[   31888ms] [LOG] [popcorn-init] OK: plugin-social @ http://localhost:3104/src/lib/popcornInit.js:48
[   31942ms] [ERROR] [popcorn-init] FAILED at: plugin-jsonAnimation TypeError: Class constructor SortableElement cannot be invoked without 'new'
    at http://localhost:3104/components/modals/RetargetOptInModal.jsx:26:22 @ http://localhost:3104/src/lib/popcornInit.js:55
[   32001ms] [LOG] [popcorn-init] OK: plugin-videoTransition @ http://localhost:3104/src/lib/popcornInit.js:48
[   32042ms] [ERROR] [popcorn-init] FAILED at: plugin-seethroughtext TypeError: Class constructor SortableElement cannot be invoked without 'new'
    at http://localhost:3104/components/modals/RetargetOptInModal.jsx:26:22 @ http://localhost:3104/src/lib/popcornInit.js:55
[   32068ms] [LOG] [popcorn-init] OK: plugin-wikipedia @ http://localhost:3104/src/lib/popcornInit.js:48
[   32095ms] [ERROR] [popcorn-init] FAILED at: plugin-combined TypeError: Class constructor SortableElement cannot be invoked without 'new'
    at http://localhost:3104/components/modals/RetargetOptInModal.jsx:26:22 @ http://localhost:3104/src/lib/popcornInit.js:55
[   32126ms] [ERROR] [popcorn-init] FAILED at: plugin-background TypeError: Class constructor SortableElement cannot be invoked without 'new'
    at http://localhost:3104/components/modals/RetargetOptInModal.jsx:26:22 @ http://localhost:3104/src/lib/popcornInit.js:55
[   32126ms] [LOG] [popcorn-init] SUMMARY: 5/20 plugins registered; FAILED: plugin-image, plugin-jsonTransition, plugin-lottie-json, plugin-personalizedImage, plugin-loopPlugin, plugin-pausePlugin, plugin-form, plugin-retarget, plugin-sequencer, plugin-skip, plugin-text, plugin-jsonAnimation, plugin-seethroughtext, plugin-combined, plugin-background @ http://localhost:3104/src/lib/popcornInit.js:60
[   32126ms] [LOG] [popcorn] function 5 @ http://localhost:3104/src/main.js:4
[  607292ms] [LOG] [vite] server connection lost. Polling for restart... @ http://localhost:3104/@vite/client:559
[  607332ms] [ERROR] Failed to load resource: net::ERR_CONNECTION_REFUSED @ http://localhost:3104/:0
[  608338ms] [ERROR] Failed to load resource: net::ERR_CONNECTION_REFUSED @ http://localhost:3104/:0
[  609346ms] [ERROR] Failed to load resource: net::ERR_CONNECTION_REFUSED @ http://localhost:3104/:0
[  610357ms] [ERROR] Failed to load resource: net::ERR_CONNECTION_REFUSED @ http://localhost:3104/:0
[  611365ms] [ERROR] Failed to load resource: net::ERR_CONNECTION_REFUSED @ http://localhost:3104/:0
[  612372ms] [ERROR] Failed to load resource: net::ERR_CONNECTION_REFUSED @ http://localhost:3104/:0
[  613378ms] [ERROR] Failed to load resource: net::ERR_CONNECTION_REFUSED @ http://localhost:3104/:0
[  614383ms] [ERROR] Failed to load resource: net::ERR_CONNECTION_REFUSED @ http://localhost:3104/:0
[  615417ms] [ERROR] Failed to load resource: net::ERR_CONNECTION_REFUSED @ http://localhost:3104/:0
[  616424ms] [ERROR] Failed to load resource: net::ERR_CONNECTION_REFUSED @ http://localhost:3104/:0
[  617429ms] [ERROR] Failed to load resource: net::ERR_CONNECTION_REFUSED @ http://localhost:3104/:0
[  618433ms] [ERROR] Failed to load resource: net::ERR_CONNECTION_REFUSED @ http://localhost:3104/:0
[  619441ms] [ERROR] Failed to load resource: net::ERR_CONNECTION_REFUSED @ http://localhost:3104/:0
[  620447ms] [ERROR] Failed to load resource: net::ERR_CONNECTION_REFUSED @ http://localhost:3104/:0
[  621454ms] [ERROR] Failed to load resource: net::ERR_CONNECTION_REFUSED @ http://localhost:3104/:0
[  622457ms] [ERROR] Failed to load resource: net::ERR_CONNECTION_REFUSED @ http://localhost:3104/:0
[  623462ms] [ERROR] Failed to load resource: net::ERR_CONNECTION_REFUSED @ http://localhost:3104/:0
[  624471ms] [ERROR] Failed to load resource: net::ERR_CONNECTION_REFUSED @ http://localhost:3104/:0
[  625476ms] [ERROR] Failed to load resource: net::ERR_CONNECTION_REFUSED @ http://localhost:3104/:0
[  626480ms] [ERROR] Failed to load resource: net::ERR_CONNECTION_REFUSED @ http://localhost:3104/:0
