[    2318ms] [LOG] [App] Starting initialization... @ http://localhost:5173/src/main.js?t=1787480290480:19
[    2382ms] [LOG] [popcorn-init] OK: jquery @ http://localhost:5173/src/lib/popcornInit.js:41
[    2390ms] [LOG] [popcorn-init] OK: jquery-textfill @ http://localhost:5173/src/lib/popcornInit.js:48
[    2399ms] [LOG] [popcorn-init] OK: popcorn-core @ http://localhost:5173/src/lib/popcornInit.js:48
[    2411ms] [LOG] [popcorn-init] OK: popcorn-ie8 @ http://localhost:5173/src/lib/popcornInit.js:48
[    2431ms] [LOG] [popcorn-init] OK: wrapper-common @ http://localhost:5173/src/lib/popcornInit.js:48
[    2441ms] [LOG] [popcorn-init] OK: wrapper-html5 @ http://localhost:5173/src/lib/popcornInit.js:48
[    2449ms] [LOG] [popcorn-init] OK: wrapper-vrview @ http://localhost:5173/src/lib/popcornInit.js:48
[    2454ms] [LOG] [popcorn-init] OK: wrapper-adaptive @ http://localhost:5173/src/lib/popcornInit.js:48
[    2456ms] [LOG] [popcorn-init] OK: wrapper-null @ http://localhost:5173/src/lib/popcornInit.js:48
[    2459ms] [LOG] [popcorn-init] OK: wrapper-soundcloud @ http://localhost:5173/src/lib/popcornInit.js:48
[    2461ms] [LOG] [popcorn-init] OK: wrapper-vimeo @ http://localhost:5173/src/lib/popcornInit.js:48
[    2463ms] [LOG] [popcorn-init] OK: wrapper-youtube @ http://localhost:5173/src/lib/popcornInit.js:48
[    2465ms] [LOG] [popcorn-init] OK: wrapper-jwplayer @ http://localhost:5173/src/lib/popcornInit.js:48
[    2467ms] [LOG] [popcorn-init] OK: player-module @ http://localhost:5173/src/lib/popcornInit.js:48
[    2678ms] [INFO] %cDownload the React DevTools for a better development experience: https://react.dev/link/react-devtools font-weight:bold @ http://localhost:5173/node_modules/.vite/deps/chunk-EEAUBQDT.js?v=67954b94:20096
[    2695ms] [LOG] [App] Initialized in 376.10ms @ http://localhost:5173/src/main.js?t=1787480290480:164
[    2695ms] [LOG] [App] Navigating to initial page: templates @ http://localhost:5173/src/main.js?t=1787480290480:165
[    2695ms] [INFO] [App] Dev auth bypass active — skipping setup popup. @ http://localhost:5173/src/main.js?t=1787480290480:176
[    3560ms] [LOG] [popcorn-init] OK: plugin-image @ http://localhost:5173/src/lib/popcornInit.js:48
[    3587ms] [WARNING] Clerk: Clerk has been loaded with development keys. Development instances have strict usage limits and should not be used when deploying your application to production. Learn more: https://clerk.com/docs/deployments/overview @ https://clerk.smartvid.app/npm/@clerk/clerk-js@6/dist/clerk.browser.js:11
[    3723ms] [ERROR] Failed to load resource: the server responded with a status of 400 () @ https://clerk.smartvid.app/v1/environment?__clerk_api_version=2026-05-12&_clerk_js_version=6.29.2&_method=PATCH:0
[    4661ms] [LOG] [popcorn-init] OK: plugin-jsonTransition @ http://localhost:5173/src/lib/popcornInit.js:48
[    4746ms] [LOG] [popcorn-init] OK: plugin-lottie-json @ http://localhost:5173/src/lib/popcornInit.js:48
[    4773ms] [LOG] [popcorn-init] OK: plugin-json-button @ http://localhost:5173/src/lib/popcornInit.js:48
[    4807ms] [LOG] [popcorn-init] OK: plugin-personalizedImage @ http://localhost:5173/src/lib/popcornInit.js:48
[    4822ms] [LOG] [popcorn-init] OK: plugin-loopPlugin @ http://localhost:5173/src/lib/popcornInit.js:48
[    4862ms] [LOG] [popcorn-init] OK: plugin-pausePlugin @ http://localhost:5173/src/lib/popcornInit.js:48
[    4896ms] [LOG] [popcorn-init] OK: plugin-form @ http://localhost:5173/src/lib/popcornInit.js:48
[    5176ms] [LOG] [popcorn-init] OK: plugin-retarget @ http://localhost:5173/src/lib/popcornInit.js:48
[    5185ms] [LOG] [popcorn-init] OK: plugin-popup @ http://localhost:5173/src/lib/popcornInit.js:48
[    5219ms] [LOG] [popcorn-init] OK: plugin-sequencer @ http://localhost:5173/src/lib/popcornInit.js:48
[    5232ms] [LOG] [popcorn-init] OK: plugin-skip @ http://localhost:5173/src/lib/popcornInit.js:48
[    5262ms] [LOG] [popcorn-init] OK: plugin-text @ http://localhost:5173/src/lib/popcornInit.js:48
[    5271ms] [LOG] [popcorn-init] OK: plugin-social @ http://localhost:5173/src/lib/popcornInit.js:48
[    5283ms] [LOG] [popcorn-init] OK: plugin-jsonAnimation @ http://localhost:5173/src/lib/popcornInit.js:48
[    5416ms] [LOG] [popcorn-init] OK: plugin-videoTransition @ http://localhost:5173/src/lib/popcornInit.js:48
[    5424ms] [LOG] [popcorn-init] OK: plugin-seethroughtext @ http://localhost:5173/src/lib/popcornInit.js:48
[    5435ms] [LOG] [popcorn-init] OK: plugin-wikipedia @ http://localhost:5173/src/lib/popcornInit.js:48
[    5448ms] [LOG] [popcorn-init] OK: plugin-combined @ http://localhost:5173/src/lib/popcornInit.js:48
[    5463ms] [LOG] [popcorn-init] OK: plugin-background @ http://localhost:5173/src/lib/popcornInit.js:48
[    5463ms] [LOG] [popcorn-init] SUMMARY: 20/20 plugins registered; all plugins registered @ http://localhost:5173/src/lib/popcornInit.js:60
[    5463ms] [LOG] [popcorn] function 19 @ http://localhost:5173/src/main.js?t=1787480290480:4
