[     376ms] [LOG] [App] Starting initialization... @ http://localhost:3100/src/main.js?t=1787457120182:19
[     385ms] [LOG] [popcorn-init] OK: jquery @ http://localhost:3100/src/lib/popcornInit.js?t=1787457120182:41
[     386ms] [LOG] [popcorn-init] OK: jquery-textfill @ http://localhost:3100/src/lib/popcornInit.js?t=1787457120182:48
[     389ms] [LOG] [popcorn-init] OK: popcorn-core @ http://localhost:3100/src/lib/popcornInit.js?t=1787457120182:48
[     392ms] [LOG] [popcorn-init] OK: popcorn-ie8 @ http://localhost:3100/src/lib/popcornInit.js?t=1787457120182:48
[     408ms] [LOG] [popcorn-init] OK: wrapper-common @ http://localhost:3100/src/lib/popcornInit.js?t=1787457120182:48
[     413ms] [LOG] [popcorn-init] OK: wrapper-html5 @ http://localhost:3100/src/lib/popcornInit.js?t=1787457120182:48
[     430ms] [LOG] [popcorn-init] OK: wrapper-vrview @ http://localhost:3100/src/lib/popcornInit.js?t=1787457120182:48
[     445ms] [LOG] [popcorn-init] OK: wrapper-adaptive @ http://localhost:3100/src/lib/popcornInit.js?t=1787457120182:48
[     463ms] [LOG] [popcorn-init] OK: wrapper-null @ http://localhost:3100/src/lib/popcornInit.js?t=1787457120182:48
[     465ms] [LOG] [popcorn-init] OK: wrapper-soundcloud @ http://localhost:3100/src/lib/popcornInit.js?t=1787457120182:48
[     465ms] [LOG] [popcorn-init] OK: wrapper-vimeo @ http://localhost:3100/src/lib/popcornInit.js?t=1787457120182:48
[     466ms] [LOG] [LandingPage] Header.jsx loaded @ http://localhost:3100/src/components/landing/LandingPage.jsx?t=1787457120182:170
[     466ms] [LOG] [popcorn-init] OK: wrapper-youtube @ http://localhost:3100/src/lib/popcornInit.js?t=1787457120182:48
[     467ms] [LOG] [popcorn-init] OK: wrapper-jwplayer @ http://localhost:3100/src/lib/popcornInit.js?t=1787457120182:48
[     467ms] [LOG] [popcorn-init] OK: player-module @ http://localhost:3100/src/lib/popcornInit.js?t=1787457120182:48
[     740ms] [LOG] [LandingPage] CinematicVideoHero.jsx loaded @ http://localhost:3100/src/components/landing/LandingPage.jsx?t=1787457120182:183
[     918ms] [LOG] [LandingPage] HeroSection.jsx loaded @ http://localhost:3100/src/components/landing/LandingPage.jsx?t=1787457120182:196
[     918ms] [LOG] [LandingPage] Observer created for: scrolling placeholder id: section-scrolling @ http://localhost:3100/src/components/landing/LandingPage.jsx?t=1787457120182:154
[     918ms] [LOG] [LandingPage] Observer created for: hook placeholder id: section-hook @ http://localhost:3100/src/components/landing/LandingPage.jsx?t=1787457120182:154
[     919ms] [LOG] [LandingPage] Observer created for: engines placeholder id: section-engines @ http://localhost:3100/src/components/landing/LandingPage.jsx?t=1787457120182:154
[     919ms] [LOG] [LandingPage] Observer created for: apps placeholder id: section-apps @ http://localhost:3100/src/components/landing/LandingPage.jsx?t=1787457120182:154
[     919ms] [LOG] [LandingPage] Observer created for: features placeholder id: section-features @ http://localhost:3100/src/components/landing/LandingPage.jsx?t=1787457120182:154
[     919ms] [LOG] [LandingPage] Observer created for: problem placeholder id: section-problem @ http://localhost:3100/src/components/landing/LandingPage.jsx?t=1787457120182:154
[     919ms] [LOG] [LandingPage] Observer created for: workflow placeholder id: section-workflow @ http://localhost:3100/src/components/landing/LandingPage.jsx?t=1787457120182:154
[     919ms] [LOG] [LandingPage] Observer created for: comparison placeholder id: section-comparison @ http://localhost:3100/src/components/landing/LandingPage.jsx?t=1787457120182:154
[     919ms] [LOG] [LandingPage] Observer created for: value placeholder id: section-value @ http://localhost:3100/src/components/landing/LandingPage.jsx?t=1787457120182:154
[     919ms] [LOG] [LandingPage] Observer created for: agency placeholder id: section-agency @ http://localhost:3100/src/components/landing/LandingPage.jsx?t=1787457120182:154
[     919ms] [LOG] [LandingPage] Observer created for: offer placeholder id: section-offer @ http://localhost:3100/src/components/landing/LandingPage.jsx?t=1787457120182:154
[     919ms] [LOG] [LandingPage] Observer created for: cta placeholder id: section-cta @ http://localhost:3100/src/components/landing/LandingPage.jsx?t=1787457120182:154
[     919ms] [LOG] [LandingPage] Observer created for: ai-workflow placeholder id: section-ai-workflow @ http://localhost:3100/src/components/landing/LandingPage.jsx?t=1787457120182:154
[     919ms] [LOG] [LandingPage] Observer created for: made-with placeholder id: section-made-with @ http://localhost:3100/src/components/landing/LandingPage.jsx?t=1787457120182:154
[     919ms] [LOG] [LandingPage] Observer created for: ugc placeholder id: section-ugc @ http://localhost:3100/src/components/landing/LandingPage.jsx?t=1787457120182:154
[     919ms] [LOG] [LandingPage] Observer created for: gallery placeholder id: section-gallery @ http://localhost:3100/src/components/landing/LandingPage.jsx?t=1787457120182:154
[     919ms] [LOG] [LandingPage] Observer created for: academy placeholder id: section-academy @ http://localhost:3100/src/components/landing/LandingPage.jsx?t=1787457120182:154
[     919ms] [LOG] [LandingPage] Observer created for: repo-cinema placeholder id: section-repo-cinema @ http://localhost:3100/src/components/landing/LandingPage.jsx?t=1787457120182:154
[     919ms] [LOG] [LandingPage] Observer created for: repo-commercial placeholder id: section-repo-commercial @ http://localhost:3100/src/components/landing/LandingPage.jsx?t=1787457120182:154
[     919ms] [LOG] [LandingPage] Observer created for: repo-social-ads placeholder id: section-repo-social-ads @ http://localhost:3100/src/components/landing/LandingPage.jsx?t=1787457120182:154
[     919ms] [LOG] [LandingPage] Observer created for: repo-narrative placeholder id: section-repo-narrative @ http://localhost:3100/src/components/landing/LandingPage.jsx?t=1787457120182:154
[     919ms] [LOG] [LandingPage] Observer created for: repo-vertical placeholder id: section-repo-vertical @ http://localhost:3100/src/components/landing/LandingPage.jsx?t=1787457120182:154
[     920ms] [LOG] [LandingPage] Observer created for: repo-ecommerce placeholder id: section-repo-ecommerce @ http://localhost:3100/src/components/landing/LandingPage.jsx?t=1787457120182:154
[     920ms] [LOG] [LandingPage] Observer created for: repo-kinetic placeholder id: section-repo-kinetic @ http://localhost:3100/src/components/landing/LandingPage.jsx?t=1787457120182:154
[     920ms] [LOG] [LandingPage] Observer created for: repo-animated placeholder id: section-repo-animated @ http://localhost:3100/src/components/landing/LandingPage.jsx?t=1787457120182:154
[     920ms] [LOG] [LandingPage] Observer created for: repo-animation placeholder id: section-repo-animation @ http://localhost:3100/src/components/landing/LandingPage.jsx?t=1787457120182:154
[     920ms] [LOG] [LandingPage] Observer created for: repo-reference placeholder id: section-repo-reference @ http://localhost:3100/src/components/landing/LandingPage.jsx?t=1787457120182:154
[     920ms] [LOG] [LandingPage] Observer created for: repo-vfx placeholder id: section-repo-vfx @ http://localhost:3100/src/components/landing/LandingPage.jsx?t=1787457120182:154
[     920ms] [LOG] [LandingPage] Observer created for: repo-fashion placeholder id: section-repo-fashion @ http://localhost:3100/src/components/landing/LandingPage.jsx?t=1787457120182:154
[     920ms] [LOG] [LandingPage] Observer created for: repos placeholder id: section-repos @ http://localhost:3100/src/components/landing/LandingPage.jsx?t=1787457120182:154
[     920ms] [LOG] [LandingPage] Observer created for: gtm-boost placeholder id: section-gtm-boost @ http://localhost:3100/src/components/landing/LandingPage.jsx?t=1787457120182:154
[     920ms] [LOG] [App] Landing page rendered @ http://localhost:3100/src/main.js?t=1787457120182:88
[     938ms] [LOG] [LandingPage] IntersectionObserver fired for gallery [Object] @ http://localhost:3100/src/components/landing/LandingPage.jsx?t=1787457120182:119
[     938ms] [LOG] [LandingPage] Loading section: gallery @ http://localhost:3100/src/components/landing/LandingPage.jsx?t=1787457120182:122
[     938ms] [LOG] [LandingPage] IntersectionObserver fired for repo-fashion [Object] @ http://localhost:3100/src/components/landing/LandingPage.jsx?t=1787457120182:119
[     938ms] [LOG] [LandingPage] Loading section: repo-fashion @ http://localhost:3100/src/components/landing/LandingPage.jsx?t=1787457120182:122
[     939ms] [LOG] [LandingPage] IntersectionObserver fired for repo-vertical [Object] @ http://localhost:3100/src/components/landing/LandingPage.jsx?t=1787457120182:119
[     939ms] [LOG] [LandingPage] Loading section: repo-vertical @ http://localhost:3100/src/components/landing/LandingPage.jsx?t=1787457120182:122
[     939ms] [LOG] [LandingPage] IntersectionObserver fired for cta [Object] @ http://localhost:3100/src/components/landing/LandingPage.jsx?t=1787457120182:119
[     939ms] [LOG] [LandingPage] Loading section: cta @ http://localhost:3100/src/components/landing/LandingPage.jsx?t=1787457120182:122
[     940ms] [LOG] [LandingPage] IntersectionObserver fired for made-with [Object] @ http://localhost:3100/src/components/landing/LandingPage.jsx?t=1787457120182:119
[     940ms] [LOG] [LandingPage] Loading section: made-with @ http://localhost:3100/src/components/landing/LandingPage.jsx?t=1787457120182:122
[     940ms] [LOG] [LandingPage] IntersectionObserver fired for agency [Object] @ http://localhost:3100/src/components/landing/LandingPage.jsx?t=1787457120182:119
[     940ms] [LOG] [LandingPage] Loading section: agency @ http://localhost:3100/src/components/landing/LandingPage.jsx?t=1787457120182:122
[     940ms] [LOG] [LandingPage] IntersectionObserver fired for repo-narrative [Object] @ http://localhost:3100/src/components/landing/LandingPage.jsx?t=1787457120182:119
[     940ms] [LOG] [LandingPage] Loading section: repo-narrative @ http://localhost:3100/src/components/landing/LandingPage.jsx?t=1787457120182:122
[     941ms] [LOG] [LandingPage] IntersectionObserver fired for repo-kinetic [Object] @ http://localhost:3100/src/components/landing/LandingPage.jsx?t=1787457120182:119
[     941ms] [LOG] [LandingPage] Loading section: repo-kinetic @ http://localhost:3100/src/components/landing/LandingPage.jsx?t=1787457120182:122
[     941ms] [LOG] [LandingPage] IntersectionObserver fired for features [Object] @ http://localhost:3100/src/components/landing/LandingPage.jsx?t=1787457120182:119
[     941ms] [LOG] [LandingPage] Loading section: features @ http://localhost:3100/src/components/landing/LandingPage.jsx?t=1787457120182:122
[     941ms] [LOG] [LandingPage] IntersectionObserver fired for gtm-boost [Object] @ http://localhost:3100/src/components/landing/LandingPage.jsx?t=1787457120182:119
[     941ms] [LOG] [LandingPage] Loading section: gtm-boost @ http://localhost:3100/src/components/landing/LandingPage.jsx?t=1787457120182:122
[     941ms] [LOG] [LandingPage] IntersectionObserver fired for ugc [Object] @ http://localhost:3100/src/components/landing/LandingPage.jsx?t=1787457120182:119
[     942ms] [LOG] [LandingPage] Loading section: ugc @ http://localhost:3100/src/components/landing/LandingPage.jsx?t=1787457120182:122
[     942ms] [LOG] [LandingPage] IntersectionObserver fired for problem [Object] @ http://localhost:3100/src/components/landing/LandingPage.jsx?t=1787457120182:119
[     942ms] [LOG] [LandingPage] Loading section: problem @ http://localhost:3100/src/components/landing/LandingPage.jsx?t=1787457120182:122
[     942ms] [LOG] [LandingPage] IntersectionObserver fired for academy [Object] @ http://localhost:3100/src/components/landing/LandingPage.jsx?t=1787457120182:119
[     942ms] [LOG] [LandingPage] Loading section: academy @ http://localhost:3100/src/components/landing/LandingPage.jsx?t=1787457120182:122
[     942ms] [LOG] [LandingPage] IntersectionObserver fired for comparison [Object] @ http://localhost:3100/src/components/landing/LandingPage.jsx?t=1787457120182:119
[     943ms] [LOG] [LandingPage] Loading section: comparison @ http://localhost:3100/src/components/landing/LandingPage.jsx?t=1787457120182:122
[     943ms] [LOG] [LandingPage] IntersectionObserver fired for hook [Object] @ http://localhost:3100/src/components/landing/LandingPage.jsx?t=1787457120182:119
[     943ms] [LOG] [LandingPage] Loading section: hook @ http://localhost:3100/src/components/landing/LandingPage.jsx?t=1787457120182:122
[     943ms] [LOG] [LandingPage] IntersectionObserver fired for repos [Object] @ http://localhost:3100/src/components/landing/LandingPage.jsx?t=1787457120182:119
[     943ms] [LOG] [LandingPage] Loading section: repos @ http://localhost:3100/src/components/landing/LandingPage.jsx?t=1787457120182:122
[     943ms] [LOG] [LandingPage] IntersectionObserver fired for apps [Object] @ http://localhost:3100/src/components/landing/LandingPage.jsx?t=1787457120182:119
[     943ms] [LOG] [LandingPage] Loading section: apps @ http://localhost:3100/src/components/landing/LandingPage.jsx?t=1787457120182:122
[     944ms] [LOG] [LandingPage] IntersectionObserver fired for scrolling [Object] @ http://localhost:3100/src/components/landing/LandingPage.jsx?t=1787457120182:119
[     944ms] [LOG] [LandingPage] Loading section: scrolling @ http://localhost:3100/src/components/landing/LandingPage.jsx?t=1787457120182:122
[     944ms] [LOG] [LandingPage] IntersectionObserver fired for workflow [Object] @ http://localhost:3100/src/components/landing/LandingPage.jsx?t=1787457120182:119
[     944ms] [LOG] [LandingPage] Loading section: workflow @ http://localhost:3100/src/components/landing/LandingPage.jsx?t=1787457120182:122
[     944ms] [LOG] [LandingPage] IntersectionObserver fired for engines [Object] @ http://localhost:3100/src/components/landing/LandingPage.jsx?t=1787457120182:119
[     944ms] [LOG] [LandingPage] Loading section: engines @ http://localhost:3100/src/components/landing/LandingPage.jsx?t=1787457120182:122
[     944ms] [LOG] [LandingPage] IntersectionObserver fired for repo-reference [Object] @ http://localhost:3100/src/components/landing/LandingPage.jsx?t=1787457120182:119
[     945ms] [LOG] [LandingPage] Loading section: repo-reference @ http://localhost:3100/src/components/landing/LandingPage.jsx?t=1787457120182:122
[     945ms] [LOG] [LandingPage] IntersectionObserver fired for repo-animation [Object] @ http://localhost:3100/src/components/landing/LandingPage.jsx?t=1787457120182:119
[     945ms] [LOG] [LandingPage] Loading section: repo-animation @ http://localhost:3100/src/components/landing/LandingPage.jsx?t=1787457120182:122
[     945ms] [LOG] [LandingPage] IntersectionObserver fired for repo-commercial [Object] @ http://localhost:3100/src/components/landing/LandingPage.jsx?t=1787457120182:119
[     945ms] [LOG] [LandingPage] Loading section: repo-commercial @ http://localhost:3100/src/components/landing/LandingPage.jsx?t=1787457120182:122
[     945ms] [LOG] [LandingPage] IntersectionObserver fired for repo-social-ads [Object] @ http://localhost:3100/src/components/landing/LandingPage.jsx?t=1787457120182:119
[     945ms] [LOG] [LandingPage] Loading section: repo-social-ads @ http://localhost:3100/src/components/landing/LandingPage.jsx?t=1787457120182:122
[     945ms] [LOG] [LandingPage] IntersectionObserver fired for repo-ecommerce [Object] @ http://localhost:3100/src/components/landing/LandingPage.jsx?t=1787457120182:119
[     945ms] [LOG] [LandingPage] Loading section: repo-ecommerce @ http://localhost:3100/src/components/landing/LandingPage.jsx?t=1787457120182:122
[     945ms] [LOG] [LandingPage] IntersectionObserver fired for offer [Object] @ http://localhost:3100/src/components/landing/LandingPage.jsx?t=1787457120182:119
[     945ms] [LOG] [LandingPage] Loading section: offer @ http://localhost:3100/src/components/landing/LandingPage.jsx?t=1787457120182:122
[     946ms] [LOG] [LandingPage] IntersectionObserver fired for value [Object] @ http://localhost:3100/src/components/landing/LandingPage.jsx?t=1787457120182:119
[     946ms] [LOG] [LandingPage] Loading section: value @ http://localhost:3100/src/components/landing/LandingPage.jsx?t=1787457120182:122
[     946ms] [LOG] [LandingPage] IntersectionObserver fired for repo-animated [Object] @ http://localhost:3100/src/components/landing/LandingPage.jsx?t=1787457120182:119
[     947ms] [LOG] [LandingPage] Loading section: repo-animated @ http://localhost:3100/src/components/landing/LandingPage.jsx?t=1787457120182:122
[     947ms] [LOG] [LandingPage] IntersectionObserver fired for ai-workflow [Object] @ http://localhost:3100/src/components/landing/LandingPage.jsx?t=1787457120182:119
[     947ms] [LOG] [LandingPage] Loading section: ai-workflow @ http://localhost:3100/src/components/landing/LandingPage.jsx?t=1787457120182:122
[     947ms] [LOG] [LandingPage] IntersectionObserver fired for repo-vfx [Object] @ http://localhost:3100/src/components/landing/LandingPage.jsx?t=1787457120182:119
[     947ms] [LOG] [LandingPage] Loading section: repo-vfx @ http://localhost:3100/src/components/landing/LandingPage.jsx?t=1787457120182:122
[     947ms] [LOG] [LandingPage] IntersectionObserver fired for repo-cinema [Object] @ http://localhost:3100/src/components/landing/LandingPage.jsx?t=1787457120182:119
[     948ms] [LOG] [LandingPage] Loading section: repo-cinema @ http://localhost:3100/src/components/landing/LandingPage.jsx?t=1787457120182:122
[    1211ms] [LOG] [LandingPage] Section loaded: cta @ http://localhost:3100/src/components/landing/LandingPage.jsx?t=1787457120182:141
[    1347ms] [LOG] [LandingPage] Section loaded: gallery @ http://localhost:3100/src/components/landing/LandingPage.jsx?t=1787457120182:141
[    1351ms] [LOG] [LandingPage] Section loaded: repo-vfx @ http://localhost:3100/src/components/landing/LandingPage.jsx?t=1787457120182:141
[    1354ms] [LOG] [LandingPage] Section loaded: repo-reference @ http://localhost:3100/src/components/landing/LandingPage.jsx?t=1787457120182:141
[    1358ms] [LOG] [LandingPage] Section loaded: repo-vertical @ http://localhost:3100/src/components/landing/LandingPage.jsx?t=1787457120182:141
[    1361ms] [LOG] [LandingPage] Section loaded: repo-social-ads @ http://localhost:3100/src/components/landing/LandingPage.jsx?t=1787457120182:141
[    1367ms] [LOG] [LandingPage] Section loaded: repo-kinetic @ http://localhost:3100/src/components/landing/LandingPage.jsx?t=1787457120182:141
[    1372ms] [LOG] [LandingPage] Section loaded: repo-commercial @ http://localhost:3100/src/components/landing/LandingPage.jsx?t=1787457120182:141
[    1375ms] [LOG] [LandingPage] Section loaded: repo-animated @ http://localhost:3100/src/components/landing/LandingPage.jsx?t=1787457120182:141
[    1378ms] [LOG] [LandingPage] Section loaded: repo-ecommerce @ http://localhost:3100/src/components/landing/LandingPage.jsx?t=1787457120182:141
[    1382ms] [LOG] [LandingPage] Section loaded: repo-cinema @ http://localhost:3100/src/components/landing/LandingPage.jsx?t=1787457120182:141
[    1384ms] [LOG] [LandingPage] Section loaded: repo-fashion @ http://localhost:3100/src/components/landing/LandingPage.jsx?t=1787457120182:141
[    1389ms] [LOG] [LandingPage] Section loaded: repo-narrative @ http://localhost:3100/src/components/landing/LandingPage.jsx?t=1787457120182:141
[    1391ms] [LOG] [LandingPage] Section loaded: repo-animation @ http://localhost:3100/src/components/landing/LandingPage.jsx?t=1787457120182:141
[    1393ms] [LOG] [LandingPage] Section loaded: agency @ http://localhost:3100/src/components/landing/LandingPage.jsx?t=1787457120182:141
[    1393ms] [LOG] [LandingPage] Section loaded: features @ http://localhost:3100/src/components/landing/LandingPage.jsx?t=1787457120182:141
[    1394ms] [LOG] [LandingPage] Section loaded: problem @ http://localhost:3100/src/components/landing/LandingPage.jsx?t=1787457120182:141
[    1394ms] [LOG] [LandingPage] Section loaded: comparison @ http://localhost:3100/src/components/landing/LandingPage.jsx?t=1787457120182:141
[    1394ms] [LOG] [LandingPage] Section loaded: hook @ http://localhost:3100/src/components/landing/LandingPage.jsx?t=1787457120182:141
[    1397ms] [LOG] [LandingPage] Section loaded: apps @ http://localhost:3100/src/components/landing/LandingPage.jsx?t=1787457120182:141
[    1582ms] [LOG] [LandingPage] Section loaded: scrolling @ http://localhost:3100/src/components/landing/LandingPage.jsx?t=1787457120182:141
[    1583ms] [LOG] [LandingPage] Section loaded: workflow @ http://localhost:3100/src/components/landing/LandingPage.jsx?t=1787457120182:141
[    1587ms] [LOG] [LandingPage] Section loaded: engines @ http://localhost:3100/src/components/landing/LandingPage.jsx?t=1787457120182:141
[    1588ms] [LOG] [LandingPage] Section loaded: offer @ http://localhost:3100/src/components/landing/LandingPage.jsx?t=1787457120182:141
[    1588ms] [LOG] [LandingPage] Section loaded: value @ http://localhost:3100/src/components/landing/LandingPage.jsx?t=1787457120182:141
[    1670ms] [LOG] [LandingPage] Section loaded: made-with @ http://localhost:3100/src/components/landing/LandingPage.jsx?t=1787457120182:141
[    1674ms] [LOG] [LandingPage] Section loaded: ugc @ http://localhost:3100/src/components/landing/LandingPage.jsx?t=1787457120182:141
[    1676ms] [LOG] [LandingPage] Section loaded: gtm-boost @ http://localhost:3100/src/components/landing/LandingPage.jsx?t=1787457120182:141
[    1681ms] [LOG] [LandingPage] Section loaded: academy @ http://localhost:3100/src/components/landing/LandingPage.jsx?t=1787457120182:141
[    1684ms] [LOG] [LandingPage] Section loaded: repos @ http://localhost:3100/src/components/landing/LandingPage.jsx?t=1787457120182:141
[    1740ms] [LOG] [LandingPage] Section loaded: ai-workflow @ http://localhost:3100/src/components/landing/LandingPage.jsx?t=1787457120182:141
[    1784ms] [ERROR] [popcorn-init] FAILED at: plugin-image TypeError: Class constructor SortableElement cannot be invoked without 'new'
    at http://localhost:3100/components/modals/RetargetOptInModal.jsx?t=1787457120182:26:22 @ http://localhost:3100/src/lib/popcornInit.js?t=1787457120182:55
[    1789ms] [INFO] %cDownload the React DevTools for a better development experience: https://react.dev/link/react-devtools font-weight:bold @ http://localhost:3100/node_modules/.vite/deps/chunk-EEAUBQDT.js?v=f1e7275e:20096
[    1789ms] [ERROR] [ModalSystem] mount failed TypeError: Class constructor SortableElement cannot be invoked without 'new'
    at http://localhost:3100/components/modals/RetargetOptInModal.jsx?t=1787457120182:26:22 @ http://localhost:3100/src/main.js?t=1787457120182:329
[    1844ms] [ERROR] [popcorn-init] FAILED at: plugin-jsonTransition TypeError: Class constructor SortableElement cannot be invoked without 'new'
    at http://localhost:3100/components/modals/RetargetOptInModal.jsx?t=1787457120182:26:22 @ http://localhost:3100/src/lib/popcornInit.js?t=1787457120182:55
[    1858ms] [ERROR] [popcorn-init] FAILED at: plugin-lottie-json TypeError: Class constructor SortableElement cannot be invoked without 'new'
    at http://localhost:3100/components/modals/RetargetOptInModal.jsx?t=1787457120182:26:22 @ http://localhost:3100/src/lib/popcornInit.js?t=1787457120182:55
[    1867ms] [LOG] [popcorn-init] OK: plugin-json-button @ http://localhost:3100/src/lib/popcornInit.js?t=1787457120182:48
[    1875ms] [ERROR] [popcorn-init] FAILED at: plugin-personalizedImage TypeError: Class constructor SortableElement cannot be invoked without 'new'
    at http://localhost:3100/components/modals/RetargetOptInModal.jsx?t=1787457120182:26:22 @ http://localhost:3100/src/lib/popcornInit.js?t=1787457120182:55
[    1881ms] [ERROR] [popcorn-init] FAILED at: plugin-loopPlugin TypeError: Class constructor SortableElement cannot be invoked without 'new'
    at http://localhost:3100/components/modals/RetargetOptInModal.jsx?t=1787457120182:26:22 @ http://localhost:3100/src/lib/popcornInit.js?t=1787457120182:55
[    1891ms] [ERROR] [popcorn-init] FAILED at: plugin-pausePlugin TypeError: Class constructor SortableElement cannot be invoked without 'new'
    at http://localhost:3100/components/modals/RetargetOptInModal.jsx?t=1787457120182:26:22 @ http://localhost:3100/src/lib/popcornInit.js?t=1787457120182:55
[    1909ms] [ERROR] [popcorn-init] FAILED at: plugin-form TypeError: Class constructor SortableElement cannot be invoked without 'new'
    at http://localhost:3100/components/modals/RetargetOptInModal.jsx?t=1787457120182:26:22 @ http://localhost:3100/src/lib/popcornInit.js?t=1787457120182:55
[    1918ms] [ERROR] [popcorn-init] FAILED at: plugin-retarget TypeError: Class constructor SortableElement cannot be invoked without 'new'
    at http://localhost:3100/components/modals/RetargetOptInModal.jsx?t=1787457120182:26:22 @ http://localhost:3100/src/lib/popcornInit.js?t=1787457120182:55
[    1926ms] [LOG] [popcorn-init] OK: plugin-popup @ http://localhost:3100/src/lib/popcornInit.js?t=1787457120182:48
[    1934ms] [ERROR] [popcorn-init] FAILED at: plugin-sequencer TypeError: Class constructor SortableElement cannot be invoked without 'new'
    at http://localhost:3100/components/modals/RetargetOptInModal.jsx?t=1787457120182:26:22 @ http://localhost:3100/src/lib/popcornInit.js?t=1787457120182:55
[    1942ms] [ERROR] [popcorn-init] FAILED at: plugin-skip TypeError: Class constructor SortableElement cannot be invoked without 'new'
    at http://localhost:3100/components/modals/RetargetOptInModal.jsx?t=1787457120182:26:22 @ http://localhost:3100/src/lib/popcornInit.js?t=1787457120182:55
[    1975ms] [ERROR] [popcorn-init] FAILED at: plugin-text TypeError: Class constructor SortableElement cannot be invoked without 'new'
    at http://localhost:3100/components/modals/RetargetOptInModal.jsx?t=1787457120182:26:22 @ http://localhost:3100/src/lib/popcornInit.js?t=1787457120182:55
[    1991ms] [LOG] [popcorn-init] OK: plugin-social @ http://localhost:3100/src/lib/popcornInit.js?t=1787457120182:48
[    1998ms] [ERROR] [popcorn-init] FAILED at: plugin-jsonAnimation TypeError: Class constructor SortableElement cannot be invoked without 'new'
    at http://localhost:3100/components/modals/RetargetOptInModal.jsx?t=1787457120182:26:22 @ http://localhost:3100/src/lib/popcornInit.js?t=1787457120182:55
[    2014ms] [LOG] [popcorn-init] OK: plugin-videoTransition @ http://localhost:3100/src/lib/popcornInit.js?t=1787457120182:48
[    2024ms] [ERROR] [popcorn-init] FAILED at: plugin-seethroughtext TypeError: Class constructor SortableElement cannot be invoked without 'new'
    at http://localhost:3100/components/modals/RetargetOptInModal.jsx?t=1787457120182:26:22 @ http://localhost:3100/src/lib/popcornInit.js?t=1787457120182:55
[    2028ms] [LOG] [popcorn-init] OK: plugin-wikipedia @ http://localhost:3100/src/lib/popcornInit.js?t=1787457120182:48
[    2033ms] [ERROR] [popcorn-init] FAILED at: plugin-combined TypeError: Class constructor SortableElement cannot be invoked without 'new'
    at http://localhost:3100/components/modals/RetargetOptInModal.jsx?t=1787457120182:26:22 @ http://localhost:3100/src/lib/popcornInit.js?t=1787457120182:55
[    2042ms] [ERROR] [popcorn-init] FAILED at: plugin-background TypeError: Class constructor SortableElement cannot be invoked without 'new'
    at http://localhost:3100/components/modals/RetargetOptInModal.jsx?t=1787457120182:26:22 @ http://localhost:3100/src/lib/popcornInit.js?t=1787457120182:55
[    2042ms] [LOG] [popcorn-init] SUMMARY: 5/20 plugins registered; FAILED: plugin-image, plugin-jsonTransition, plugin-lottie-json, plugin-personalizedImage, plugin-loopPlugin, plugin-pausePlugin, plugin-form, plugin-retarget, plugin-sequencer, plugin-skip, plugin-text, plugin-jsonAnimation, plugin-seethroughtext, plugin-combined, plugin-background @ http://localhost:3100/src/lib/popcornInit.js?t=1787457120182:60
[    2042ms] [LOG] [popcorn] function 5 @ http://localhost:3100/src/main.js?t=1787457120182:4
[   25521ms] [LOG] [App] Starting initialization... @ http://localhost:3100/src/main.js?t=1787457120182:19
[   25533ms] [LOG] [popcorn-init] OK: jquery @ http://localhost:3100/src/lib/popcornInit.js?t=1787457120182:41
[   25534ms] [LOG] [popcorn-init] OK: jquery-textfill @ http://localhost:3100/src/lib/popcornInit.js?t=1787457120182:48
[   25534ms] [LOG] [popcorn-init] OK: popcorn-core @ http://localhost:3100/src/lib/popcornInit.js?t=1787457120182:48
[   25535ms] [LOG] [popcorn-init] OK: popcorn-ie8 @ http://localhost:3100/src/lib/popcornInit.js?t=1787457120182:48
[   25535ms] [LOG] [popcorn-init] OK: wrapper-common @ http://localhost:3100/src/lib/popcornInit.js?t=1787457120182:48
[   25536ms] [LOG] [popcorn-init] OK: wrapper-html5 @ http://localhost:3100/src/lib/popcornInit.js?t=1787457120182:48
[   25536ms] [LOG] [popcorn-init] OK: wrapper-vrview @ http://localhost:3100/src/lib/popcornInit.js?t=1787457120182:48
[   25537ms] [LOG] [popcorn-init] OK: wrapper-adaptive @ http://localhost:3100/src/lib/popcornInit.js?t=1787457120182:48
[   25537ms] [LOG] [popcorn-init] OK: wrapper-null @ http://localhost:3100/src/lib/popcornInit.js?t=1787457120182:48
[   25537ms] [LOG] [popcorn-init] OK: wrapper-soundcloud @ http://localhost:3100/src/lib/popcornInit.js?t=1787457120182:48
[   25538ms] [LOG] [popcorn-init] OK: wrapper-vimeo @ http://localhost:3100/src/lib/popcornInit.js?t=1787457120182:48
[   25538ms] [LOG] [popcorn-init] OK: wrapper-youtube @ http://localhost:3100/src/lib/popcornInit.js?t=1787457120182:48
[   25538ms] [LOG] [popcorn-init] OK: wrapper-jwplayer @ http://localhost:3100/src/lib/popcornInit.js?t=1787457120182:48
[   25540ms] [LOG] [popcorn-init] OK: player-module @ http://localhost:3100/src/lib/popcornInit.js?t=1787457120182:48
[   25739ms] [INFO] %cDownload the React DevTools for a better development experience: https://react.dev/link/react-devtools font-weight:bold @ http://localhost:3100/node_modules/.vite/deps/chunk-EEAUBQDT.js?v=f1e7275e:20096
[   25741ms] [LOG] [App] Initialized in 220.40ms @ http://localhost:3100/src/main.js?t=1787457120182:164
[   25742ms] [LOG] [App] Navigating to initial page: cinema @ http://localhost:3100/src/main.js?t=1787457120182:165
[   25742ms] [INFO] [App] Dev auth bypass active — skipping setup popup. @ http://localhost:3100/src/main.js?t=1787457120182:176
[   26245ms] [WARNING] Clerk: Clerk has been loaded with development keys. Development instances have strict usage limits and should not be used when deploying your application to production. Learn more: https://clerk.com/docs/deployments/overview @ https://clerk.smartvid.app/npm/@clerk/clerk-js@6/dist/clerk.browser.js:11
[   26324ms] [ERROR] [popcorn-init] FAILED at: plugin-image TypeError: Class constructor SortableElement cannot be invoked without 'new'
    at http://localhost:3100/components/modals/RetargetOptInModal.jsx?t=1787457120182:26:22 @ http://localhost:3100/src/lib/popcornInit.js?t=1787457120182:55
[   26324ms] [ERROR] [ModalSystem] mount failed TypeError: Class constructor SortableElement cannot be invoked without 'new'
    at http://localhost:3100/components/modals/RetargetOptInModal.jsx?t=1787457120182:26:22 @ http://localhost:3100/src/main.js?t=1787457120182:329
[   26332ms] [ERROR] [popcorn-init] FAILED at: plugin-jsonTransition TypeError: Class constructor SortableElement cannot be invoked without 'new'
    at http://localhost:3100/components/modals/RetargetOptInModal.jsx?t=1787457120182:26:22 @ http://localhost:3100/src/lib/popcornInit.js?t=1787457120182:55
[   26347ms] [ERROR] Failed to load resource: the server responded with a status of 400 () @ https://clerk.smartvid.app/v1/environment?__clerk_api_version=2026-05-12&_clerk_js_version=6.29.2&_method=PATCH:0
[   26419ms] [ERROR] [popcorn-init] FAILED at: plugin-lottie-json TypeError: Class constructor SortableElement cannot be invoked without 'new'
    at http://localhost:3100/components/modals/RetargetOptInModal.jsx?t=1787457120182:26:22 @ http://localhost:3100/src/lib/popcornInit.js?t=1787457120182:55
[   26502ms] [LOG] [popcorn-init] OK: plugin-json-button @ http://localhost:3100/src/lib/popcornInit.js?t=1787457120182:48
[   26602ms] [ERROR] [popcorn-init] FAILED at: plugin-personalizedImage TypeError: Class constructor SortableElement cannot be invoked without 'new'
    at http://localhost:3100/components/modals/RetargetOptInModal.jsx?t=1787457120182:26:22 @ http://localhost:3100/src/lib/popcornInit.js?t=1787457120182:55
[   26612ms] [ERROR] [popcorn-init] FAILED at: plugin-loopPlugin TypeError: Class constructor SortableElement cannot be invoked without 'new'
    at http://localhost:3100/components/modals/RetargetOptInModal.jsx?t=1787457120182:26:22 @ http://localhost:3100/src/lib/popcornInit.js?t=1787457120182:55
[   26617ms] [ERROR] [popcorn-init] FAILED at: plugin-pausePlugin TypeError: Class constructor SortableElement cannot be invoked without 'new'
    at http://localhost:3100/components/modals/RetargetOptInModal.jsx?t=1787457120182:26:22 @ http://localhost:3100/src/lib/popcornInit.js?t=1787457120182:55
[   26624ms] [ERROR] [popcorn-init] FAILED at: plugin-form TypeError: Class constructor SortableElement cannot be invoked without 'new'
    at http://localhost:3100/components/modals/RetargetOptInModal.jsx?t=1787457120182:26:22 @ http://localhost:3100/src/lib/popcornInit.js?t=1787457120182:55
[   26633ms] [ERROR] [popcorn-init] FAILED at: plugin-retarget TypeError: Class constructor SortableElement cannot be invoked without 'new'
    at http://localhost:3100/components/modals/RetargetOptInModal.jsx?t=1787457120182:26:22 @ http://localhost:3100/src/lib/popcornInit.js?t=1787457120182:55
[   26637ms] [LOG] [popcorn-init] OK: plugin-popup @ http://localhost:3100/src/lib/popcornInit.js?t=1787457120182:48
[   26643ms] [ERROR] [popcorn-init] FAILED at: plugin-sequencer TypeError: Class constructor SortableElement cannot be invoked without 'new'
    at http://localhost:3100/components/modals/RetargetOptInModal.jsx?t=1787457120182:26:22 @ http://localhost:3100/src/lib/popcornInit.js?t=1787457120182:55
[   26649ms] [ERROR] [popcorn-init] FAILED at: plugin-skip TypeError: Class constructor SortableElement cannot be invoked without 'new'
    at http://localhost:3100/components/modals/RetargetOptInModal.jsx?t=1787457120182:26:22 @ http://localhost:3100/src/lib/popcornInit.js?t=1787457120182:55
[   26672ms] [ERROR] [popcorn-init] FAILED at: plugin-text TypeError: Class constructor SortableElement cannot be invoked without 'new'
    at http://localhost:3100/components/modals/RetargetOptInModal.jsx?t=1787457120182:26:22 @ http://localhost:3100/src/lib/popcornInit.js?t=1787457120182:55
[   26682ms] [LOG] [popcorn-init] OK: plugin-social @ http://localhost:3100/src/lib/popcornInit.js?t=1787457120182:48
[   26688ms] [ERROR] [popcorn-init] FAILED at: plugin-jsonAnimation TypeError: Class constructor SortableElement cannot be invoked without 'new'
    at http://localhost:3100/components/modals/RetargetOptInModal.jsx?t=1787457120182:26:22 @ http://localhost:3100/src/lib/popcornInit.js?t=1787457120182:55
[   26700ms] [LOG] [popcorn-init] OK: plugin-videoTransition @ http://localhost:3100/src/lib/popcornInit.js?t=1787457120182:48
[   26705ms] [ERROR] [popcorn-init] FAILED at: plugin-seethroughtext TypeError: Class constructor SortableElement cannot be invoked without 'new'
    at http://localhost:3100/components/modals/RetargetOptInModal.jsx?t=1787457120182:26:22 @ http://localhost:3100/src/lib/popcornInit.js?t=1787457120182:55
[   26708ms] [LOG] [popcorn-init] OK: plugin-wikipedia @ http://localhost:3100/src/lib/popcornInit.js?t=1787457120182:48
[   26713ms] [ERROR] [popcorn-init] FAILED at: plugin-combined TypeError: Class constructor SortableElement cannot be invoked without 'new'
    at http://localhost:3100/components/modals/RetargetOptInModal.jsx?t=1787457120182:26:22 @ http://localhost:3100/src/lib/popcornInit.js?t=1787457120182:55
[   26719ms] [ERROR] [popcorn-init] FAILED at: plugin-background TypeError: Class constructor SortableElement cannot be invoked without 'new'
    at http://localhost:3100/components/modals/RetargetOptInModal.jsx?t=1787457120182:26:22 @ http://localhost:3100/src/lib/popcornInit.js?t=1787457120182:55
[   26719ms] [LOG] [popcorn-init] SUMMARY: 5/20 plugins registered; FAILED: plugin-image, plugin-jsonTransition, plugin-lottie-json, plugin-personalizedImage, plugin-loopPlugin, plugin-pausePlugin, plugin-form, plugin-retarget, plugin-sequencer, plugin-skip, plugin-text, plugin-jsonAnimation, plugin-seethroughtext, plugin-combined, plugin-background @ http://localhost:3100/src/lib/popcornInit.js?t=1787457120182:60
[   26719ms] [LOG] [popcorn] function 5 @ http://localhost:3100/src/main.js?t=1787457120182:4
