[     416ms] [LOG] [App] Starting initialization... @ http://localhost:3101/src/main.js:19
[     426ms] [LOG] [popcorn-init] OK: jquery @ http://localhost:3101/src/lib/popcornInit.js:41
[     429ms] [LOG] [popcorn-init] OK: jquery-textfill @ http://localhost:3101/src/lib/popcornInit.js:48
[     431ms] [LOG] [popcorn-init] OK: popcorn-core @ http://localhost:3101/src/lib/popcornInit.js:48
[     434ms] [LOG] [popcorn-init] OK: popcorn-ie8 @ http://localhost:3101/src/lib/popcornInit.js:48
[     436ms] [LOG] [popcorn-init] OK: wrapper-common @ http://localhost:3101/src/lib/popcornInit.js:48
[     437ms] [LOG] [popcorn-init] OK: wrapper-html5 @ http://localhost:3101/src/lib/popcornInit.js:48
[     439ms] [LOG] [popcorn-init] OK: wrapper-vrview @ http://localhost:3101/src/lib/popcornInit.js:48
[     440ms] [LOG] [popcorn-init] OK: wrapper-adaptive @ http://localhost:3101/src/lib/popcornInit.js:48
[     441ms] [LOG] [popcorn-init] OK: wrapper-null @ http://localhost:3101/src/lib/popcornInit.js:48
[     443ms] [LOG] [popcorn-init] OK: wrapper-soundcloud @ http://localhost:3101/src/lib/popcornInit.js:48
[     444ms] [LOG] [popcorn-init] OK: wrapper-vimeo @ http://localhost:3101/src/lib/popcornInit.js:48
[     445ms] [LOG] [popcorn-init] OK: wrapper-youtube @ http://localhost:3101/src/lib/popcornInit.js:48
[     448ms] [LOG] [popcorn-init] OK: wrapper-jwplayer @ http://localhost:3101/src/lib/popcornInit.js:48
[     449ms] [LOG] [App] Studio landing page rendered: image @ http://localhost:3101/src/main.js:97
[     450ms] [LOG] [popcorn-init] OK: player-module @ http://localhost:3101/src/lib/popcornInit.js:48
[    3084ms] [ERROR] [popcorn-init] FAILED at: plugin-image TypeError: Class constructor SortableElement cannot be invoked without 'new'
    at http://localhost:3101/components/modals/RetargetOptInModal.jsx:26:22 @ http://localhost:3101/src/lib/popcornInit.js:55
[    3087ms] [INFO] %cDownload the React DevTools for a better development experience: https://react.dev/link/react-devtools font-weight:bold @ http://localhost:3101/node_modules/.vite/deps/chunk-EEAUBQDT.js?v=614e0d00:20096
[    3087ms] [ERROR] [ModalSystem] mount failed TypeError: Class constructor SortableElement cannot be invoked without 'new'
    at http://localhost:3101/components/modals/RetargetOptInModal.jsx:26:22 @ http://localhost:3101/src/main.js:319
[    3095ms] [ERROR] [popcorn-init] FAILED at: plugin-jsonTransition TypeError: Class constructor SortableElement cannot be invoked without 'new'
    at http://localhost:3101/components/modals/RetargetOptInModal.jsx:26:22 @ http://localhost:3101/src/lib/popcornInit.js:55
[    3105ms] [ERROR] [popcorn-init] FAILED at: plugin-lottie-json TypeError: Class constructor SortableElement cannot be invoked without 'new'
    at http://localhost:3101/components/modals/RetargetOptInModal.jsx:26:22 @ http://localhost:3101/src/lib/popcornInit.js:55
[    3115ms] [LOG] [popcorn-init] OK: plugin-json-button @ http://localhost:3101/src/lib/popcornInit.js:48
[    3123ms] [ERROR] [popcorn-init] FAILED at: plugin-personalizedImage TypeError: Class constructor SortableElement cannot be invoked without 'new'
    at http://localhost:3101/components/modals/RetargetOptInModal.jsx:26:22 @ http://localhost:3101/src/lib/popcornInit.js:55
[    3130ms] [ERROR] [popcorn-init] FAILED at: plugin-loopPlugin TypeError: Class constructor SortableElement cannot be invoked without 'new'
    at http://localhost:3101/components/modals/RetargetOptInModal.jsx:26:22 @ http://localhost:3101/src/lib/popcornInit.js:55
[    3135ms] [ERROR] [popcorn-init] FAILED at: plugin-pausePlugin TypeError: Class constructor SortableElement cannot be invoked without 'new'
    at http://localhost:3101/components/modals/RetargetOptInModal.jsx:26:22 @ http://localhost:3101/src/lib/popcornInit.js:55
[    3148ms] [ERROR] [popcorn-init] FAILED at: plugin-form TypeError: Class constructor SortableElement cannot be invoked without 'new'
    at http://localhost:3101/components/modals/RetargetOptInModal.jsx:26:22 @ http://localhost:3101/src/lib/popcornInit.js:55
[    3167ms] [ERROR] [popcorn-init] FAILED at: plugin-retarget TypeError: Class constructor SortableElement cannot be invoked without 'new'
    at http://localhost:3101/components/modals/RetargetOptInModal.jsx:26:22 @ http://localhost:3101/src/lib/popcornInit.js:55
[    3232ms] [LOG] [popcorn-init] OK: plugin-popup @ http://localhost:3101/src/lib/popcornInit.js:48
[    3256ms] [ERROR] [popcorn-init] FAILED at: plugin-sequencer TypeError: Class constructor SortableElement cannot be invoked without 'new'
    at http://localhost:3101/components/modals/RetargetOptInModal.jsx:26:22 @ http://localhost:3101/src/lib/popcornInit.js:55
[    3275ms] [ERROR] [popcorn-init] FAILED at: plugin-skip TypeError: Class constructor SortableElement cannot be invoked without 'new'
    at http://localhost:3101/components/modals/RetargetOptInModal.jsx:26:22 @ http://localhost:3101/src/lib/popcornInit.js:55
[    3320ms] [ERROR] [popcorn-init] FAILED at: plugin-text TypeError: Class constructor SortableElement cannot be invoked without 'new'
    at http://localhost:3101/components/modals/RetargetOptInModal.jsx:26:22 @ http://localhost:3101/src/lib/popcornInit.js:55
[    3332ms] [LOG] [popcorn-init] OK: plugin-social @ http://localhost:3101/src/lib/popcornInit.js:48
[    3339ms] [ERROR] [popcorn-init] FAILED at: plugin-jsonAnimation TypeError: Class constructor SortableElement cannot be invoked without 'new'
    at http://localhost:3101/components/modals/RetargetOptInModal.jsx:26:22 @ http://localhost:3101/src/lib/popcornInit.js:55
[    3359ms] [LOG] [popcorn-init] OK: plugin-videoTransition @ http://localhost:3101/src/lib/popcornInit.js:48
[    3370ms] [ERROR] [popcorn-init] FAILED at: plugin-seethroughtext TypeError: Class constructor SortableElement cannot be invoked without 'new'
    at http://localhost:3101/components/modals/RetargetOptInModal.jsx:26:22 @ http://localhost:3101/src/lib/popcornInit.js:55
[    3380ms] [LOG] [popcorn-init] OK: plugin-wikipedia @ http://localhost:3101/src/lib/popcornInit.js:48
[    3387ms] [ERROR] [popcorn-init] FAILED at: plugin-combined TypeError: Class constructor SortableElement cannot be invoked without 'new'
    at http://localhost:3101/components/modals/RetargetOptInModal.jsx:26:22 @ http://localhost:3101/src/lib/popcornInit.js:55
[    3393ms] [ERROR] [popcorn-init] FAILED at: plugin-background TypeError: Class constructor SortableElement cannot be invoked without 'new'
    at http://localhost:3101/components/modals/RetargetOptInModal.jsx:26:22 @ http://localhost:3101/src/lib/popcornInit.js:55
[    3393ms] [LOG] [popcorn-init] SUMMARY: 5/20 plugins registered; FAILED: plugin-image, plugin-jsonTransition, plugin-lottie-json, plugin-personalizedImage, plugin-loopPlugin, plugin-pausePlugin, plugin-form, plugin-retarget, plugin-sequencer, plugin-skip, plugin-text, plugin-jsonAnimation, plugin-seethroughtext, plugin-combined, plugin-background @ http://localhost:3101/src/lib/popcornInit.js:60
[    3394ms] [LOG] [popcorn] function 5 @ http://localhost:3101/src/main.js:4
[  114608ms] [LOG] [App] Starting initialization... @ http://localhost:3101/src/main.js?t=1787330061498:19
[  114638ms] [LOG] [popcorn-init] OK: jquery @ http://localhost:3101/src/lib/popcornInit.js:41
[  114640ms] [LOG] [popcorn-init] OK: jquery-textfill @ http://localhost:3101/src/lib/popcornInit.js:48
[  114644ms] [LOG] [popcorn-init] OK: popcorn-core @ http://localhost:3101/src/lib/popcornInit.js:48
[  114646ms] [LOG] [popcorn-init] OK: popcorn-ie8 @ http://localhost:3101/src/lib/popcornInit.js:48
[  114647ms] [LOG] [popcorn-init] OK: wrapper-common @ http://localhost:3101/src/lib/popcornInit.js:48
[  114648ms] [LOG] [popcorn-init] OK: wrapper-html5 @ http://localhost:3101/src/lib/popcornInit.js:48
[  114648ms] [LOG] [popcorn-init] OK: wrapper-vrview @ http://localhost:3101/src/lib/popcornInit.js:48
[  114649ms] [LOG] [popcorn-init] OK: wrapper-adaptive @ http://localhost:3101/src/lib/popcornInit.js:48
[  114649ms] [LOG] [popcorn-init] OK: wrapper-null @ http://localhost:3101/src/lib/popcornInit.js:48
[  114650ms] [LOG] [popcorn-init] OK: wrapper-soundcloud @ http://localhost:3101/src/lib/popcornInit.js:48
[  114650ms] [LOG] [popcorn-init] OK: wrapper-vimeo @ http://localhost:3101/src/lib/popcornInit.js:48
[  114651ms] [LOG] [popcorn-init] OK: wrapper-youtube @ http://localhost:3101/src/lib/popcornInit.js:48
[  114652ms] [LOG] [popcorn-init] OK: wrapper-jwplayer @ http://localhost:3101/src/lib/popcornInit.js:48
[  114655ms] [LOG] [popcorn-init] OK: player-module @ http://localhost:3101/src/lib/popcornInit.js:48
[  116384ms] [LOG] [App] Studio landing page rendered: image @ http://localhost:3101/src/main.js?t=1787330061498:97
[  118996ms] [INFO] %cDownload the React DevTools for a better development experience: https://react.dev/link/react-devtools font-weight:bold @ http://localhost:3101/node_modules/.vite/deps/chunk-EEAUBQDT.js?v=614e0d00:20096
[  119004ms] [ERROR] [ModalSystem] mount failed TypeError: Class constructor SortableElement cannot be invoked without 'new'
    at http://localhost:3101/components/modals/RetargetOptInModal.jsx:26:22 @ http://localhost:3101/src/main.js?t=1787330061498:319
[  119008ms] [ERROR] [popcorn-init] FAILED at: plugin-image TypeError: Class constructor SortableElement cannot be invoked without 'new'
    at http://localhost:3101/components/modals/RetargetOptInModal.jsx:26:22 @ http://localhost:3101/src/lib/popcornInit.js:55
[  119028ms] [ERROR] [popcorn-init] FAILED at: plugin-jsonTransition TypeError: Class constructor SortableElement cannot be invoked without 'new'
    at http://localhost:3101/components/modals/RetargetOptInModal.jsx:26:22 @ http://localhost:3101/src/lib/popcornInit.js:55
[  119045ms] [ERROR] [popcorn-init] FAILED at: plugin-lottie-json TypeError: Class constructor SortableElement cannot be invoked without 'new'
    at http://localhost:3101/components/modals/RetargetOptInModal.jsx:26:22 @ http://localhost:3101/src/lib/popcornInit.js:55
[  119061ms] [LOG] [popcorn-init] OK: plugin-json-button @ http://localhost:3101/src/lib/popcornInit.js:48
[  119078ms] [ERROR] [popcorn-init] FAILED at: plugin-personalizedImage TypeError: Class constructor SortableElement cannot be invoked without 'new'
    at http://localhost:3101/components/modals/RetargetOptInModal.jsx:26:22 @ http://localhost:3101/src/lib/popcornInit.js:55
[  119089ms] [ERROR] [popcorn-init] FAILED at: plugin-loopPlugin TypeError: Class constructor SortableElement cannot be invoked without 'new'
    at http://localhost:3101/components/modals/RetargetOptInModal.jsx:26:22 @ http://localhost:3101/src/lib/popcornInit.js:55
[  119095ms] [ERROR] [popcorn-init] FAILED at: plugin-pausePlugin TypeError: Class constructor SortableElement cannot be invoked without 'new'
    at http://localhost:3101/components/modals/RetargetOptInModal.jsx:26:22 @ http://localhost:3101/src/lib/popcornInit.js:55
[  119376ms] [ERROR] [popcorn-init] FAILED at: plugin-form TypeError: Class constructor SortableElement cannot be invoked without 'new'
    at http://localhost:3101/components/modals/RetargetOptInModal.jsx:26:22 @ http://localhost:3101/src/lib/popcornInit.js:55
[  119397ms] [ERROR] [popcorn-init] FAILED at: plugin-retarget TypeError: Class constructor SortableElement cannot be invoked without 'new'
    at http://localhost:3101/components/modals/RetargetOptInModal.jsx:26:22 @ http://localhost:3101/src/lib/popcornInit.js:55
[  119410ms] [LOG] [popcorn-init] OK: plugin-popup @ http://localhost:3101/src/lib/popcornInit.js:48
[  119450ms] [ERROR] [popcorn-init] FAILED at: plugin-sequencer TypeError: Class constructor SortableElement cannot be invoked without 'new'
    at http://localhost:3101/components/modals/RetargetOptInModal.jsx:26:22 @ http://localhost:3101/src/lib/popcornInit.js:55
[  119471ms] [ERROR] [popcorn-init] FAILED at: plugin-skip TypeError: Class constructor SortableElement cannot be invoked without 'new'
    at http://localhost:3101/components/modals/RetargetOptInModal.jsx:26:22 @ http://localhost:3101/src/lib/popcornInit.js:55
[  119628ms] [ERROR] [popcorn-init] FAILED at: plugin-text TypeError: Class constructor SortableElement cannot be invoked without 'new'
    at http://localhost:3101/components/modals/RetargetOptInModal.jsx:26:22 @ http://localhost:3101/src/lib/popcornInit.js:55
[  119649ms] [LOG] [popcorn-init] OK: plugin-social @ http://localhost:3101/src/lib/popcornInit.js:48
[  119663ms] [ERROR] [popcorn-init] FAILED at: plugin-jsonAnimation TypeError: Class constructor SortableElement cannot be invoked without 'new'
    at http://localhost:3101/components/modals/RetargetOptInModal.jsx:26:22 @ http://localhost:3101/src/lib/popcornInit.js:55
[  119701ms] [LOG] [popcorn-init] OK: plugin-videoTransition @ http://localhost:3101/src/lib/popcornInit.js:48
[  119711ms] [ERROR] [popcorn-init] FAILED at: plugin-seethroughtext TypeError: Class constructor SortableElement cannot be invoked without 'new'
    at http://localhost:3101/components/modals/RetargetOptInModal.jsx:26:22 @ http://localhost:3101/src/lib/popcornInit.js:55
[  119719ms] [LOG] [popcorn-init] OK: plugin-wikipedia @ http://localhost:3101/src/lib/popcornInit.js:48
[  119866ms] [ERROR] [popcorn-init] FAILED at: plugin-combined TypeError: Class constructor SortableElement cannot be invoked without 'new'
    at http://localhost:3101/components/modals/RetargetOptInModal.jsx:26:22 @ http://localhost:3101/src/lib/popcornInit.js:55
[  119896ms] [ERROR] [popcorn-init] FAILED at: plugin-background TypeError: Class constructor SortableElement cannot be invoked without 'new'
    at http://localhost:3101/components/modals/RetargetOptInModal.jsx:26:22 @ http://localhost:3101/src/lib/popcornInit.js:55
[  119896ms] [LOG] [popcorn-init] SUMMARY: 5/20 plugins registered; FAILED: plugin-image, plugin-jsonTransition, plugin-lottie-json, plugin-personalizedImage, plugin-loopPlugin, plugin-pausePlugin, plugin-form, plugin-retarget, plugin-sequencer, plugin-skip, plugin-text, plugin-jsonAnimation, plugin-seethroughtext, plugin-combined, plugin-background @ http://localhost:3101/src/lib/popcornInit.js:60
[  119897ms] [LOG] [popcorn] function 5 @ http://localhost:3101/src/main.js?t=1787330061498:4
[  133942ms] [LOG] [vite] server connection lost. Polling for restart... @ http://localhost:3101/@vite/client:559
[  133960ms] [ERROR] Failed to load resource: net::ERR_CONNECTION_REFUSED @ http://localhost:3101/:0
[  134965ms] [ERROR] Failed to load resource: net::ERR_CONNECTION_REFUSED @ http://localhost:3101/:0
[  135970ms] [ERROR] Failed to load resource: net::ERR_CONNECTION_REFUSED @ http://localhost:3101/:0
[  136975ms] [ERROR] Failed to load resource: net::ERR_CONNECTION_REFUSED @ http://localhost:3101/:0
[  137979ms] [ERROR] Failed to load resource: net::ERR_CONNECTION_REFUSED @ http://localhost:3101/:0
[  138984ms] [ERROR] Failed to load resource: net::ERR_CONNECTION_REFUSED @ http://localhost:3101/:0
[  139987ms] [ERROR] Failed to load resource: net::ERR_CONNECTION_REFUSED @ http://localhost:3101/:0
[  140990ms] [ERROR] Failed to load resource: net::ERR_CONNECTION_REFUSED @ http://localhost:3101/:0
[  141993ms] [ERROR] Failed to load resource: net::ERR_CONNECTION_REFUSED @ http://localhost:3101/:0
[  142997ms] [ERROR] Failed to load resource: net::ERR_CONNECTION_REFUSED @ http://localhost:3101/:0
[  144001ms] [ERROR] Failed to load resource: net::ERR_CONNECTION_REFUSED @ http://localhost:3101/:0
[  145010ms] [ERROR] Failed to load resource: net::ERR_CONNECTION_REFUSED @ http://localhost:3101/:0
[  146014ms] [ERROR] Failed to load resource: net::ERR_CONNECTION_REFUSED @ http://localhost:3101/:0
[  147019ms] [ERROR] Failed to load resource: net::ERR_CONNECTION_REFUSED @ http://localhost:3101/:0
[  148026ms] [ERROR] Failed to load resource: net::ERR_CONNECTION_REFUSED @ http://localhost:3101/:0
[  149029ms] [ERROR] Failed to load resource: net::ERR_CONNECTION_REFUSED @ http://localhost:3101/:0
[  150038ms] [ERROR] Failed to load resource: net::ERR_CONNECTION_REFUSED @ http://localhost:3101/:0
[  151042ms] [ERROR] Failed to load resource: net::ERR_CONNECTION_REFUSED @ http://localhost:3101/:0
[  152045ms] [ERROR] Failed to load resource: net::ERR_CONNECTION_REFUSED @ http://localhost:3101/:0
[  153048ms] [ERROR] Failed to load resource: net::ERR_CONNECTION_REFUSED @ http://localhost:3101/:0
[  154053ms] [ERROR] Failed to load resource: net::ERR_CONNECTION_REFUSED @ http://localhost:3101/:0
[  155058ms] [ERROR] Failed to load resource: net::ERR_CONNECTION_REFUSED @ http://localhost:3101/:0
[  156067ms] [ERROR] Failed to load resource: net::ERR_CONNECTION_REFUSED @ http://localhost:3101/:0
[  157076ms] [ERROR] Failed to load resource: net::ERR_CONNECTION_REFUSED @ http://localhost:3101/:0
[  158086ms] [ERROR] Failed to load resource: net::ERR_CONNECTION_REFUSED @ http://localhost:3101/:0
[  159099ms] [ERROR] Failed to load resource: net::ERR_CONNECTION_REFUSED @ http://localhost:3101/:0
[  160111ms] [ERROR] Failed to load resource: net::ERR_CONNECTION_REFUSED @ http://localhost:3101/:0
[  161114ms] [ERROR] Failed to load resource: net::ERR_CONNECTION_REFUSED @ http://localhost:3101/:0
[  162127ms] [ERROR] Failed to load resource: net::ERR_CONNECTION_REFUSED @ http://localhost:3101/:0
[  163130ms] [ERROR] Failed to load resource: net::ERR_CONNECTION_REFUSED @ http://localhost:3101/:0
