[    2481ms] [LOG] [App] Starting initialization... @ http://localhost:3101/src/main.js:19
[    2539ms] [LOG] [popcorn-init] OK: jquery @ http://localhost:3101/src/lib/popcornInit.js:41
[    2549ms] [LOG] [popcorn-init] OK: jquery-textfill @ http://localhost:3101/src/lib/popcornInit.js:48
[    2569ms] [LOG] [popcorn-init] OK: popcorn-core @ http://localhost:3101/src/lib/popcornInit.js:48
[    2579ms] [LOG] [popcorn-init] OK: popcorn-ie8 @ http://localhost:3101/src/lib/popcornInit.js:48
[    2587ms] [LOG] [popcorn-init] OK: wrapper-common @ http://localhost:3101/src/lib/popcornInit.js:48
[    2595ms] [LOG] [popcorn-init] OK: wrapper-html5 @ http://localhost:3101/src/lib/popcornInit.js:48
[    2601ms] [LOG] [popcorn-init] OK: wrapper-vrview @ http://localhost:3101/src/lib/popcornInit.js:48
[    2610ms] [LOG] [popcorn-init] OK: wrapper-adaptive @ http://localhost:3101/src/lib/popcornInit.js:48
[    2617ms] [LOG] [popcorn-init] OK: wrapper-null @ http://localhost:3101/src/lib/popcornInit.js:48
[    2624ms] [LOG] [popcorn-init] OK: wrapper-soundcloud @ http://localhost:3101/src/lib/popcornInit.js:48
[    2628ms] [LOG] [popcorn-init] OK: wrapper-vimeo @ http://localhost:3101/src/lib/popcornInit.js:48
[    2633ms] [LOG] [popcorn-init] OK: wrapper-youtube @ http://localhost:3101/src/lib/popcornInit.js:48
[    2637ms] [LOG] [popcorn-init] OK: wrapper-jwplayer @ http://localhost:3101/src/lib/popcornInit.js:48
[    2642ms] [LOG] [popcorn-init] OK: player-module @ http://localhost:3101/src/lib/popcornInit.js:48
[    3612ms] [LOG] [App] Studio landing page rendered: image @ http://localhost:3101/src/main.js:97
[    3615ms] [ERROR] [2026-08-21T16:26:22.500Z] [ERROR] Unhandled promise rejection | {"reason":"createStudioLandingPage is not defined"} @ http://localhost:3101/src/lib/logger.js:84
[    3615ms] [ERROR] ReferenceError: createStudioLandingPage is not defined
    at renderStudioLandingPage (http://localhost:3101/src/components/landing/StudioLandingPage.js:394:28)
    at http://localhost:3101/src/main.js:97:7 @ http://localhost:3101/src/lib/logger.js:85
[    3618ms] [ERROR] [Unhandled Promise Rejection] ReferenceError: createStudioLandingPage is not defined
    at renderStudioLandingPage (http://localhost:3101/src/components/landing/StudioLandingPage.js:394:28)
    at http://localhost:3101/src/main.js:97:7 @ http://localhost:3101/src/main.js:33
[    3618ms] [LOG] [Analytics] error {errorType: unhandled_rejection, message: createStudioLandingPage is not defined} @ http://localhost:3101/src/lib/analytics.js:36
[    3632ms] ReferenceError: createStudioLandingPage is not defined
    at renderStudioLandingPage (http://localhost:3101/src/components/landing/StudioLandingPage.js:394:28)
    at http://localhost:3101/src/main.js:97:7
[    8771ms] [INFO] %cDownload the React DevTools for a better development experience: https://react.dev/link/react-devtools font-weight:bold @ http://localhost:3101/node_modules/.vite/deps/chunk-EEAUBQDT.js?v=614e0d00:20096
[    8780ms] [ERROR] [ModalSystem] mount failed TypeError: Class constructor SortableElement cannot be invoked without 'new'
    at http://localhost:3101/components/modals/RetargetOptInModal.jsx:26:22 @ http://localhost:3101/src/main.js:319
[    8786ms] [ERROR] [popcorn-init] FAILED at: plugin-image TypeError: Class constructor SortableElement cannot be invoked without 'new'
    at http://localhost:3101/components/modals/RetargetOptInModal.jsx:26:22 @ http://localhost:3101/src/lib/popcornInit.js:55
[    8910ms] [ERROR] [popcorn-init] FAILED at: plugin-jsonTransition TypeError: Class constructor SortableElement cannot be invoked without 'new'
    at http://localhost:3101/components/modals/RetargetOptInModal.jsx:26:22 @ http://localhost:3101/src/lib/popcornInit.js:55
[    8944ms] [ERROR] [popcorn-init] FAILED at: plugin-lottie-json TypeError: Class constructor SortableElement cannot be invoked without 'new'
    at http://localhost:3101/components/modals/RetargetOptInModal.jsx:26:22 @ http://localhost:3101/src/lib/popcornInit.js:55
[    8985ms] [LOG] [popcorn-init] OK: plugin-json-button @ http://localhost:3101/src/lib/popcornInit.js:48
[    9024ms] [ERROR] [popcorn-init] FAILED at: plugin-personalizedImage TypeError: Class constructor SortableElement cannot be invoked without 'new'
    at http://localhost:3101/components/modals/RetargetOptInModal.jsx:26:22 @ http://localhost:3101/src/lib/popcornInit.js:55
[    9048ms] [ERROR] [popcorn-init] FAILED at: plugin-loopPlugin TypeError: Class constructor SortableElement cannot be invoked without 'new'
    at http://localhost:3101/components/modals/RetargetOptInModal.jsx:26:22 @ http://localhost:3101/src/lib/popcornInit.js:55
[    9065ms] [ERROR] [popcorn-init] FAILED at: plugin-pausePlugin TypeError: Class constructor SortableElement cannot be invoked without 'new'
    at http://localhost:3101/components/modals/RetargetOptInModal.jsx:26:22 @ http://localhost:3101/src/lib/popcornInit.js:55
[    9151ms] [ERROR] [popcorn-init] FAILED at: plugin-form TypeError: Class constructor SortableElement cannot be invoked without 'new'
    at http://localhost:3101/components/modals/RetargetOptInModal.jsx:26:22 @ http://localhost:3101/src/lib/popcornInit.js:55
[    9265ms] [ERROR] [popcorn-init] FAILED at: plugin-retarget TypeError: Class constructor SortableElement cannot be invoked without 'new'
    at http://localhost:3101/components/modals/RetargetOptInModal.jsx:26:22 @ http://localhost:3101/src/lib/popcornInit.js:55
[    9316ms] [LOG] [popcorn-init] OK: plugin-popup @ http://localhost:3101/src/lib/popcornInit.js:48
[    9370ms] [ERROR] [popcorn-init] FAILED at: plugin-sequencer TypeError: Class constructor SortableElement cannot be invoked without 'new'
    at http://localhost:3101/components/modals/RetargetOptInModal.jsx:26:22 @ http://localhost:3101/src/lib/popcornInit.js:55
[    9386ms] [ERROR] [popcorn-init] FAILED at: plugin-skip TypeError: Class constructor SortableElement cannot be invoked without 'new'
    at http://localhost:3101/components/modals/RetargetOptInModal.jsx:26:22 @ http://localhost:3101/src/lib/popcornInit.js:55
[    9502ms] [ERROR] [popcorn-init] FAILED at: plugin-text TypeError: Class constructor SortableElement cannot be invoked without 'new'
    at http://localhost:3101/components/modals/RetargetOptInModal.jsx:26:22 @ http://localhost:3101/src/lib/popcornInit.js:55
[    9569ms] [LOG] [popcorn-init] OK: plugin-social @ http://localhost:3101/src/lib/popcornInit.js:48
[    9634ms] [ERROR] [popcorn-init] FAILED at: plugin-jsonAnimation TypeError: Class constructor SortableElement cannot be invoked without 'new'
    at http://localhost:3101/components/modals/RetargetOptInModal.jsx:26:22 @ http://localhost:3101/src/lib/popcornInit.js:55
[    9711ms] [LOG] [popcorn-init] OK: plugin-videoTransition @ http://localhost:3101/src/lib/popcornInit.js:48
[    9741ms] [ERROR] [popcorn-init] FAILED at: plugin-seethroughtext TypeError: Class constructor SortableElement cannot be invoked without 'new'
    at http://localhost:3101/components/modals/RetargetOptInModal.jsx:26:22 @ http://localhost:3101/src/lib/popcornInit.js:55
[    9775ms] [LOG] [popcorn-init] OK: plugin-wikipedia @ http://localhost:3101/src/lib/popcornInit.js:48
[    9802ms] [ERROR] [popcorn-init] FAILED at: plugin-combined TypeError: Class constructor SortableElement cannot be invoked without 'new'
    at http://localhost:3101/components/modals/RetargetOptInModal.jsx:26:22 @ http://localhost:3101/src/lib/popcornInit.js:55
[    9829ms] [ERROR] [popcorn-init] FAILED at: plugin-background TypeError: Class constructor SortableElement cannot be invoked without 'new'
    at http://localhost:3101/components/modals/RetargetOptInModal.jsx:26:22 @ http://localhost:3101/src/lib/popcornInit.js:55
[    9829ms] [LOG] [popcorn-init] SUMMARY: 5/20 plugins registered; FAILED: plugin-image, plugin-jsonTransition, plugin-lottie-json, plugin-personalizedImage, plugin-loopPlugin, plugin-pausePlugin, plugin-form, plugin-retarget, plugin-sequencer, plugin-skip, plugin-text, plugin-jsonAnimation, plugin-seethroughtext, plugin-combined, plugin-background @ http://localhost:3101/src/lib/popcornInit.js:60
[    9829ms] [LOG] [popcorn] function 5 @ http://localhost:3101/src/main.js:4
[   82024ms] [ERROR] Failed to load resource: net::ERR_CONNECTION_RESET @ http://localhost:3101/manifest.json:0
[   82029ms] [ERROR] Failed to load resource: net::ERR_CONNECTION_RESET @ http://localhost:3101/src/components/modals/modal-styles.css:0
[   82029ms] [ERROR] Failed to load resource: net::ERR_CONNECTION_RESET @ http://localhost:3101/src/lib/popcornInit.js:0
[   82030ms] [ERROR] Failed to load resource: net::ERR_CONNECTION_RESET @ http://localhost:3101/src/components/Header.js:0
[   82030ms] [ERROR] Failed to load resource: net::ERR_CONNECTION_RESET @ http://localhost:3101/src/lib/analytics.js:0
[   82030ms] [ERROR] Failed to load resource: net::ERR_CONNECTION_RESET @ http://localhost:3101/src/lib/loading.js:0
[   82031ms] [ERROR] Failed to load resource: net::ERR_CONNECTION_RESET @ http://localhost:3101/src/lib/security.js:0
[   82033ms] [ERROR] Failed to load resource: net::ERR_CONNECTION_REFUSED @ http://localhost:3101/src/lib/apiKeyManager.js:0
[   82033ms] [ERROR] Failed to load resource: net::ERR_CONNECTION_REFUSED @ http://localhost:3101/src/lib/errorBoundary.js:0
[   82034ms] [ERROR] Failed to load resource: net::ERR_CONNECTION_REFUSED @ http://localhost:3101/node_modules/vite/dist/client/env.mjs:0
[   82034ms] [ERROR] Failed to load resource: net::ERR_CONNECTION_REFUSED @ http://localhost:3101/src/lib/clerkInit.js:0
[   82035ms] [ERROR] Failed to load resource: net::ERR_CONNECTION_REFUSED @ http://localhost:3101/src/lib/router.js:0
[   82035ms] [ERROR] Failed to load resource: net::ERR_CONNECTION_REFUSED @ http://localhost:3101/src/lib/performance.js:0
[   82040ms] [ERROR] Failed to load resource: net::ERR_CONNECTION_REFUSED @ http://localhost:3101/manifest.json:0
[   82045ms] [ERROR] Failed to load resource: net::ERR_CONNECTION_REFUSED @ http://localhost:3101/favicon.webp:0
