[   44274ms] [LOG] [Landing] section loaded: hook keys: [HookSection] @ http://localhost:3100/src/components/landing/LandingPage.jsx?t=1787459572118:122
[   44276ms] [LOG] [Landing] section created: hook type: HTMLElement @ http://localhost:3100/src/components/landing/LandingPage.jsx?t=1787459572118:132
[   44309ms] [LOG] [Landing] section loaded: scrolling keys: [ScrollingAppStrip] @ http://localhost:3100/src/components/landing/LandingPage.jsx?t=1787459572118:122
[   44317ms] [LOG] [Landing] section created: scrolling type: HTMLElement @ http://localhost:3100/src/components/landing/LandingPage.jsx?t=1787459572118:132
[   44465ms] [LOG] [Landing] section loaded: engines keys: [SixEnginesSection] @ http://localhost:3100/src/components/landing/LandingPage.jsx?t=1787459572118:122
[   44469ms] [LOG] [Landing] section created: engines type: HTMLElement @ http://localhost:3100/src/components/landing/LandingPage.jsx?t=1787459572118:132
[   44470ms] [LOG] [Landing] section loaded: features keys: [FeaturesSection] @ http://localhost:3100/src/components/landing/LandingPage.jsx?t=1787459572118:122
[   44470ms] [LOG] [Landing] section created: features type: HTMLElement @ http://localhost:3100/src/components/landing/LandingPage.jsx?t=1787459572118:132
[   44472ms] [LOG] [Landing] section loaded: ugc keys: [UGCDemoShowcase, default] @ http://localhost:3100/src/components/landing/LandingPage.jsx?t=1787459572118:122
[   44479ms] [LOG] [Landing] section created: ugc type: HTMLElement @ http://localhost:3100/src/components/landing/LandingPage.jsx?t=1787459572118:132
[   44555ms] [LOG] [Landing] section loaded: academy keys: [AcademyVideoShowcase, default] @ http://localhost:3100/src/components/landing/LandingPage.jsx?t=1787459572118:122
[   44565ms] [LOG] [Landing] section created: academy type: HTMLElement @ http://localhost:3100/src/components/landing/LandingPage.jsx?t=1787459572118:132
[   44568ms] [LOG] [Landing] section loaded: comparison keys: [ComparisonSection] @ http://localhost:3100/src/components/landing/LandingPage.jsx?t=1787459572118:122
[   44569ms] [LOG] [Landing] section created: comparison type: HTMLElement @ http://localhost:3100/src/components/landing/LandingPage.jsx?t=1787459572118:132
[   44570ms] [LOG] [Landing] section loaded: workflow keys: [WorkflowSection] @ http://localhost:3100/src/components/landing/LandingPage.jsx?t=1787459572118:122
[   44571ms] [LOG] [Landing] section created: workflow type: HTMLElement @ http://localhost:3100/src/components/landing/LandingPage.jsx?t=1787459572118:132
[   44575ms] [LOG] [Landing] section loaded: value keys: [ValueStackSection] @ http://localhost:3100/src/components/landing/LandingPage.jsx?t=1787459572118:122
[   44576ms] [LOG] [Landing] section created: value type: HTMLElement @ http://localhost:3100/src/components/landing/LandingPage.jsx?t=1787459572118:132
[   44576ms] [LOG] [Landing] section loaded: problem keys: [ProblemSection] @ http://localhost:3100/src/components/landing/LandingPage.jsx?t=1787459572118:122
[   44577ms] [LOG] [Landing] section created: problem type: HTMLElement @ http://localhost:3100/src/components/landing/LandingPage.jsx?t=1787459572118:132
[   44578ms] [LOG] [Landing] section loaded: cta keys: [FinalCTASection] @ http://localhost:3100/src/components/landing/LandingPage.jsx?t=1787459572118:122
[   44578ms] [LOG] [Landing] section created: cta type: HTMLElement @ http://localhost:3100/src/components/landing/LandingPage.jsx?t=1787459572118:132
[   44579ms] [LOG] [Landing] section loaded: offer keys: [OfferSection] @ http://localhost:3100/src/components/landing/LandingPage.jsx?t=1787459572118:122
[   44580ms] [LOG] [Landing] section created: offer type: HTMLElement @ http://localhost:3100/src/components/landing/LandingPage.jsx?t=1787459572118:132
[   44580ms] [LOG] [Landing] section loaded: agency keys: [AgencySection] @ http://localhost:3100/src/components/landing/LandingPage.jsx?t=1787459572118:122
[   44581ms] [LOG] [Landing] section created: agency type: HTMLElement @ http://localhost:3100/src/components/landing/LandingPage.jsx?t=1787459572118:132
[   44667ms] [LOG] [Landing] section loaded: apps keys: [AppsGridSection] @ http://localhost:3100/src/components/landing/LandingPage.jsx?t=1787459572118:122
[   44670ms] [LOG] [Landing] section created: apps type: HTMLElement @ http://localhost:3100/src/components/landing/LandingPage.jsx?t=1787459572118:132
[   44672ms] [LOG] [Landing] section loaded: gallery keys: [AIVideoGallery, default] @ http://localhost:3100/src/components/landing/LandingPage.jsx?t=1787459572118:122
[   44677ms] [LOG] [Landing] section created: gallery type: HTMLElement @ http://localhost:3100/src/components/landing/LandingPage.jsx?t=1787459572118:132
[   44931ms] [LOG] [Landing] section loaded: repos keys: [RepoShowcase, default] @ http://localhost:3100/src/components/landing/LandingPage.jsx?t=1787459572118:122
[   44934ms] [LOG] [Landing] section created: repos type: HTMLElement @ http://localhost:3100/src/components/landing/LandingPage.jsx?t=1787459572118:132
[   44937ms] [LOG] [Landing] section loaded: made-with keys: [MadeWithSmartVideo, default] @ http://localhost:3100/src/components/landing/LandingPage.jsx?t=1787459572118:122
[   44943ms] [LOG] [Landing] section created: made-with type: HTMLElement @ http://localhost:3100/src/components/landing/LandingPage.jsx?t=1787459572118:132
[   44984ms] [LOG] [Landing] section loaded: ai-workflow keys: [MinimaxWorkflowSection, default] @ http://localhost:3100/src/components/landing/LandingPage.jsx?t=1787459572118:122
[   44984ms] [LOG] [Landing] section created: ai-workflow type: HTMLElement @ http://localhost:3100/src/components/landing/LandingPage.jsx?t=1787459572118:132
