[      89ms] [LOG] [App] Starting initialization... @ http://localhost:3100/src/main.js:19
[     106ms] [LOG] [popcorn-init] OK: jquery @ http://localhost:3100/src/lib/popcornInit.js:41
[     107ms] [LOG] [popcorn-init] OK: jquery-textfill @ http://localhost:3100/src/lib/popcornInit.js:48
[     109ms] [LOG] [popcorn-init] OK: popcorn-core @ http://localhost:3100/src/lib/popcornInit.js:48
[     110ms] [LOG] [popcorn-init] OK: popcorn-ie8 @ http://localhost:3100/src/lib/popcornInit.js:48
[     110ms] [LOG] [popcorn-init] OK: wrapper-common @ http://localhost:3100/src/lib/popcornInit.js:48
[     111ms] [LOG] [popcorn-init] OK: wrapper-html5 @ http://localhost:3100/src/lib/popcornInit.js:48
[     112ms] [LOG] [popcorn-init] OK: wrapper-vrview @ http://localhost:3100/src/lib/popcornInit.js:48
[     112ms] [LOG] [popcorn-init] OK: wrapper-adaptive @ http://localhost:3100/src/lib/popcornInit.js:48
[     113ms] [LOG] [popcorn-init] OK: wrapper-null @ http://localhost:3100/src/lib/popcornInit.js:48
[     114ms] [LOG] [popcorn-init] OK: wrapper-soundcloud @ http://localhost:3100/src/lib/popcornInit.js:48
[     115ms] [LOG] [popcorn-init] OK: wrapper-vimeo @ http://localhost:3100/src/lib/popcornInit.js:48
[     116ms] [LOG] [popcorn-init] OK: wrapper-youtube @ http://localhost:3100/src/lib/popcornInit.js:48
[     117ms] [LOG] [popcorn-init] OK: wrapper-jwplayer @ http://localhost:3100/src/lib/popcornInit.js:48
[     117ms] [LOG] [popcorn-init] OK: player-module @ http://localhost:3100/src/lib/popcornInit.js:48
[    1612ms] [LOG] [popcorn-init] OK: plugin-image @ http://localhost:3100/src/lib/popcornInit.js:48
[    1615ms] [INFO] %cDownload the React DevTools for a better development experience: https://react.dev/link/react-devtools font-weight:bold @ http://localhost:3100/node_modules/.vite/deps/chunk-EEAUBQDT.js?v=b1e17180:20096
[    1958ms] [LOG] [popcorn-init] OK: plugin-jsonTransition @ http://localhost:3100/src/lib/popcornInit.js:48
[    1969ms] [LOG] [popcorn-init] OK: plugin-lottie-json @ http://localhost:3100/src/lib/popcornInit.js:48
[    1980ms] [LOG] [popcorn-init] OK: plugin-json-button @ http://localhost:3100/src/lib/popcornInit.js:48
[    1986ms] [LOG] [popcorn-init] OK: plugin-personalizedImage @ http://localhost:3100/src/lib/popcornInit.js:48
[    1993ms] [LOG] [popcorn-init] OK: plugin-loopPlugin @ http://localhost:3100/src/lib/popcornInit.js:48
[    1999ms] [LOG] [popcorn-init] OK: plugin-pausePlugin @ http://localhost:3100/src/lib/popcornInit.js:48
[    2013ms] [LOG] [popcorn-init] OK: plugin-form @ http://localhost:3100/src/lib/popcornInit.js:48
[    2024ms] [LOG] [popcorn-init] OK: plugin-retarget @ http://localhost:3100/src/lib/popcornInit.js:48
[    2086ms] [LOG] [popcorn-init] OK: plugin-popup @ http://localhost:3100/src/lib/popcornInit.js:48
[    2094ms] [LOG] [popcorn-init] OK: plugin-sequencer @ http://localhost:3100/src/lib/popcornInit.js:48
[    2101ms] [LOG] [popcorn-init] OK: plugin-skip @ http://localhost:3100/src/lib/popcornInit.js:48
[    2137ms] [LOG] [popcorn-init] OK: plugin-text @ http://localhost:3100/src/lib/popcornInit.js:48
[    2147ms] [LOG] [popcorn-init] OK: plugin-social @ http://localhost:3100/src/lib/popcornInit.js:48
[    2154ms] [LOG] [popcorn-init] OK: plugin-jsonAnimation @ http://localhost:3100/src/lib/popcornInit.js:48
[    2165ms] [LOG] [popcorn-init] OK: plugin-videoTransition @ http://localhost:3100/src/lib/popcornInit.js:48
[    2171ms] [LOG] [popcorn-init] OK: plugin-seethroughtext @ http://localhost:3100/src/lib/popcornInit.js:48
[    2175ms] [LOG] [popcorn-init] OK: plugin-wikipedia @ http://localhost:3100/src/lib/popcornInit.js:48
[    2180ms] [LOG] [popcorn-init] OK: plugin-combined @ http://localhost:3100/src/lib/popcornInit.js:48
[    2185ms] [LOG] [popcorn-init] OK: plugin-background @ http://localhost:3100/src/lib/popcornInit.js:48
[    2185ms] [LOG] [popcorn-init] SUMMARY: 20/20 plugins registered; all plugins registered @ http://localhost:3100/src/lib/popcornInit.js:60
[    2185ms] [LOG] [popcorn] function 19 @ http://localhost:3100/src/main.js:4
[    2431ms] [LOG] [App] Initialized in 2341.60ms @ http://localhost:3100/src/main.js:164
[    2431ms] [LOG] [App] Navigating to initial page: apps @ http://localhost:3100/src/main.js:165
[    2431ms] [INFO] [App] Dev auth bypass active — skipping setup popup. @ http://localhost:3100/src/main.js:176
[    6353ms] [LOG] [App] Starting initialization... @ http://localhost:3100/src/main.js:19
[    6871ms] [LOG] [popcorn-init] OK: jquery @ http://localhost:3100/src/lib/popcornInit.js:41
[    7319ms] [LOG] [popcorn-init] OK: jquery-textfill @ http://localhost:3100/src/lib/popcornInit.js:48
[    9640ms] [INFO] %cDownload the React DevTools for a better development experience: https://react.dev/link/react-devtools font-weight:bold @ http://localhost:3100/node_modules/.vite/deps/chunk-EEAUBQDT.js?v=142f97b5:20096
[    9662ms] [LOG] [App] Initialized in 3308.90ms @ http://localhost:3100/src/main.js:164
[    9662ms] [LOG] [App] Navigating to initial page: apps @ http://localhost:3100/src/main.js:165
[    9662ms] [INFO] [App] Dev auth bypass active — skipping setup popup. @ http://localhost:3100/src/main.js:176
[    9892ms] [WARNING] Clerk: Clerk has been loaded with development keys. Development instances have strict usage limits and should not be used when deploying your application to production. Learn more: https://clerk.com/docs/deployments/overview @ https://clerk.smartvid.app/npm/@clerk/clerk-js@6/dist/clerk.browser.js:11
[    9987ms] [ERROR] Failed to load resource: the server responded with a status of 400 () @ https://clerk.smartvid.app/v1/environment?__clerk_api_version=2026-05-12&_clerk_js_version=6.29.2&_method=PATCH:0
[   10612ms] [LOG] [popcorn-init] OK: popcorn-core @ http://localhost:3100/src/lib/popcornInit.js:48
[   11573ms] [LOG] [popcorn-init] OK: popcorn-ie8 @ http://localhost:3100/src/lib/popcornInit.js:48
[   11900ms] [LOG] [popcorn-init] OK: wrapper-common @ http://localhost:3100/src/lib/popcornInit.js:48
[   11973ms] [LOG] [popcorn-init] OK: wrapper-html5 @ http://localhost:3100/src/lib/popcornInit.js:48
[   12056ms] [LOG] [popcorn-init] OK: wrapper-vrview @ http://localhost:3100/src/lib/popcornInit.js:48
[   12086ms] [LOG] [popcorn-init] OK: wrapper-adaptive @ http://localhost:3100/src/lib/popcornInit.js:48
[   12178ms] [LOG] [popcorn-init] OK: wrapper-null @ http://localhost:3100/src/lib/popcornInit.js:48
[   12220ms] [LOG] [popcorn-init] OK: wrapper-soundcloud @ http://localhost:3100/src/lib/popcornInit.js:48
[   12285ms] [LOG] [popcorn-init] OK: wrapper-vimeo @ http://localhost:3100/src/lib/popcornInit.js:48
[   12312ms] [LOG] [popcorn-init] OK: wrapper-youtube @ http://localhost:3100/src/lib/popcornInit.js:48
[   12326ms] [LOG] [popcorn-init] OK: wrapper-jwplayer @ http://localhost:3100/src/lib/popcornInit.js:48
[   12349ms] [LOG] [popcorn-init] OK: player-module @ http://localhost:3100/src/lib/popcornInit.js:48
[   12638ms] [LOG] [popcorn-init] OK: plugin-image @ http://localhost:3100/src/lib/popcornInit.js:48
[   12685ms] [LOG] [popcorn-init] OK: plugin-jsonTransition @ http://localhost:3100/src/lib/popcornInit.js:48
[   12712ms] [LOG] [popcorn-init] OK: plugin-lottie-json @ http://localhost:3100/src/lib/popcornInit.js:48
[   12743ms] [LOG] [popcorn-init] OK: plugin-json-button @ http://localhost:3100/src/lib/popcornInit.js:48
[   12773ms] [LOG] [popcorn-init] OK: plugin-personalizedImage @ http://localhost:3100/src/lib/popcornInit.js:48
[   12787ms] [LOG] [popcorn-init] OK: plugin-loopPlugin @ http://localhost:3100/src/lib/popcornInit.js:48
[   12799ms] [LOG] [popcorn-init] OK: plugin-pausePlugin @ http://localhost:3100/src/lib/popcornInit.js:48
[   12859ms] [LOG] [popcorn-init] OK: plugin-form @ http://localhost:3100/src/lib/popcornInit.js:48
[   12996ms] [LOG] [popcorn-init] OK: plugin-retarget @ http://localhost:3100/src/lib/popcornInit.js:48
[   13032ms] [LOG] [popcorn-init] OK: plugin-popup @ http://localhost:3100/src/lib/popcornInit.js:48
[   13077ms] [LOG] [popcorn-init] OK: plugin-sequencer @ http://localhost:3100/src/lib/popcornInit.js:48
[   13088ms] [LOG] [popcorn-init] OK: plugin-skip @ http://localhost:3100/src/lib/popcornInit.js:48
[   13158ms] [LOG] [popcorn-init] OK: plugin-text @ http://localhost:3100/src/lib/popcornInit.js:48
[   13195ms] [LOG] [popcorn-init] OK: plugin-social @ http://localhost:3100/src/lib/popcornInit.js:48
[   13225ms] [LOG] [popcorn-init] OK: plugin-jsonAnimation @ http://localhost:3100/src/lib/popcornInit.js:48
[   13293ms] [LOG] [popcorn-init] OK: plugin-videoTransition @ http://localhost:3100/src/lib/popcornInit.js:48
[   13318ms] [LOG] [popcorn-init] OK: plugin-seethroughtext @ http://localhost:3100/src/lib/popcornInit.js:48
[   13342ms] [LOG] [popcorn-init] OK: plugin-wikipedia @ http://localhost:3100/src/lib/popcornInit.js:48
[   13436ms] [LOG] [popcorn-init] OK: plugin-combined @ http://localhost:3100/src/lib/popcornInit.js:48
[   13454ms] [LOG] [popcorn-init] OK: plugin-background @ http://localhost:3100/src/lib/popcornInit.js:48
[   13454ms] [LOG] [popcorn-init] SUMMARY: 20/20 plugins registered; all plugins registered @ http://localhost:3100/src/lib/popcornInit.js:60
[   13454ms] [LOG] [popcorn] function 19 @ http://localhost:3100/src/main.js:4
[   25520ms] [LOG] [vite] server connection lost. Polling for restart... @ http://localhost:3100/@vite/client:559
[   25526ms] [ERROR] Failed to load resource: net::ERR_CONNECTION_RESET @ http://localhost:3100/:0
[   26529ms] [ERROR] Failed to load resource: net::ERR_CONNECTION_REFUSED @ http://localhost:3100/:0
[   27532ms] [ERROR] Failed to load resource: net::ERR_CONNECTION_REFUSED @ http://localhost:3100/:0
[   28536ms] [ERROR] Failed to load resource: net::ERR_CONNECTION_REFUSED @ http://localhost:3100/:0
[   29544ms] [ERROR] Failed to load resource: net::ERR_CONNECTION_REFUSED @ http://localhost:3100/:0
[   30547ms] [ERROR] Failed to load resource: net::ERR_CONNECTION_REFUSED @ http://localhost:3100/:0
[   31551ms] [ERROR] Failed to load resource: net::ERR_CONNECTION_REFUSED @ http://localhost:3100/:0
[   32556ms] [ERROR] Failed to load resource: net::ERR_CONNECTION_REFUSED @ http://localhost:3100/:0
[   33561ms] [ERROR] Failed to load resource: net::ERR_CONNECTION_REFUSED @ http://localhost:3100/:0
[   34566ms] [ERROR] Failed to load resource: net::ERR_CONNECTION_REFUSED @ http://localhost:3100/:0
[   35569ms] [ERROR] Failed to load resource: net::ERR_CONNECTION_REFUSED @ http://localhost:3100/:0
[   36573ms] [ERROR] Failed to load resource: net::ERR_CONNECTION_REFUSED @ http://localhost:3100/:0
[   37576ms] [ERROR] Failed to load resource: net::ERR_CONNECTION_REFUSED @ http://localhost:3100/:0
[   38578ms] [ERROR] Failed to load resource: net::ERR_CONNECTION_REFUSED @ http://localhost:3100/:0
[   39582ms] [ERROR] Failed to load resource: net::ERR_CONNECTION_REFUSED @ http://localhost:3100/:0
[   40586ms] [ERROR] Failed to load resource: net::ERR_CONNECTION_REFUSED @ http://localhost:3100/:0
[   41591ms] [ERROR] Failed to load resource: net::ERR_CONNECTION_REFUSED @ http://localhost:3100/:0
[   42597ms] [ERROR] Failed to load resource: net::ERR_CONNECTION_REFUSED @ http://localhost:3100/:0
[   43600ms] [ERROR] Failed to load resource: net::ERR_CONNECTION_REFUSED @ http://localhost:3100/:0
[   44605ms] [ERROR] Failed to load resource: net::ERR_CONNECTION_REFUSED @ http://localhost:3100/:0
[   45610ms] [ERROR] Failed to load resource: net::ERR_CONNECTION_REFUSED @ http://localhost:3100/:0
[   46614ms] [ERROR] Failed to load resource: net::ERR_CONNECTION_REFUSED @ http://localhost:3100/:0
[   47617ms] [ERROR] Failed to load resource: net::ERR_CONNECTION_REFUSED @ http://localhost:3100/:0
[   53990ms] [LOG] [App] Starting initialization... @ http://localhost:3100/src/main.js:19
[   54097ms] [LOG] [popcorn-init] OK: jquery @ http://localhost:3100/src/lib/popcornInit.js:41
[   54387ms] [LOG] [popcorn-init] OK: jquery-textfill @ http://localhost:3100/src/lib/popcornInit.js:48
[   55880ms] [LOG] [popcorn-init] OK: popcorn-core @ http://localhost:3100/src/lib/popcornInit.js:48
[   57303ms] [LOG] [popcorn-init] OK: popcorn-ie8 @ http://localhost:3100/src/lib/popcornInit.js:48
[   57507ms] [LOG] [App] Starting initialization... @ http://localhost:3100/src/main.js:19
[   57543ms] [LOG] [popcorn-init] OK: jquery @ http://localhost:3100/src/lib/popcornInit.js:41
[   57548ms] [LOG] [popcorn-init] OK: jquery-textfill @ http://localhost:3100/src/lib/popcornInit.js:48
[   57552ms] [LOG] [popcorn-init] OK: popcorn-core @ http://localhost:3100/src/lib/popcornInit.js:48
[   57553ms] [LOG] [popcorn-init] OK: popcorn-ie8 @ http://localhost:3100/src/lib/popcornInit.js:48
[   57854ms] [LOG] [popcorn-init] OK: wrapper-common @ http://localhost:3100/src/lib/popcornInit.js:48
[   58257ms] [LOG] [popcorn-init] OK: wrapper-html5 @ http://localhost:3100/src/lib/popcornInit.js:48
[   59512ms] [LOG] [popcorn-init] OK: wrapper-vrview @ http://localhost:3100/src/lib/popcornInit.js:48
[   59812ms] [LOG] [popcorn-init] OK: wrapper-adaptive @ http://localhost:3100/src/lib/popcornInit.js:48
[   60071ms] [LOG] [App] Landing page rendered @ http://localhost:3100/src/main.js:88
[   60100ms] [LOG] [popcorn-init] OK: wrapper-null @ http://localhost:3100/src/lib/popcornInit.js:48
[   64490ms] [LOG] [App] Starting initialization... @ http://localhost:3100/src/main.js:19
[   64780ms] [LOG] [popcorn-init] OK: jquery @ http://localhost:3100/src/lib/popcornInit.js:41
[   65262ms] [LOG] [popcorn-init] OK: jquery-textfill @ http://localhost:3100/src/lib/popcornInit.js:48
[   66894ms] [LOG] [popcorn-init] OK: popcorn-core @ http://localhost:3100/src/lib/popcornInit.js:48
[   67660ms] [LOG] [popcorn-init] OK: popcorn-ie8 @ http://localhost:3100/src/lib/popcornInit.js:48
[   67692ms] [LOG] [App] Landing page rendered @ http://localhost:3100/src/main.js:88
[   67799ms] [LOG] [popcorn-init] OK: wrapper-common @ http://localhost:3100/src/lib/popcornInit.js:48
[   67813ms] [LOG] [popcorn-init] OK: wrapper-html5 @ http://localhost:3100/src/lib/popcornInit.js:48
[   67827ms] [LOG] [popcorn-init] OK: wrapper-vrview @ http://localhost:3100/src/lib/popcornInit.js:48
[   67876ms] [LOG] [popcorn-init] OK: wrapper-adaptive @ http://localhost:3100/src/lib/popcornInit.js:48
[   67890ms] [LOG] [popcorn-init] OK: wrapper-null @ http://localhost:3100/src/lib/popcornInit.js:48
[   67935ms] [INFO] %cDownload the React DevTools for a better development experience: https://react.dev/link/react-devtools font-weight:bold @ http://localhost:3100/node_modules/.vite/deps/chunk-EEAUBQDT.js?v=283a71bc:20096
[   68035ms] [LOG] [popcorn-init] OK: wrapper-soundcloud @ http://localhost:3100/src/lib/popcornInit.js:48
[   68103ms] [LOG] [popcorn-init] OK: wrapper-vimeo @ http://localhost:3100/src/lib/popcornInit.js:48
[   68230ms] [LOG] [popcorn-init] OK: wrapper-youtube @ http://localhost:3100/src/lib/popcornInit.js:48
[   68285ms] [LOG] [popcorn-init] OK: wrapper-jwplayer @ http://localhost:3100/src/lib/popcornInit.js:48
[   68302ms] [LOG] [popcorn-init] OK: player-module @ http://localhost:3100/src/lib/popcornInit.js:48
[   68455ms] [LOG] [popcorn-init] OK: plugin-image @ http://localhost:3100/src/lib/popcornInit.js:48
[   69562ms] [LOG] [popcorn-init] OK: plugin-jsonTransition @ http://localhost:3100/src/lib/popcornInit.js:48
[   73425ms] [LOG] [App] Starting initialization... @ http://localhost:3100/src/main.js:19
[   73517ms] [LOG] [popcorn-init] OK: jquery @ http://localhost:3100/src/lib/popcornInit.js:41
[   73761ms] [LOG] [popcorn-init] OK: jquery-textfill @ http://localhost:3100/src/lib/popcornInit.js:48
