[    1625ms] [LOG] [App] Starting initialization... @ https://smartvid.app/assets/index-BD2m5uHm.js:1
[    1957ms] [LOG] [popcorn-init] OK: jquery @ https://smartvid.app/assets/index-BD2m5uHm.js:1
[    2462ms] [LOG] [popcorn-init] OK: jquery-textfill @ https://smartvid.app/assets/index-BD2m5uHm.js:1
[    2531ms] [LOG] [App] Landing page rendered @ https://smartvid.app/assets/index-BD2m5uHm.js:1
[    3199ms] [LOG] [popcorn-init] OK: popcorn-core @ https://smartvid.app/assets/index-BD2m5uHm.js:1
[    3219ms] [LOG] [popcorn-init] OK: popcorn-ie8 @ https://smartvid.app/assets/index-BD2m5uHm.js:1
[    3387ms] [LOG] [popcorn-init] OK: wrapper-common @ https://smartvid.app/assets/index-BD2m5uHm.js:1
[    3403ms] [LOG] [popcorn-init] OK: wrapper-html5 @ https://smartvid.app/assets/index-BD2m5uHm.js:1
[    3460ms] [LOG] [popcorn-init] OK: wrapper-vrview @ https://smartvid.app/assets/index-BD2m5uHm.js:1
[    3503ms] [LOG] [popcorn-init] OK: wrapper-adaptive @ https://smartvid.app/assets/index-BD2m5uHm.js:1
[    3512ms] [LOG] [popcorn-init] OK: wrapper-null @ https://smartvid.app/assets/index-BD2m5uHm.js:1
[    3518ms] [LOG] [popcorn-init] OK: wrapper-soundcloud @ https://smartvid.app/assets/index-BD2m5uHm.js:1
[    3524ms] [LOG] [popcorn-init] OK: wrapper-vimeo @ https://smartvid.app/assets/index-BD2m5uHm.js:1
[    3535ms] [LOG] [popcorn-init] OK: wrapper-youtube @ https://smartvid.app/assets/index-BD2m5uHm.js:1
[    3583ms] [LOG] [popcorn-init] OK: wrapper-jwplayer @ https://smartvid.app/assets/index-BD2m5uHm.js:1
[    3637ms] [LOG] [popcorn-init] OK: player-module @ https://smartvid.app/assets/index-BD2m5uHm.js:1
[    3686ms] [LOG] [popcorn-init] OK: plugin-image @ https://smartvid.app/assets/index-BD2m5uHm.js:1
[    3900ms] [LOG] [popcorn-init] OK: plugin-jsonTransition @ https://smartvid.app/assets/index-BD2m5uHm.js:1
[    3950ms] [LOG] [popcorn-init] OK: plugin-lottie-json @ https://smartvid.app/assets/index-BD2m5uHm.js:1
[    4005ms] [LOG] [popcorn-init] OK: plugin-json-button @ https://smartvid.app/assets/index-BD2m5uHm.js:1
[    4094ms] [LOG] [popcorn-init] OK: plugin-personalizedImage @ https://smartvid.app/assets/index-BD2m5uHm.js:1
[    4136ms] [LOG] [popcorn-init] OK: plugin-loopPlugin @ https://smartvid.app/assets/index-BD2m5uHm.js:1
[    4184ms] [LOG] [popcorn-init] OK: plugin-pausePlugin @ https://smartvid.app/assets/index-BD2m5uHm.js:1
[    4300ms] [LOG] [popcorn-init] OK: plugin-form @ https://smartvid.app/assets/index-BD2m5uHm.js:1
[    4465ms] [LOG] [popcorn-init] OK: plugin-retarget @ https://smartvid.app/assets/index-BD2m5uHm.js:1
[    4534ms] [LOG] [popcorn-init] OK: plugin-popup @ https://smartvid.app/assets/index-BD2m5uHm.js:1
[    4598ms] [LOG] [popcorn-init] OK: plugin-sequencer @ https://smartvid.app/assets/index-BD2m5uHm.js:1
[    4658ms] [LOG] [popcorn-init] OK: plugin-skip @ https://smartvid.app/assets/index-BD2m5uHm.js:1
[    4719ms] [LOG] [popcorn-init] OK: plugin-text @ https://smartvid.app/assets/index-BD2m5uHm.js:1
[    4817ms] [LOG] [popcorn-init] OK: plugin-social @ https://smartvid.app/assets/index-BD2m5uHm.js:1
[    4892ms] [LOG] [popcorn-init] OK: plugin-jsonAnimation @ https://smartvid.app/assets/index-BD2m5uHm.js:1
[    5115ms] [LOG] [popcorn-init] OK: plugin-videoTransition @ https://smartvid.app/assets/index-BD2m5uHm.js:1
[    5181ms] [LOG] [popcorn-init] OK: plugin-seethroughtext @ https://smartvid.app/assets/index-BD2m5uHm.js:1
[    5201ms] [LOG] [popcorn-init] OK: plugin-wikipedia @ https://smartvid.app/assets/index-BD2m5uHm.js:1
[    5247ms] [LOG] [popcorn-init] OK: plugin-combined @ https://smartvid.app/assets/index-BD2m5uHm.js:1
[    5291ms] [LOG] [popcorn-init] OK: plugin-background @ https://smartvid.app/assets/index-BD2m5uHm.js:1
[    5291ms] [LOG] [popcorn-init] SUMMARY: 20/20 plugins registered; all plugins registered @ https://smartvid.app/assets/index-BD2m5uHm.js:1
[    5291ms] [LOG] [popcorn] function 19 @ https://smartvid.app/assets/index-BD2m5uHm.js:1
