[    1730ms] [LOG] [App] Starting initialization... @ http://localhost:3100/src/main.js?t=1787495254297:19
[    1993ms] [LOG] [popcorn-init] OK: jquery @ http://localhost:3100/src/lib/popcornInit.js?t=1787495254297:41
[    2266ms] [LOG] [popcorn-init] OK: jquery-textfill @ http://localhost:3100/src/lib/popcornInit.js?t=1787495254297:48
[    2368ms] [LOG] [popcorn-init] OK: popcorn-core @ http://localhost:3100/src/lib/popcornInit.js?t=1787495254297:48
[    2740ms] [LOG] [popcorn-init] OK: popcorn-ie8 @ http://localhost:3100/src/lib/popcornInit.js?t=1787495254297:48
[   11417ms] [LOG] [App] Starting initialization... @ http://localhost:3100/src/main.js?t=1787495287985:19
[   11431ms] [LOG] [popcorn-init] OK: jquery @ http://localhost:3100/src/lib/popcornInit.js?t=1787495294102:41
[   11432ms] [LOG] [popcorn-init] OK: jquery-textfill @ http://localhost:3100/src/lib/popcornInit.js?t=1787495294102:48
[   11433ms] [LOG] [popcorn-init] OK: popcorn-core @ http://localhost:3100/src/lib/popcornInit.js?t=1787495294102:48
[   11434ms] [LOG] [popcorn-init] OK: popcorn-ie8 @ http://localhost:3100/src/lib/popcornInit.js?t=1787495294102:48
[   11438ms] [LOG] [popcorn-init] OK: wrapper-common @ http://localhost:3100/src/lib/popcornInit.js?t=1787495294102:48
[   11441ms] [LOG] [popcorn-init] OK: wrapper-html5 @ http://localhost:3100/src/lib/popcornInit.js?t=1787495294102:48
[   11446ms] [LOG] [popcorn-init] OK: wrapper-vrview @ http://localhost:3100/src/lib/popcornInit.js?t=1787495294102:48
[   11452ms] [LOG] [popcorn-init] OK: wrapper-adaptive @ http://localhost:3100/src/lib/popcornInit.js?t=1787495294102:48
[   11461ms] [LOG] [popcorn-init] OK: wrapper-null @ http://localhost:3100/src/lib/popcornInit.js?t=1787495294102:48
[   11467ms] [LOG] [popcorn-init] OK: wrapper-soundcloud @ http://localhost:3100/src/lib/popcornInit.js?t=1787495294102:48
[   11471ms] [LOG] [popcorn-init] OK: wrapper-vimeo @ http://localhost:3100/src/lib/popcornInit.js?t=1787495294102:48
[   11476ms] [LOG] [popcorn-init] OK: wrapper-youtube @ http://localhost:3100/src/lib/popcornInit.js?t=1787495294102:48
[   11481ms] [LOG] [popcorn-init] OK: wrapper-jwplayer @ http://localhost:3100/src/lib/popcornInit.js?t=1787495294102:48
[   11486ms] [LOG] [popcorn-init] OK: player-module @ http://localhost:3100/src/lib/popcornInit.js?t=1787495294102:48
[   12309ms] [LOG] [App] Landing page rendered @ http://localhost:3100/src/main.js?t=1787495287985:88
[   14601ms] [LOG] [popcorn-init] OK: plugin-image @ http://localhost:3100/src/lib/popcornInit.js?t=1787495294102:48
[   14685ms] [INFO] %cDownload the React DevTools for a better development experience: https://react.dev/link/react-devtools font-weight:bold @ http://localhost:3100/node_modules/.vite/deps/chunk-EEAUBQDT.js?v=e467764e:20096
[   15298ms] [LOG] [popcorn-init] OK: plugin-jsonTransition @ http://localhost:3100/src/lib/popcornInit.js?t=1787495294102:48
[   15318ms] [LOG] [popcorn-init] OK: plugin-lottie-json @ http://localhost:3100/src/lib/popcornInit.js?t=1787495294102:48
[   15339ms] [LOG] [popcorn-init] OK: plugin-json-button @ http://localhost:3100/src/lib/popcornInit.js?t=1787495294102:48
[   15353ms] [LOG] [popcorn-init] OK: plugin-personalizedImage @ http://localhost:3100/src/lib/popcornInit.js?t=1787495294102:48
[   15366ms] [LOG] [popcorn-init] OK: plugin-loopPlugin @ http://localhost:3100/src/lib/popcornInit.js?t=1787495294102:48
[   15374ms] [LOG] [popcorn-init] OK: plugin-pausePlugin @ http://localhost:3100/src/lib/popcornInit.js?t=1787495294102:48
[   15407ms] [LOG] [popcorn-init] OK: plugin-form @ http://localhost:3100/src/lib/popcornInit.js?t=1787495294102:48
[   15527ms] [LOG] [popcorn-init] OK: plugin-retarget @ http://localhost:3100/src/lib/popcornInit.js?t=1787495294102:48
[   15533ms] [LOG] [popcorn-init] OK: plugin-popup @ http://localhost:3100/src/lib/popcornInit.js?t=1787495294102:48
[   15542ms] [LOG] [popcorn-init] OK: plugin-sequencer @ http://localhost:3100/src/lib/popcornInit.js?t=1787495294102:48
[   15548ms] [LOG] [popcorn-init] OK: plugin-skip @ http://localhost:3100/src/lib/popcornInit.js?t=1787495294102:48
[   15575ms] [LOG] [popcorn-init] OK: plugin-text @ http://localhost:3100/src/lib/popcornInit.js?t=1787495294102:48
[   15584ms] [LOG] [popcorn-init] OK: plugin-social @ http://localhost:3100/src/lib/popcornInit.js?t=1787495294102:48
[   15591ms] [LOG] [popcorn-init] OK: plugin-jsonAnimation @ http://localhost:3100/src/lib/popcornInit.js?t=1787495294102:48
[   15617ms] [LOG] [popcorn-init] OK: plugin-videoTransition @ http://localhost:3100/src/lib/popcornInit.js?t=1787495294102:48
[   15627ms] [LOG] [popcorn-init] OK: plugin-seethroughtext @ http://localhost:3100/src/lib/popcornInit.js?t=1787495294102:48
[   15753ms] [LOG] [popcorn-init] OK: plugin-wikipedia @ http://localhost:3100/src/lib/popcornInit.js?t=1787495294102:48
[   15761ms] [LOG] [popcorn-init] OK: plugin-combined @ http://localhost:3100/src/lib/popcornInit.js?t=1787495294102:48
[   15777ms] [LOG] [popcorn-init] OK: plugin-background @ http://localhost:3100/src/lib/popcornInit.js?t=1787495294102:48
[   15777ms] [LOG] [popcorn-init] SUMMARY: 20/20 plugins registered; all plugins registered @ http://localhost:3100/src/lib/popcornInit.js?t=1787495294102:60
[   15777ms] [LOG] [popcorn] function 19 @ http://localhost:3100/src/main.js?t=1787495287985:4
