[     836ms] [LOG] [App] Starting initialization... @ http://localhost:3100/src/main.js?t=1787541341128:19
[     890ms] [LOG] [popcorn-init] OK: jquery @ http://localhost:3100/src/lib/popcornInit.js?t=1787540214212:41
[     896ms] [LOG] [popcorn-init] OK: jquery-textfill @ http://localhost:3100/src/lib/popcornInit.js?t=1787540214212:48
[     903ms] [LOG] [popcorn-init] OK: popcorn-core @ http://localhost:3100/src/lib/popcornInit.js?t=1787540214212:48
[     907ms] [LOG] [popcorn-init] OK: popcorn-ie8 @ http://localhost:3100/src/lib/popcornInit.js?t=1787540214212:48
[     909ms] [LOG] [popcorn-init] OK: wrapper-common @ http://localhost:3100/src/lib/popcornInit.js?t=1787540214212:48
[     912ms] [LOG] [popcorn-init] OK: wrapper-html5 @ http://localhost:3100/src/lib/popcornInit.js?t=1787540214212:48
[     913ms] [LOG] [popcorn-init] OK: wrapper-vrview @ http://localhost:3100/src/lib/popcornInit.js?t=1787540214212:48
[     914ms] [LOG] [popcorn-init] OK: wrapper-adaptive @ http://localhost:3100/src/lib/popcornInit.js?t=1787540214212:48
[     916ms] [LOG] [popcorn-init] OK: wrapper-null @ http://localhost:3100/src/lib/popcornInit.js?t=1787540214212:48
[     918ms] [LOG] [popcorn-init] OK: wrapper-soundcloud @ http://localhost:3100/src/lib/popcornInit.js?t=1787540214212:48
[     920ms] [LOG] [popcorn-init] OK: wrapper-vimeo @ http://localhost:3100/src/lib/popcornInit.js?t=1787540214212:48
[     922ms] [LOG] [popcorn-init] OK: wrapper-youtube @ http://localhost:3100/src/lib/popcornInit.js?t=1787540214212:48
[     924ms] [LOG] [popcorn-init] OK: wrapper-jwplayer @ http://localhost:3100/src/lib/popcornInit.js?t=1787540214212:48
[     925ms] [LOG] [popcorn-init] OK: player-module @ http://localhost:3100/src/lib/popcornInit.js?t=1787540214212:48
[    1205ms] [INFO] %cDownload the React DevTools for a better development experience: https://react.dev/link/react-devtools font-weight:bold @ http://localhost:3100/node_modules/.vite/deps/chunk-EEAUBQDT.js?v=708fd709:20096
[    1252ms] [LOG] [App] Clerk page rendered: signup @ http://localhost:3100/src/main.js?t=1787541341128:109
[    2403ms] [LOG] [popcorn-init] OK: plugin-image @ http://localhost:3100/src/lib/popcornInit.js?t=1787540214212:48
[    2615ms] [LOG] [popcorn-init] OK: plugin-jsonTransition @ http://localhost:3100/src/lib/popcornInit.js?t=1787540214212:48
[    2638ms] [WARNING] Clerk: Clerk has been loaded with development keys. Development instances have strict usage limits and should not be used when deploying your application to production. Learn more: https://clerk.com/docs/deployments/overview @ https://clerk.smartvid.app/npm/@clerk/clerk-js@6/dist/clerk.browser.js:11
[    2663ms] [LOG] [popcorn-init] OK: plugin-lottie-json @ http://localhost:3100/src/lib/popcornInit.js?t=1787540214212:48
[    2676ms] [LOG] [popcorn-init] OK: plugin-json-button @ http://localhost:3100/src/lib/popcornInit.js?t=1787540214212:48
[    2686ms] [LOG] [popcorn-init] OK: plugin-personalizedImage @ http://localhost:3100/src/lib/popcornInit.js?t=1787540214212:48
[    2695ms] [LOG] [popcorn-init] OK: plugin-loopPlugin @ http://localhost:3100/src/lib/popcornInit.js?t=1787540214212:48
[    2701ms] [LOG] [popcorn-init] OK: plugin-pausePlugin @ http://localhost:3100/src/lib/popcornInit.js?t=1787540214212:48
[    2716ms] [LOG] [popcorn-init] OK: plugin-form @ http://localhost:3100/src/lib/popcornInit.js?t=1787540214212:48
[    2771ms] [LOG] [popcorn-init] OK: plugin-retarget @ http://localhost:3100/src/lib/popcornInit.js?t=1787540214212:48
[    2771ms] [ERROR] Failed to load resource: the server responded with a status of 400 () @ https://clerk.smartvid.app/v1/environment?__clerk_api_version=2026-05-12&_clerk_js_version=6.29.2&_method=PATCH:0
[    2793ms] [LOG] [popcorn-init] OK: plugin-popup @ http://localhost:3100/src/lib/popcornInit.js?t=1787540214212:48
[    2804ms] [LOG] [popcorn-init] OK: plugin-sequencer @ http://localhost:3100/src/lib/popcornInit.js?t=1787540214212:48
[    2821ms] [LOG] [popcorn-init] OK: plugin-skip @ http://localhost:3100/src/lib/popcornInit.js?t=1787540214212:48
[    2919ms] [LOG] [popcorn-init] OK: plugin-text @ http://localhost:3100/src/lib/popcornInit.js?t=1787540214212:48
[    2951ms] [LOG] [popcorn-init] OK: plugin-social @ http://localhost:3100/src/lib/popcornInit.js?t=1787540214212:48
[    2965ms] [LOG] [popcorn-init] OK: plugin-jsonAnimation @ http://localhost:3100/src/lib/popcornInit.js?t=1787540214212:48
[    2989ms] [LOG] [popcorn-init] OK: plugin-videoTransition @ http://localhost:3100/src/lib/popcornInit.js?t=1787540214212:48
[    3001ms] [LOG] [popcorn-init] OK: plugin-seethroughtext @ http://localhost:3100/src/lib/popcornInit.js?t=1787540214212:48
[    3007ms] [LOG] [popcorn-init] OK: plugin-wikipedia @ http://localhost:3100/src/lib/popcornInit.js?t=1787540214212:48
[    3016ms] [LOG] [popcorn-init] OK: plugin-combined @ http://localhost:3100/src/lib/popcornInit.js?t=1787540214212:48
[    3025ms] [LOG] [popcorn-init] OK: plugin-background @ http://localhost:3100/src/lib/popcornInit.js?t=1787540214212:48
[    3026ms] [LOG] [popcorn-init] SUMMARY: 20/20 plugins registered; all plugins registered @ http://localhost:3100/src/lib/popcornInit.js?t=1787540214212:60
[    3028ms] [LOG] [popcorn] function 19 @ http://localhost:3100/src/main.js?t=1787541341128:4
[   39518ms] [LOG] [App] Starting initialization... @ http://localhost:3100/src/main.js?t=1787541341128:19
[   39535ms] [LOG] [popcorn-init] OK: jquery @ http://localhost:3100/src/lib/popcornInit.js?t=1787540214212:41
[   39540ms] [LOG] [popcorn-init] OK: jquery-textfill @ http://localhost:3100/src/lib/popcornInit.js?t=1787540214212:48
[   39541ms] [LOG] [popcorn-init] OK: popcorn-core @ http://localhost:3100/src/lib/popcornInit.js?t=1787540214212:48
[   39542ms] [LOG] [popcorn-init] OK: popcorn-ie8 @ http://localhost:3100/src/lib/popcornInit.js?t=1787540214212:48
[   39543ms] [LOG] [popcorn-init] OK: wrapper-common @ http://localhost:3100/src/lib/popcornInit.js?t=1787540214212:48
[   39544ms] [LOG] [popcorn-init] OK: wrapper-html5 @ http://localhost:3100/src/lib/popcornInit.js?t=1787540214212:48
[   39544ms] [LOG] [popcorn-init] OK: wrapper-vrview @ http://localhost:3100/src/lib/popcornInit.js?t=1787540214212:48
[   39544ms] [LOG] [popcorn-init] OK: wrapper-adaptive @ http://localhost:3100/src/lib/popcornInit.js?t=1787540214212:48
[   39545ms] [LOG] [popcorn-init] OK: wrapper-null @ http://localhost:3100/src/lib/popcornInit.js?t=1787540214212:48
[   39545ms] [LOG] [popcorn-init] OK: wrapper-soundcloud @ http://localhost:3100/src/lib/popcornInit.js?t=1787540214212:48
[   39546ms] [LOG] [popcorn-init] OK: wrapper-vimeo @ http://localhost:3100/src/lib/popcornInit.js?t=1787540214212:48
[   39546ms] [LOG] [popcorn-init] OK: wrapper-youtube @ http://localhost:3100/src/lib/popcornInit.js?t=1787540214212:48
[   39546ms] [LOG] [popcorn-init] OK: wrapper-jwplayer @ http://localhost:3100/src/lib/popcornInit.js?t=1787540214212:48
[   39547ms] [LOG] [popcorn-init] OK: player-module @ http://localhost:3100/src/lib/popcornInit.js?t=1787540214212:48
[   40625ms] [LOG] [App] Landing page rendered @ http://localhost:3100/src/main.js?t=1787541341128:88
[   41175ms] [LOG] [popcorn-init] OK: plugin-image @ http://localhost:3100/src/lib/popcornInit.js?t=1787540214212:48
[   41177ms] [INFO] %cDownload the React DevTools for a better development experience: https://react.dev/link/react-devtools font-weight:bold @ http://localhost:3100/node_modules/.vite/deps/chunk-EEAUBQDT.js?v=708fd709:20096
[   41618ms] [LOG] [popcorn-init] OK: plugin-jsonTransition @ http://localhost:3100/src/lib/popcornInit.js?t=1787540214212:48
[   41628ms] [LOG] [popcorn-init] OK: plugin-lottie-json @ http://localhost:3100/src/lib/popcornInit.js?t=1787540214212:48
[   41636ms] [LOG] [popcorn-init] OK: plugin-json-button @ http://localhost:3100/src/lib/popcornInit.js?t=1787540214212:48
[   41648ms] [LOG] [popcorn-init] OK: plugin-personalizedImage @ http://localhost:3100/src/lib/popcornInit.js?t=1787540214212:48
[   41655ms] [LOG] [popcorn-init] OK: plugin-loopPlugin @ http://localhost:3100/src/lib/popcornInit.js?t=1787540214212:48
[   41661ms] [LOG] [popcorn-init] OK: plugin-pausePlugin @ http://localhost:3100/src/lib/popcornInit.js?t=1787540214212:48
[   41671ms] [LOG] [popcorn-init] OK: plugin-form @ http://localhost:3100/src/lib/popcornInit.js?t=1787540214212:48
[   41686ms] [LOG] [popcorn-init] OK: plugin-retarget @ http://localhost:3100/src/lib/popcornInit.js?t=1787540214212:48
[   41694ms] [LOG] [popcorn-init] OK: plugin-popup @ http://localhost:3100/src/lib/popcornInit.js?t=1787540214212:48
[   41704ms] [LOG] [popcorn-init] OK: plugin-sequencer @ http://localhost:3100/src/lib/popcornInit.js?t=1787540214212:48
[   41714ms] [LOG] [popcorn-init] OK: plugin-skip @ http://localhost:3100/src/lib/popcornInit.js?t=1787540214212:48
[   41744ms] [LOG] [popcorn-init] OK: plugin-text @ http://localhost:3100/src/lib/popcornInit.js?t=1787540214212:48
[   41780ms] [LOG] [popcorn-init] OK: plugin-social @ http://localhost:3100/src/lib/popcornInit.js?t=1787540214212:48
[   41799ms] [LOG] [popcorn-init] OK: plugin-jsonAnimation @ http://localhost:3100/src/lib/popcornInit.js?t=1787540214212:48
[   41862ms] [LOG] [popcorn-init] OK: plugin-videoTransition @ http://localhost:3100/src/lib/popcornInit.js?t=1787540214212:48
[   41879ms] [LOG] [popcorn-init] OK: plugin-seethroughtext @ http://localhost:3100/src/lib/popcornInit.js?t=1787540214212:48
[   41884ms] [LOG] [popcorn-init] OK: plugin-wikipedia @ http://localhost:3100/src/lib/popcornInit.js?t=1787540214212:48
[   41923ms] [LOG] [popcorn-init] OK: plugin-combined @ http://localhost:3100/src/lib/popcornInit.js?t=1787540214212:48
[   41943ms] [LOG] [popcorn-init] OK: plugin-background @ http://localhost:3100/src/lib/popcornInit.js?t=1787540214212:48
[   41944ms] [LOG] [popcorn-init] SUMMARY: 20/20 plugins registered; all plugins registered @ http://localhost:3100/src/lib/popcornInit.js?t=1787540214212:60
[   41945ms] [LOG] [popcorn] function 19 @ http://localhost:3100/src/main.js?t=1787541341128:4
