[     594ms] [LOG] [App] Starting initialization... @ http://localhost:5173/src/main.js?t=1787480954233:19
[     621ms] [LOG] [popcorn-init] OK: jquery @ http://localhost:5173/src/lib/popcornInit.js?t=1787480813691:41
[     623ms] [LOG] [popcorn-init] OK: jquery-textfill @ http://localhost:5173/src/lib/popcornInit.js?t=1787480813691:48
[     624ms] [LOG] [popcorn-init] OK: popcorn-core @ http://localhost:5173/src/lib/popcornInit.js?t=1787480813691:48
[     624ms] [LOG] [popcorn-init] OK: popcorn-ie8 @ http://localhost:5173/src/lib/popcornInit.js?t=1787480813691:48
[     625ms] [LOG] [popcorn-init] OK: wrapper-common @ http://localhost:5173/src/lib/popcornInit.js?t=1787480813691:48
[     625ms] [LOG] [popcorn-init] OK: wrapper-html5 @ http://localhost:5173/src/lib/popcornInit.js?t=1787480813691:48
[     626ms] [LOG] [popcorn-init] OK: wrapper-vrview @ http://localhost:5173/src/lib/popcornInit.js?t=1787480813691:48
[     626ms] [LOG] [popcorn-init] OK: wrapper-adaptive @ http://localhost:5173/src/lib/popcornInit.js?t=1787480813691:48
[     627ms] [LOG] [popcorn-init] OK: wrapper-null @ http://localhost:5173/src/lib/popcornInit.js?t=1787480813691:48
[     627ms] [LOG] [popcorn-init] OK: wrapper-soundcloud @ http://localhost:5173/src/lib/popcornInit.js?t=1787480813691:48
[     628ms] [LOG] [popcorn-init] OK: wrapper-vimeo @ http://localhost:5173/src/lib/popcornInit.js?t=1787480813691:48
[     628ms] [LOG] [popcorn-init] OK: wrapper-youtube @ http://localhost:5173/src/lib/popcornInit.js?t=1787480813691:48
[     629ms] [LOG] [popcorn-init] OK: wrapper-jwplayer @ http://localhost:5173/src/lib/popcornInit.js?t=1787480813691:48
[     629ms] [LOG] [popcorn-init] OK: player-module @ http://localhost:5173/src/lib/popcornInit.js?t=1787480813691:48
[    1522ms] [INFO] %cDownload the React DevTools for a better development experience: https://react.dev/link/react-devtools font-weight:bold @ http://localhost:5173/node_modules/.vite/deps/chunk-EEAUBQDT.js?v=67954b94:20096
[    1536ms] [LOG] [App] Initialized in 941.60ms @ http://localhost:5173/src/main.js?t=1787480954233:164
[    1536ms] [LOG] [App] Navigating to initial page: templates @ http://localhost:5173/src/main.js?t=1787480954233:165
[    1536ms] [INFO] [App] Dev auth bypass active — skipping setup popup. @ http://localhost:5173/src/main.js?t=1787480954233:176
[    3077ms] [LOG] [popcorn-init] OK: plugin-image @ http://localhost:5173/src/lib/popcornInit.js?t=1787480813691:48
[    6379ms] [WARNING] Clerk: Clerk has been loaded with development keys. Development instances have strict usage limits and should not be used when deploying your application to production. Learn more: https://clerk.com/docs/deployments/overview @ https://clerk.smartvid.app/npm/@clerk/clerk-js@6/dist/clerk.browser.js:11
[    6618ms] [ERROR] Failed to load resource: the server responded with a status of 400 () @ https://clerk.smartvid.app/v1/environment?__clerk_api_version=2026-05-12&_clerk_js_version=6.29.2&_method=PATCH:0
[    7133ms] [LOG] [popcorn-init] OK: plugin-jsonTransition @ http://localhost:5173/src/lib/popcornInit.js?t=1787480813691:48
[   11815ms] [LOG] [App] Starting initialization... @ http://localhost:5173/src/main.js?t=1787480994638:19
[   11972ms] [LOG] [popcorn-init] OK: jquery @ http://localhost:5173/src/lib/popcornInit.js?t=1787480994638:41
[   11977ms] [LOG] [popcorn-init] OK: jquery-textfill @ http://localhost:5173/src/lib/popcornInit.js?t=1787480994638:48
[   11980ms] [LOG] [popcorn-init] OK: popcorn-core @ http://localhost:5173/src/lib/popcornInit.js?t=1787480994638:48
[   11982ms] [LOG] [popcorn-init] OK: popcorn-ie8 @ http://localhost:5173/src/lib/popcornInit.js?t=1787480994638:48
[   11982ms] [LOG] [popcorn-init] OK: wrapper-common @ http://localhost:5173/src/lib/popcornInit.js?t=1787480994638:48
[   11983ms] [LOG] [popcorn-init] OK: wrapper-html5 @ http://localhost:5173/src/lib/popcornInit.js?t=1787480994638:48
[   11983ms] [LOG] [popcorn-init] OK: wrapper-vrview @ http://localhost:5173/src/lib/popcornInit.js?t=1787480994638:48
[   11984ms] [LOG] [popcorn-init] OK: wrapper-adaptive @ http://localhost:5173/src/lib/popcornInit.js?t=1787480994638:48
[   11985ms] [LOG] [popcorn-init] OK: wrapper-null @ http://localhost:5173/src/lib/popcornInit.js?t=1787480994638:48
[   11985ms] [LOG] [popcorn-init] OK: wrapper-soundcloud @ http://localhost:5173/src/lib/popcornInit.js?t=1787480994638:48
[   11986ms] [LOG] [popcorn-init] OK: wrapper-vimeo @ http://localhost:5173/src/lib/popcornInit.js?t=1787480994638:48
[   11986ms] [LOG] [popcorn-init] OK: wrapper-youtube @ http://localhost:5173/src/lib/popcornInit.js?t=1787480994638:48
[   11987ms] [LOG] [popcorn-init] OK: wrapper-jwplayer @ http://localhost:5173/src/lib/popcornInit.js?t=1787480994638:48
[   11988ms] [LOG] [popcorn-init] OK: player-module @ http://localhost:5173/src/lib/popcornInit.js?t=1787480994638:48
[   12799ms] [INFO] %cDownload the React DevTools for a better development experience: https://react.dev/link/react-devtools font-weight:bold @ http://localhost:5173/node_modules/.vite/deps/chunk-EEAUBQDT.js?v=67954b94:20096
[   12816ms] [LOG] [App] Initialized in 1000.30ms @ http://localhost:5173/src/main.js?t=1787480994638:164
[   12816ms] [LOG] [App] Navigating to initial page: templates @ http://localhost:5173/src/main.js?t=1787480994638:165
[   12817ms] [INFO] [App] Dev auth bypass active — skipping setup popup. @ http://localhost:5173/src/main.js?t=1787480994638:176
[   15233ms] [WARNING] Clerk: Clerk has been loaded with development keys. Development instances have strict usage limits and should not be used when deploying your application to production. Learn more: https://clerk.com/docs/deployments/overview @ https://clerk.smartvid.app/npm/@clerk/clerk-js@6/dist/clerk.browser.js:11
[   15301ms] [LOG] [popcorn-init] OK: plugin-image @ http://localhost:5173/src/lib/popcornInit.js?t=1787480994638:48
[   15351ms] [ERROR] Failed to load resource: the server responded with a status of 400 () @ https://clerk.smartvid.app/v1/environment?__clerk_api_version=2026-05-12&_clerk_js_version=6.29.2&_method=PATCH:0
[   18365ms] [LOG] [popcorn-init] OK: plugin-jsonTransition @ http://localhost:5173/src/lib/popcornInit.js?t=1787480994638:48
[   18592ms] [LOG] [popcorn-init] OK: plugin-lottie-json @ http://localhost:5173/src/lib/popcornInit.js?t=1787480994638:48
[   21461ms] [LOG] [popcorn-init] OK: plugin-json-button @ http://localhost:5173/src/lib/popcornInit.js?t=1787480994638:48
[   21591ms] [LOG] [popcorn-init] OK: plugin-personalizedImage @ http://localhost:5173/src/lib/popcornInit.js?t=1787480994638:48
[   21600ms] [LOG] [popcorn-init] OK: plugin-loopPlugin @ http://localhost:5173/src/lib/popcornInit.js?t=1787480994638:48
[   21610ms] [LOG] [popcorn-init] OK: plugin-pausePlugin @ http://localhost:5173/src/lib/popcornInit.js?t=1787480994638:48
[   21642ms] [LOG] [popcorn-init] OK: plugin-form @ http://localhost:5173/src/lib/popcornInit.js?t=1787480994638:48
[   21674ms] [LOG] [popcorn-init] OK: plugin-retarget @ http://localhost:5173/src/lib/popcornInit.js?t=1787480994638:48
[   21684ms] [LOG] [popcorn-init] OK: plugin-popup @ http://localhost:5173/src/lib/popcornInit.js?t=1787480994638:48
[   21702ms] [LOG] [popcorn-init] OK: plugin-sequencer @ http://localhost:5173/src/lib/popcornInit.js?t=1787480994638:48
[   21708ms] [LOG] [popcorn-init] OK: plugin-skip @ http://localhost:5173/src/lib/popcornInit.js?t=1787480994638:48
[   22465ms] [LOG] [popcorn-init] OK: plugin-text @ http://localhost:5173/src/lib/popcornInit.js?t=1787480994638:48
[   22504ms] [LOG] [popcorn-init] OK: plugin-social @ http://localhost:5173/src/lib/popcornInit.js?t=1787480994638:48
[   22555ms] [LOG] [popcorn-init] OK: plugin-jsonAnimation @ http://localhost:5173/src/lib/popcornInit.js?t=1787480994638:48
[   22582ms] [LOG] [popcorn-init] OK: plugin-videoTransition @ http://localhost:5173/src/lib/popcornInit.js?t=1787480994638:48
[   22751ms] [LOG] [popcorn-init] OK: plugin-seethroughtext @ http://localhost:5173/src/lib/popcornInit.js?t=1787480994638:48
[   22759ms] [LOG] [popcorn-init] OK: plugin-wikipedia @ http://localhost:5173/src/lib/popcornInit.js?t=1787480994638:48
[   22780ms] [LOG] [popcorn-init] OK: plugin-combined @ http://localhost:5173/src/lib/popcornInit.js?t=1787480994638:48
[   22979ms] [LOG] [popcorn-init] OK: plugin-background @ http://localhost:5173/src/lib/popcornInit.js?t=1787480994638:48
[   22979ms] [LOG] [popcorn-init] SUMMARY: 20/20 plugins registered; all plugins registered @ http://localhost:5173/src/lib/popcornInit.js?t=1787480994638:60
[   22980ms] [LOG] [popcorn] function 19 @ http://localhost:5173/src/main.js?t=1787480994638:4
