[     346ms] [LOG] [App] Starting initialization... @ http://localhost:3104/src/main.js?t=1787324459791:19
[     364ms] [LOG] [popcorn-init] OK: jquery @ http://localhost:3104/src/lib/popcornInit.js?t=1787324098102:41
[     366ms] [LOG] [popcorn-init] OK: jquery-textfill @ http://localhost:3104/src/lib/popcornInit.js?t=1787324098102:48
[     368ms] [LOG] [popcorn-init] OK: popcorn-core @ http://localhost:3104/src/lib/popcornInit.js?t=1787324098102:48
[     370ms] [LOG] [popcorn-init] OK: popcorn-ie8 @ http://localhost:3104/src/lib/popcornInit.js?t=1787324098102:48
[     373ms] [LOG] [popcorn-init] OK: wrapper-common @ http://localhost:3104/src/lib/popcornInit.js?t=1787324098102:48
[     374ms] [LOG] [popcorn-init] OK: wrapper-html5 @ http://localhost:3104/src/lib/popcornInit.js?t=1787324098102:48
[     376ms] [LOG] [popcorn-init] OK: wrapper-vrview @ http://localhost:3104/src/lib/popcornInit.js?t=1787324098102:48
[     377ms] [LOG] [popcorn-init] OK: wrapper-adaptive @ http://localhost:3104/src/lib/popcornInit.js?t=1787324098102:48
[     379ms] [LOG] [popcorn-init] OK: wrapper-null @ http://localhost:3104/src/lib/popcornInit.js?t=1787324098102:48
[     380ms] [LOG] [popcorn-init] OK: wrapper-soundcloud @ http://localhost:3104/src/lib/popcornInit.js?t=1787324098102:48
[     380ms] [LOG] [popcorn-init] OK: wrapper-vimeo @ http://localhost:3104/src/lib/popcornInit.js?t=1787324098102:48
[     381ms] [LOG] [popcorn-init] OK: wrapper-youtube @ http://localhost:3104/src/lib/popcornInit.js?t=1787324098102:48
[     381ms] [LOG] [popcorn-init] OK: wrapper-jwplayer @ http://localhost:3104/src/lib/popcornInit.js?t=1787324098102:48
[     382ms] [LOG] [LandingPage] Header.jsx loaded @ http://localhost:3104/src/components/landing/LandingPage.jsx?t=1787324459791:168
[     383ms] [LOG] [popcorn-init] OK: player-module @ http://localhost:3104/src/lib/popcornInit.js?t=1787324098102:48
[     467ms] [LOG] [LandingPage] CinematicVideoHero.jsx loaded @ http://localhost:3104/src/components/landing/LandingPage.jsx?t=1787324459791:179
[     690ms] [LOG] [LandingPage] HeroSection.jsx loaded @ http://localhost:3104/src/components/landing/LandingPage.jsx?t=1787324459791:190
[     692ms] [LOG] [LandingPage] Observer created for: scrolling placeholder id: section-scrolling @ http://localhost:3104/src/components/landing/LandingPage.jsx?t=1787324459791:154
[     692ms] [LOG] [LandingPage] Observer created for: hook placeholder id: section-hook @ http://localhost:3104/src/components/landing/LandingPage.jsx?t=1787324459791:154
[     692ms] [LOG] [LandingPage] Observer created for: engines placeholder id: section-engines @ http://localhost:3104/src/components/landing/LandingPage.jsx?t=1787324459791:154
[     692ms] [LOG] [LandingPage] Observer created for: apps placeholder id: section-apps @ http://localhost:3104/src/components/landing/LandingPage.jsx?t=1787324459791:154
[     693ms] [LOG] [LandingPage] Observer created for: features placeholder id: section-features @ http://localhost:3104/src/components/landing/LandingPage.jsx?t=1787324459791:154
[     693ms] [LOG] [LandingPage] Observer created for: problem placeholder id: section-problem @ http://localhost:3104/src/components/landing/LandingPage.jsx?t=1787324459791:154
[     693ms] [LOG] [LandingPage] Observer created for: workflow placeholder id: section-workflow @ http://localhost:3104/src/components/landing/LandingPage.jsx?t=1787324459791:154
[     693ms] [LOG] [LandingPage] Observer created for: comparison placeholder id: section-comparison @ http://localhost:3104/src/components/landing/LandingPage.jsx?t=1787324459791:154
[     693ms] [LOG] [LandingPage] Observer created for: value placeholder id: section-value @ http://localhost:3104/src/components/landing/LandingPage.jsx?t=1787324459791:154
[     693ms] [LOG] [LandingPage] Observer created for: agency placeholder id: section-agency @ http://localhost:3104/src/components/landing/LandingPage.jsx?t=1787324459791:154
[     693ms] [LOG] [LandingPage] Observer created for: offer placeholder id: section-offer @ http://localhost:3104/src/components/landing/LandingPage.jsx?t=1787324459791:154
[     693ms] [LOG] [LandingPage] Observer created for: cta placeholder id: section-cta @ http://localhost:3104/src/components/landing/LandingPage.jsx?t=1787324459791:154
[     693ms] [LOG] [LandingPage] Observer created for: ai-workflow placeholder id: section-ai-workflow @ http://localhost:3104/src/components/landing/LandingPage.jsx?t=1787324459791:154
[     693ms] [LOG] [LandingPage] Observer created for: made-with placeholder id: section-made-with @ http://localhost:3104/src/components/landing/LandingPage.jsx?t=1787324459791:154
[     693ms] [LOG] [LandingPage] Observer created for: ugc placeholder id: section-ugc @ http://localhost:3104/src/components/landing/LandingPage.jsx?t=1787324459791:154
[     693ms] [LOG] [LandingPage] Observer created for: gallery placeholder id: section-gallery @ http://localhost:3104/src/components/landing/LandingPage.jsx?t=1787324459791:154
[     693ms] [LOG] [LandingPage] Observer created for: academy placeholder id: section-academy @ http://localhost:3104/src/components/landing/LandingPage.jsx?t=1787324459791:154
[     693ms] [LOG] [LandingPage] Observer created for: repo-cinema placeholder id: section-repo-cinema @ http://localhost:3104/src/components/landing/LandingPage.jsx?t=1787324459791:154
[     693ms] [LOG] [LandingPage] Observer created for: repo-commercial placeholder id: section-repo-commercial @ http://localhost:3104/src/components/landing/LandingPage.jsx?t=1787324459791:154
[     693ms] [LOG] [LandingPage] Observer created for: repo-social-ads placeholder id: section-repo-social-ads @ http://localhost:3104/src/components/landing/LandingPage.jsx?t=1787324459791:154
[     694ms] [LOG] [LandingPage] Observer created for: repo-narrative placeholder id: section-repo-narrative @ http://localhost:3104/src/components/landing/LandingPage.jsx?t=1787324459791:154
[     694ms] [LOG] [LandingPage] Observer created for: repo-vertical placeholder id: section-repo-vertical @ http://localhost:3104/src/components/landing/LandingPage.jsx?t=1787324459791:154
[     694ms] [LOG] [LandingPage] Observer created for: repo-ecommerce placeholder id: section-repo-ecommerce @ http://localhost:3104/src/components/landing/LandingPage.jsx?t=1787324459791:154
[     694ms] [LOG] [LandingPage] Observer created for: repo-kinetic placeholder id: section-repo-kinetic @ http://localhost:3104/src/components/landing/LandingPage.jsx?t=1787324459791:154
[     694ms] [LOG] [LandingPage] Observer created for: repo-animated placeholder id: section-repo-animated @ http://localhost:3104/src/components/landing/LandingPage.jsx?t=1787324459791:154
[     694ms] [LOG] [LandingPage] Observer created for: repo-animation placeholder id: section-repo-animation @ http://localhost:3104/src/components/landing/LandingPage.jsx?t=1787324459791:154
[     694ms] [LOG] [LandingPage] Observer created for: repo-reference placeholder id: section-repo-reference @ http://localhost:3104/src/components/landing/LandingPage.jsx?t=1787324459791:154
[     694ms] [LOG] [LandingPage] Observer created for: repo-vfx placeholder id: section-repo-vfx @ http://localhost:3104/src/components/landing/LandingPage.jsx?t=1787324459791:154
[     694ms] [LOG] [LandingPage] Observer created for: repo-fashion placeholder id: section-repo-fashion @ http://localhost:3104/src/components/landing/LandingPage.jsx?t=1787324459791:154
[     694ms] [LOG] [LandingPage] Observer created for: repos placeholder id: section-repos @ http://localhost:3104/src/components/landing/LandingPage.jsx?t=1787324459791:154
[     695ms] [LOG] [LandingPage] Observer created for: gtm-boost placeholder id: section-gtm-boost @ http://localhost:3104/src/components/landing/LandingPage.jsx?t=1787324459791:154
[     696ms] [LOG] [App] Landing page rendered @ http://localhost:3104/src/main.js?t=1787324459791:88
[     724ms] [LOG] [LandingPage] IntersectionObserver fired for repo-social-ads [Object] @ http://localhost:3104/src/components/landing/LandingPage.jsx?t=1787324459791:119
[     724ms] [LOG] [LandingPage] Loading section: repo-social-ads @ http://localhost:3104/src/components/landing/LandingPage.jsx?t=1787324459791:122
[     725ms] [LOG] [LandingPage] IntersectionObserver fired for repo-animation [Object] @ http://localhost:3104/src/components/landing/LandingPage.jsx?t=1787324459791:119
[     725ms] [LOG] [LandingPage] Loading section: repo-animation @ http://localhost:3104/src/components/landing/LandingPage.jsx?t=1787324459791:122
[     725ms] [LOG] [LandingPage] IntersectionObserver fired for problem [Object] @ http://localhost:3104/src/components/landing/LandingPage.jsx?t=1787324459791:119
[     725ms] [LOG] [LandingPage] Loading section: problem @ http://localhost:3104/src/components/landing/LandingPage.jsx?t=1787324459791:122
[     726ms] [LOG] [LandingPage] IntersectionObserver fired for repo-commercial [Object] @ http://localhost:3104/src/components/landing/LandingPage.jsx?t=1787324459791:119
[     726ms] [LOG] [LandingPage] Loading section: repo-commercial @ http://localhost:3104/src/components/landing/LandingPage.jsx?t=1787324459791:122
[     726ms] [LOG] [LandingPage] IntersectionObserver fired for repo-cinema [Object] @ http://localhost:3104/src/components/landing/LandingPage.jsx?t=1787324459791:119
[     726ms] [LOG] [LandingPage] Loading section: repo-cinema @ http://localhost:3104/src/components/landing/LandingPage.jsx?t=1787324459791:122
[     726ms] [LOG] [LandingPage] IntersectionObserver fired for apps [Object] @ http://localhost:3104/src/components/landing/LandingPage.jsx?t=1787324459791:119
[     726ms] [LOG] [LandingPage] Loading section: apps @ http://localhost:3104/src/components/landing/LandingPage.jsx?t=1787324459791:122
[     727ms] [LOG] [LandingPage] IntersectionObserver fired for repo-kinetic [Object] @ http://localhost:3104/src/components/landing/LandingPage.jsx?t=1787324459791:119
[     727ms] [LOG] [LandingPage] Loading section: repo-kinetic @ http://localhost:3104/src/components/landing/LandingPage.jsx?t=1787324459791:122
[     727ms] [LOG] [LandingPage] IntersectionObserver fired for comparison [Object] @ http://localhost:3104/src/components/landing/LandingPage.jsx?t=1787324459791:119
[     727ms] [LOG] [LandingPage] Loading section: comparison @ http://localhost:3104/src/components/landing/LandingPage.jsx?t=1787324459791:122
[     728ms] [LOG] [LandingPage] IntersectionObserver fired for made-with [Object] @ http://localhost:3104/src/components/landing/LandingPage.jsx?t=1787324459791:119
[     728ms] [LOG] [LandingPage] Loading section: made-with @ http://localhost:3104/src/components/landing/LandingPage.jsx?t=1787324459791:122
[     728ms] [LOG] [LandingPage] IntersectionObserver fired for repo-reference [Object] @ http://localhost:3104/src/components/landing/LandingPage.jsx?t=1787324459791:119
[     729ms] [LOG] [LandingPage] Loading section: repo-reference @ http://localhost:3104/src/components/landing/LandingPage.jsx?t=1787324459791:122
[     729ms] [LOG] [LandingPage] IntersectionObserver fired for ugc [Object] @ http://localhost:3104/src/components/landing/LandingPage.jsx?t=1787324459791:119
[     729ms] [LOG] [LandingPage] Loading section: ugc @ http://localhost:3104/src/components/landing/LandingPage.jsx?t=1787324459791:122
[     729ms] [LOG] [LandingPage] IntersectionObserver fired for repos [Object] @ http://localhost:3104/src/components/landing/LandingPage.jsx?t=1787324459791:119
[     730ms] [LOG] [LandingPage] Loading section: repos @ http://localhost:3104/src/components/landing/LandingPage.jsx?t=1787324459791:122
[     730ms] [LOG] [LandingPage] IntersectionObserver fired for features [Object] @ http://localhost:3104/src/components/landing/LandingPage.jsx?t=1787324459791:119
[     730ms] [LOG] [LandingPage] Loading section: features @ http://localhost:3104/src/components/landing/LandingPage.jsx?t=1787324459791:122
[     730ms] [LOG] [LandingPage] IntersectionObserver fired for ai-workflow [Object] @ http://localhost:3104/src/components/landing/LandingPage.jsx?t=1787324459791:119
[     731ms] [LOG] [LandingPage] Loading section: ai-workflow @ http://localhost:3104/src/components/landing/LandingPage.jsx?t=1787324459791:122
[     732ms] [LOG] [LandingPage] IntersectionObserver fired for repo-animated [Object] @ http://localhost:3104/src/components/landing/LandingPage.jsx?t=1787324459791:119
[     732ms] [LOG] [LandingPage] Loading section: repo-animated @ http://localhost:3104/src/components/landing/LandingPage.jsx?t=1787324459791:122
[     732ms] [LOG] [LandingPage] IntersectionObserver fired for repo-narrative [Object] @ http://localhost:3104/src/components/landing/LandingPage.jsx?t=1787324459791:119
[     733ms] [LOG] [LandingPage] Loading section: repo-narrative @ http://localhost:3104/src/components/landing/LandingPage.jsx?t=1787324459791:122
[     733ms] [LOG] [LandingPage] IntersectionObserver fired for gtm-boost [Object] @ http://localhost:3104/src/components/landing/LandingPage.jsx?t=1787324459791:119
[     733ms] [LOG] [LandingPage] Loading section: gtm-boost @ http://localhost:3104/src/components/landing/LandingPage.jsx?t=1787324459791:122
[     734ms] [LOG] [LandingPage] IntersectionObserver fired for workflow [Object] @ http://localhost:3104/src/components/landing/LandingPage.jsx?t=1787324459791:119
[     734ms] [LOG] [LandingPage] Loading section: workflow @ http://localhost:3104/src/components/landing/LandingPage.jsx?t=1787324459791:122
[     735ms] [LOG] [LandingPage] IntersectionObserver fired for repo-vfx [Object] @ http://localhost:3104/src/components/landing/LandingPage.jsx?t=1787324459791:119
[     735ms] [LOG] [LandingPage] Loading section: repo-vfx @ http://localhost:3104/src/components/landing/LandingPage.jsx?t=1787324459791:122
[     735ms] [LOG] [LandingPage] IntersectionObserver fired for cta [Object] @ http://localhost:3104/src/components/landing/LandingPage.jsx?t=1787324459791:119
[     737ms] [LOG] [LandingPage] Loading section: cta @ http://localhost:3104/src/components/landing/LandingPage.jsx?t=1787324459791:122
[     737ms] [LOG] [LandingPage] IntersectionObserver fired for hook [Object] @ http://localhost:3104/src/components/landing/LandingPage.jsx?t=1787324459791:119
[     737ms] [LOG] [LandingPage] Loading section: hook @ http://localhost:3104/src/components/landing/LandingPage.jsx?t=1787324459791:122
[     738ms] [LOG] [LandingPage] IntersectionObserver fired for offer [Object] @ http://localhost:3104/src/components/landing/LandingPage.jsx?t=1787324459791:119
[     738ms] [LOG] [LandingPage] Loading section: offer @ http://localhost:3104/src/components/landing/LandingPage.jsx?t=1787324459791:122
[     738ms] [LOG] [LandingPage] IntersectionObserver fired for engines [Object] @ http://localhost:3104/src/components/landing/LandingPage.jsx?t=1787324459791:119
[     738ms] [LOG] [LandingPage] Loading section: engines @ http://localhost:3104/src/components/landing/LandingPage.jsx?t=1787324459791:122
[     739ms] [LOG] [LandingPage] IntersectionObserver fired for repo-fashion [Object] @ http://localhost:3104/src/components/landing/LandingPage.jsx?t=1787324459791:119
[     739ms] [LOG] [LandingPage] Loading section: repo-fashion @ http://localhost:3104/src/components/landing/LandingPage.jsx?t=1787324459791:122
[     739ms] [LOG] [LandingPage] IntersectionObserver fired for gallery [Object] @ http://localhost:3104/src/components/landing/LandingPage.jsx?t=1787324459791:119
[     739ms] [LOG] [LandingPage] Loading section: gallery @ http://localhost:3104/src/components/landing/LandingPage.jsx?t=1787324459791:122
[     740ms] [LOG] [LandingPage] IntersectionObserver fired for value [Object] @ http://localhost:3104/src/components/landing/LandingPage.jsx?t=1787324459791:119
[     740ms] [LOG] [LandingPage] Loading section: value @ http://localhost:3104/src/components/landing/LandingPage.jsx?t=1787324459791:122
[     740ms] [LOG] [LandingPage] IntersectionObserver fired for repo-vertical [Object] @ http://localhost:3104/src/components/landing/LandingPage.jsx?t=1787324459791:119
[     740ms] [LOG] [LandingPage] Loading section: repo-vertical @ http://localhost:3104/src/components/landing/LandingPage.jsx?t=1787324459791:122
[     741ms] [LOG] [LandingPage] IntersectionObserver fired for academy [Object] @ http://localhost:3104/src/components/landing/LandingPage.jsx?t=1787324459791:119
[     741ms] [LOG] [LandingPage] Loading section: academy @ http://localhost:3104/src/components/landing/LandingPage.jsx?t=1787324459791:122
[     741ms] [LOG] [LandingPage] IntersectionObserver fired for repo-ecommerce [Object] @ http://localhost:3104/src/components/landing/LandingPage.jsx?t=1787324459791:119
[     741ms] [LOG] [LandingPage] Loading section: repo-ecommerce @ http://localhost:3104/src/components/landing/LandingPage.jsx?t=1787324459791:122
[     742ms] [LOG] [LandingPage] IntersectionObserver fired for scrolling [Object] @ http://localhost:3104/src/components/landing/LandingPage.jsx?t=1787324459791:119
[     742ms] [LOG] [LandingPage] Loading section: scrolling @ http://localhost:3104/src/components/landing/LandingPage.jsx?t=1787324459791:122
[     742ms] [LOG] [LandingPage] IntersectionObserver fired for agency [Object] @ http://localhost:3104/src/components/landing/LandingPage.jsx?t=1787324459791:119
[     742ms] [LOG] [LandingPage] Loading section: agency @ http://localhost:3104/src/components/landing/LandingPage.jsx?t=1787324459791:122
[    1150ms] [LOG] [LandingPage] Section loaded: problem @ http://localhost:3104/src/components/landing/LandingPage.jsx?t=1787324459791:141
[    1156ms] [LOG] [LandingPage] Section loaded: comparison @ http://localhost:3104/src/components/landing/LandingPage.jsx?t=1787324459791:141
[    1165ms] [LOG] [LandingPage] Section loaded: repos @ http://localhost:3104/src/components/landing/LandingPage.jsx?t=1787324459791:141
[    1167ms] [LOG] [LandingPage] Section loaded: features @ http://localhost:3104/src/components/landing/LandingPage.jsx?t=1787324459791:141
[    1183ms] [LOG] [LandingPage] Section loaded: workflow @ http://localhost:3104/src/components/landing/LandingPage.jsx?t=1787324459791:141
[    1184ms] [LOG] [LandingPage] Section loaded: cta @ http://localhost:3104/src/components/landing/LandingPage.jsx?t=1787324459791:141
[    1184ms] [LOG] [LandingPage] Section loaded: hook @ http://localhost:3104/src/components/landing/LandingPage.jsx?t=1787324459791:141
[    1187ms] [LOG] [LandingPage] Section loaded: offer @ http://localhost:3104/src/components/landing/LandingPage.jsx?t=1787324459791:141
[    1190ms] [LOG] [LandingPage] Section loaded: engines @ http://localhost:3104/src/components/landing/LandingPage.jsx?t=1787324459791:141
[    1193ms] [LOG] [LandingPage] Section loaded: value @ http://localhost:3104/src/components/landing/LandingPage.jsx?t=1787324459791:141
[    1204ms] [LOG] [LandingPage] Section loaded: scrolling @ http://localhost:3104/src/components/landing/LandingPage.jsx?t=1787324459791:141
[    1408ms] [LOG] [LandingPage] Section loaded: gallery @ http://localhost:3104/src/components/landing/LandingPage.jsx?t=1787324459791:141
[    1426ms] [LOG] [LandingPage] Section loaded: made-with @ http://localhost:3104/src/components/landing/LandingPage.jsx?t=1787324459791:141
[    1432ms] [LOG] [LandingPage] Section loaded: gtm-boost @ http://localhost:3104/src/components/landing/LandingPage.jsx?t=1787324459791:141
[    1453ms] [LOG] [LandingPage] Section loaded: ai-workflow @ http://localhost:3104/src/components/landing/LandingPage.jsx?t=1787324459791:141
[    1544ms] [LOG] [LandingPage] Section loaded: ugc @ http://localhost:3104/src/components/landing/LandingPage.jsx?t=1787324459791:141
[    1555ms] [LOG] [LandingPage] Section loaded: repo-commercial @ http://localhost:3104/src/components/landing/LandingPage.jsx?t=1787324459791:141
[    1561ms] [LOG] [LandingPage] Section loaded: repo-fashion @ http://localhost:3104/src/components/landing/LandingPage.jsx?t=1787324459791:141
[    1569ms] [LOG] [LandingPage] Section loaded: repo-narrative @ http://localhost:3104/src/components/landing/LandingPage.jsx?t=1787324459791:141
[    1578ms] [LOG] [LandingPage] Section loaded: repo-vertical @ http://localhost:3104/src/components/landing/LandingPage.jsx?t=1787324459791:141
[    1585ms] [LOG] [LandingPage] Section loaded: repo-animation @ http://localhost:3104/src/components/landing/LandingPage.jsx?t=1787324459791:141
[    1593ms] [LOG] [LandingPage] Section loaded: repo-reference @ http://localhost:3104/src/components/landing/LandingPage.jsx?t=1787324459791:141
[    1655ms] [LOG] [LandingPage] Section loaded: repo-animated @ http://localhost:3104/src/components/landing/LandingPage.jsx?t=1787324459791:141
[    2050ms] [LOG] [LandingPage] Section loaded: repo-vfx @ http://localhost:3104/src/components/landing/LandingPage.jsx?t=1787324459791:141
[    2076ms] [LOG] [LandingPage] Section loaded: repo-ecommerce @ http://localhost:3104/src/components/landing/LandingPage.jsx?t=1787324459791:141
[    2090ms] [LOG] [LandingPage] Section loaded: repo-kinetic @ http://localhost:3104/src/components/landing/LandingPage.jsx?t=1787324459791:141
[    2105ms] [LOG] [LandingPage] Section loaded: repo-social-ads @ http://localhost:3104/src/components/landing/LandingPage.jsx?t=1787324459791:141
[    2123ms] [LOG] [LandingPage] Section loaded: repo-cinema @ http://localhost:3104/src/components/landing/LandingPage.jsx?t=1787324459791:141
[    2129ms] [LOG] [LandingPage] Section loaded: agency @ http://localhost:3104/src/components/landing/LandingPage.jsx?t=1787324459791:141
[    2134ms] [LOG] [LandingPage] Section loaded: apps @ http://localhost:3104/src/components/landing/LandingPage.jsx?t=1787324459791:141
[    2223ms] [LOG] [LandingPage] Section loaded: academy @ http://localhost:3104/src/components/landing/LandingPage.jsx?t=1787324459791:141
[    2413ms] [ERROR] Executing inline event handler violates the following Content Security Policy directive 'script-src 'self' 'sha256-Z2/iFzh9VMlVkEOar1f/oSHWwQk3ve1qk/C2WdsC4Xk=' https://clerk.smartvid.app https://clerk.smartvid.app https://challenges.cloudflare.com blob:'. Either the 'unsafe-inline' keyword, a hash ('sha256-...'), or a nonce ('nonce-...') is required to enable inline execution. Note that hashes do not apply to event handlers, style attributes and javascript: navigations unless the 'unsafe-hashes' keyword is present. The action has been blocked. @ http://localhost:3104/:0
[    2574ms] [INFO] %cDownload the React DevTools for a better development experience: https://react.dev/link/react-devtools font-weight:bold @ http://localhost:3104/node_modules/.vite/deps/chunk-EEAUBQDT.js?v=614e0d00:20096
[    2585ms] [ERROR] [ModalSystem] mount failed TypeError: Class constructor SortableElement cannot be invoked without 'new'
    at http://localhost:3104/components/modals/RetargetOptInModal.jsx?t=1787324098102:26:22 @ http://localhost:3104/src/main.js?t=1787324459791:310
[    2615ms] [ERROR] [popcorn-init] FAILED at: plugin-image TypeError: Class constructor SortableElement cannot be invoked without 'new'
    at http://localhost:3104/components/modals/RetargetOptInModal.jsx?t=1787324098102:26:22 @ http://localhost:3104/src/lib/popcornInit.js?t=1787324098102:55
[    2834ms] [ERROR] [popcorn-init] FAILED at: plugin-jsonTransition TypeError: Class constructor SortableElement cannot be invoked without 'new'
    at http://localhost:3104/components/modals/RetargetOptInModal.jsx?t=1787324098102:26:22 @ http://localhost:3104/src/lib/popcornInit.js?t=1787324098102:55
[    2936ms] [ERROR] [popcorn-init] FAILED at: plugin-lottie-json TypeError: Class constructor SortableElement cannot be invoked without 'new'
    at http://localhost:3104/components/modals/RetargetOptInModal.jsx?t=1787324098102:26:22 @ http://localhost:3104/src/lib/popcornInit.js?t=1787324098102:55
[    3154ms] [LOG] [popcorn-init] OK: plugin-json-button @ http://localhost:3104/src/lib/popcornInit.js?t=1787324098102:48
[    3250ms] [ERROR] [popcorn-init] FAILED at: plugin-personalizedImage TypeError: Class constructor SortableElement cannot be invoked without 'new'
    at http://localhost:3104/components/modals/RetargetOptInModal.jsx?t=1787324098102:26:22 @ http://localhost:3104/src/lib/popcornInit.js?t=1787324098102:55
[    3344ms] [ERROR] [popcorn-init] FAILED at: plugin-loopPlugin TypeError: Class constructor SortableElement cannot be invoked without 'new'
    at http://localhost:3104/components/modals/RetargetOptInModal.jsx?t=1787324098102:26:22 @ http://localhost:3104/src/lib/popcornInit.js?t=1787324098102:55
[    3393ms] [ERROR] [popcorn-init] FAILED at: plugin-pausePlugin TypeError: Class constructor SortableElement cannot be invoked without 'new'
    at http://localhost:3104/components/modals/RetargetOptInModal.jsx?t=1787324098102:26:22 @ http://localhost:3104/src/lib/popcornInit.js?t=1787324098102:55
[    3452ms] [ERROR] [popcorn-init] FAILED at: plugin-form TypeError: Class constructor SortableElement cannot be invoked without 'new'
    at http://localhost:3104/components/modals/RetargetOptInModal.jsx?t=1787324098102:26:22 @ http://localhost:3104/src/lib/popcornInit.js?t=1787324098102:55
[    3890ms] [ERROR] [popcorn-init] FAILED at: plugin-retarget TypeError: Class constructor SortableElement cannot be invoked without 'new'
    at http://localhost:3104/components/modals/RetargetOptInModal.jsx?t=1787324098102:26:22 @ http://localhost:3104/src/lib/popcornInit.js?t=1787324098102:55
[    3935ms] [LOG] [popcorn-init] OK: plugin-popup @ http://localhost:3104/src/lib/popcornInit.js?t=1787324098102:48
[    4097ms] [ERROR] [popcorn-init] FAILED at: plugin-sequencer TypeError: Class constructor SortableElement cannot be invoked without 'new'
    at http://localhost:3104/components/modals/RetargetOptInModal.jsx?t=1787324098102:26:22 @ http://localhost:3104/src/lib/popcornInit.js?t=1787324098102:55
[    4155ms] [ERROR] [popcorn-init] FAILED at: plugin-skip TypeError: Class constructor SortableElement cannot be invoked without 'new'
    at http://localhost:3104/components/modals/RetargetOptInModal.jsx?t=1787324098102:26:22 @ http://localhost:3104/src/lib/popcornInit.js?t=1787324098102:55
[    4214ms] [ERROR] [popcorn-init] FAILED at: plugin-text TypeError: Class constructor SortableElement cannot be invoked without 'new'
    at http://localhost:3104/components/modals/RetargetOptInModal.jsx?t=1787324098102:26:22 @ http://localhost:3104/src/lib/popcornInit.js?t=1787324098102:55
[    4224ms] [LOG] [popcorn-init] OK: plugin-social @ http://localhost:3104/src/lib/popcornInit.js?t=1787324098102:48
[    4244ms] [ERROR] [popcorn-init] FAILED at: plugin-jsonAnimation TypeError: Class constructor SortableElement cannot be invoked without 'new'
    at http://localhost:3104/components/modals/RetargetOptInModal.jsx?t=1787324098102:26:22 @ http://localhost:3104/src/lib/popcornInit.js?t=1787324098102:55
[    4290ms] [LOG] [popcorn-init] OK: plugin-videoTransition @ http://localhost:3104/src/lib/popcornInit.js?t=1787324098102:48
[    4296ms] [ERROR] [popcorn-init] FAILED at: plugin-seethroughtext TypeError: Class constructor SortableElement cannot be invoked without 'new'
    at http://localhost:3104/components/modals/RetargetOptInModal.jsx?t=1787324098102:26:22 @ http://localhost:3104/src/lib/popcornInit.js?t=1787324098102:55
[    4300ms] [LOG] [popcorn-init] OK: plugin-wikipedia @ http://localhost:3104/src/lib/popcornInit.js?t=1787324098102:48
[    4305ms] [ERROR] [popcorn-init] FAILED at: plugin-combined TypeError: Class constructor SortableElement cannot be invoked without 'new'
    at http://localhost:3104/components/modals/RetargetOptInModal.jsx?t=1787324098102:26:22 @ http://localhost:3104/src/lib/popcornInit.js?t=1787324098102:55
[    4313ms] [ERROR] [popcorn-init] FAILED at: plugin-background TypeError: Class constructor SortableElement cannot be invoked without 'new'
    at http://localhost:3104/components/modals/RetargetOptInModal.jsx?t=1787324098102:26:22 @ http://localhost:3104/src/lib/popcornInit.js?t=1787324098102:55
[    4313ms] [LOG] [popcorn-init] SUMMARY: 5/20 plugins registered; FAILED: plugin-image, plugin-jsonTransition, plugin-lottie-json, plugin-personalizedImage, plugin-loopPlugin, plugin-pausePlugin, plugin-form, plugin-retarget, plugin-sequencer, plugin-skip, plugin-text, plugin-jsonAnimation, plugin-seethroughtext, plugin-combined, plugin-background @ http://localhost:3104/src/lib/popcornInit.js?t=1787324098102:60
[    4313ms] [LOG] [popcorn] function 5 @ http://localhost:3104/src/main.js?t=1787324459791:4
