[    1212ms] [LOG] [App] Starting initialization... @ http://localhost:3100/src/main.js:19
[    1310ms] [LOG] [popcorn-init] OK: jquery @ http://localhost:3100/src/lib/popcornInit.js:41
[    1443ms] [LOG] [popcorn-init] OK: jquery-textfill @ http://localhost:3100/src/lib/popcornInit.js:48
[    1444ms] [LOG] [LandingPage] Header.jsx loaded @ http://localhost:3100/src/components/landing/LandingPage.jsx:170
[    1490ms] [LOG] [popcorn-init] OK: popcorn-core @ http://localhost:3100/src/lib/popcornInit.js:48
[    1724ms] [LOG] [popcorn-init] OK: popcorn-ie8 @ http://localhost:3100/src/lib/popcornInit.js:48
[    1732ms] [LOG] [LandingPage] CinematicVideoHero.jsx loaded @ http://localhost:3100/src/components/landing/LandingPage.jsx:183
[    2132ms] [LOG] [popcorn-init] OK: wrapper-common @ http://localhost:3100/src/lib/popcornInit.js:48
[    2353ms] [LOG] [LandingPage] HeroSection.jsx loaded @ http://localhost:3100/src/components/landing/LandingPage.jsx:196
[    2354ms] [LOG] [LandingPage] Observer created for: scrolling placeholder id: section-scrolling @ http://localhost:3100/src/components/landing/LandingPage.jsx:154
[    2354ms] [LOG] [LandingPage] Observer created for: hook placeholder id: section-hook @ http://localhost:3100/src/components/landing/LandingPage.jsx:154
[    2354ms] [LOG] [LandingPage] Observer created for: engines placeholder id: section-engines @ http://localhost:3100/src/components/landing/LandingPage.jsx:154
[    2354ms] [LOG] [LandingPage] Observer created for: apps placeholder id: section-apps @ http://localhost:3100/src/components/landing/LandingPage.jsx:154
[    2354ms] [LOG] [LandingPage] Observer created for: features placeholder id: section-features @ http://localhost:3100/src/components/landing/LandingPage.jsx:154
[    2355ms] [LOG] [LandingPage] Observer created for: problem placeholder id: section-problem @ http://localhost:3100/src/components/landing/LandingPage.jsx:154
[    2355ms] [LOG] [LandingPage] Observer created for: workflow placeholder id: section-workflow @ http://localhost:3100/src/components/landing/LandingPage.jsx:154
[    2355ms] [LOG] [LandingPage] Observer created for: comparison placeholder id: section-comparison @ http://localhost:3100/src/components/landing/LandingPage.jsx:154
[    2355ms] [LOG] [LandingPage] Observer created for: value placeholder id: section-value @ http://localhost:3100/src/components/landing/LandingPage.jsx:154
[    2355ms] [LOG] [LandingPage] Observer created for: agency placeholder id: section-agency @ http://localhost:3100/src/components/landing/LandingPage.jsx:154
[    2355ms] [LOG] [LandingPage] Observer created for: offer placeholder id: section-offer @ http://localhost:3100/src/components/landing/LandingPage.jsx:154
[    2355ms] [LOG] [LandingPage] Observer created for: cta placeholder id: section-cta @ http://localhost:3100/src/components/landing/LandingPage.jsx:154
[    2355ms] [LOG] [LandingPage] Observer created for: ai-workflow placeholder id: section-ai-workflow @ http://localhost:3100/src/components/landing/LandingPage.jsx:154
[    2355ms] [LOG] [LandingPage] Observer created for: made-with placeholder id: section-made-with @ http://localhost:3100/src/components/landing/LandingPage.jsx:154
[    2355ms] [LOG] [LandingPage] Observer created for: ugc placeholder id: section-ugc @ http://localhost:3100/src/components/landing/LandingPage.jsx:154
[    2355ms] [LOG] [LandingPage] Observer created for: gallery placeholder id: section-gallery @ http://localhost:3100/src/components/landing/LandingPage.jsx:154
[    2355ms] [LOG] [LandingPage] Observer created for: academy placeholder id: section-academy @ http://localhost:3100/src/components/landing/LandingPage.jsx:154
[    2355ms] [LOG] [LandingPage] Observer created for: repo-cinema placeholder id: section-repo-cinema @ http://localhost:3100/src/components/landing/LandingPage.jsx:154
[    2355ms] [LOG] [LandingPage] Observer created for: repo-commercial placeholder id: section-repo-commercial @ http://localhost:3100/src/components/landing/LandingPage.jsx:154
[    2356ms] [LOG] [LandingPage] Observer created for: repo-social-ads placeholder id: section-repo-social-ads @ http://localhost:3100/src/components/landing/LandingPage.jsx:154
[    2356ms] [LOG] [LandingPage] Observer created for: repo-narrative placeholder id: section-repo-narrative @ http://localhost:3100/src/components/landing/LandingPage.jsx:154
[    2356ms] [LOG] [LandingPage] Observer created for: repo-vertical placeholder id: section-repo-vertical @ http://localhost:3100/src/components/landing/LandingPage.jsx:154
[    2356ms] [LOG] [LandingPage] Observer created for: repo-ecommerce placeholder id: section-repo-ecommerce @ http://localhost:3100/src/components/landing/LandingPage.jsx:154
[    2356ms] [LOG] [LandingPage] Observer created for: repo-kinetic placeholder id: section-repo-kinetic @ http://localhost:3100/src/components/landing/LandingPage.jsx:154
[    2356ms] [LOG] [LandingPage] Observer created for: repo-animated placeholder id: section-repo-animated @ http://localhost:3100/src/components/landing/LandingPage.jsx:154
[    2356ms] [LOG] [LandingPage] Observer created for: repo-animation placeholder id: section-repo-animation @ http://localhost:3100/src/components/landing/LandingPage.jsx:154
[    2356ms] [LOG] [LandingPage] Observer created for: repo-reference placeholder id: section-repo-reference @ http://localhost:3100/src/components/landing/LandingPage.jsx:154
[    2356ms] [LOG] [LandingPage] Observer created for: repo-vfx placeholder id: section-repo-vfx @ http://localhost:3100/src/components/landing/LandingPage.jsx:154
[    2356ms] [LOG] [LandingPage] Observer created for: repo-fashion placeholder id: section-repo-fashion @ http://localhost:3100/src/components/landing/LandingPage.jsx:154
[    2356ms] [LOG] [LandingPage] Observer created for: repos placeholder id: section-repos @ http://localhost:3100/src/components/landing/LandingPage.jsx:154
[    2356ms] [LOG] [LandingPage] Observer created for: gtm-boost placeholder id: section-gtm-boost @ http://localhost:3100/src/components/landing/LandingPage.jsx:154
[    2357ms] [LOG] [App] Landing page rendered @ http://localhost:3100/src/main.js:88
[    2382ms] [LOG] [LandingPage] IntersectionObserver fired for repo-fashion [Object] @ http://localhost:3100/src/components/landing/LandingPage.jsx:119
[    2383ms] [LOG] [LandingPage] Loading section: repo-fashion @ http://localhost:3100/src/components/landing/LandingPage.jsx:122
[    2383ms] [LOG] [LandingPage] IntersectionObserver fired for repo-animated [Object] @ http://localhost:3100/src/components/landing/LandingPage.jsx:119
[    2384ms] [LOG] [LandingPage] Loading section: repo-animated @ http://localhost:3100/src/components/landing/LandingPage.jsx:122
[    2385ms] [LOG] [LandingPage] IntersectionObserver fired for gallery [Object] @ http://localhost:3100/src/components/landing/LandingPage.jsx:119
[    2385ms] [LOG] [LandingPage] Loading section: gallery @ http://localhost:3100/src/components/landing/LandingPage.jsx:122
[    2386ms] [LOG] [LandingPage] IntersectionObserver fired for made-with [Object] @ http://localhost:3100/src/components/landing/LandingPage.jsx:119
[    2386ms] [LOG] [LandingPage] Loading section: made-with @ http://localhost:3100/src/components/landing/LandingPage.jsx:122
[    2387ms] [LOG] [LandingPage] IntersectionObserver fired for academy [Object] @ http://localhost:3100/src/components/landing/LandingPage.jsx:119
[    2388ms] [LOG] [LandingPage] Loading section: academy @ http://localhost:3100/src/components/landing/LandingPage.jsx:122
[    2388ms] [LOG] [LandingPage] IntersectionObserver fired for hook [Object] @ http://localhost:3100/src/components/landing/LandingPage.jsx:119
[    2389ms] [LOG] [LandingPage] Loading section: hook @ http://localhost:3100/src/components/landing/LandingPage.jsx:122
[    2390ms] [LOG] [LandingPage] IntersectionObserver fired for workflow [Object] @ http://localhost:3100/src/components/landing/LandingPage.jsx:119
[    2390ms] [LOG] [LandingPage] Loading section: workflow @ http://localhost:3100/src/components/landing/LandingPage.jsx:122
[    2391ms] [LOG] [LandingPage] IntersectionObserver fired for repo-animation [Object] @ http://localhost:3100/src/components/landing/LandingPage.jsx:119
[    2392ms] [LOG] [LandingPage] Loading section: repo-animation @ http://localhost:3100/src/components/landing/LandingPage.jsx:122
[    2392ms] [LOG] [LandingPage] IntersectionObserver fired for scrolling [Object] @ http://localhost:3100/src/components/landing/LandingPage.jsx:119
[    2392ms] [LOG] [LandingPage] Loading section: scrolling @ http://localhost:3100/src/components/landing/LandingPage.jsx:122
[    2392ms] [LOG] [LandingPage] IntersectionObserver fired for offer [Object] @ http://localhost:3100/src/components/landing/LandingPage.jsx:119
[    2392ms] [LOG] [LandingPage] Loading section: offer @ http://localhost:3100/src/components/landing/LandingPage.jsx:122
[    2392ms] [LOG] [LandingPage] IntersectionObserver fired for repo-social-ads [Object] @ http://localhost:3100/src/components/landing/LandingPage.jsx:119
[    2393ms] [LOG] [LandingPage] Loading section: repo-social-ads @ http://localhost:3100/src/components/landing/LandingPage.jsx:122
[    2393ms] [LOG] [LandingPage] IntersectionObserver fired for repo-narrative [Object] @ http://localhost:3100/src/components/landing/LandingPage.jsx:119
[    2393ms] [LOG] [LandingPage] Loading section: repo-narrative @ http://localhost:3100/src/components/landing/LandingPage.jsx:122
[    2393ms] [LOG] [LandingPage] IntersectionObserver fired for comparison [Object] @ http://localhost:3100/src/components/landing/LandingPage.jsx:119
[    2393ms] [LOG] [LandingPage] Loading section: comparison @ http://localhost:3100/src/components/landing/LandingPage.jsx:122
[    2393ms] [LOG] [LandingPage] IntersectionObserver fired for engines [Object] @ http://localhost:3100/src/components/landing/LandingPage.jsx:119
[    2393ms] [LOG] [LandingPage] Loading section: engines @ http://localhost:3100/src/components/landing/LandingPage.jsx:122
[    2394ms] [LOG] [LandingPage] IntersectionObserver fired for repo-commercial [Object] @ http://localhost:3100/src/components/landing/LandingPage.jsx:119
[    2394ms] [LOG] [LandingPage] Loading section: repo-commercial @ http://localhost:3100/src/components/landing/LandingPage.jsx:122
[    2394ms] [LOG] [LandingPage] IntersectionObserver fired for repo-vfx [Object] @ http://localhost:3100/src/components/landing/LandingPage.jsx:119
[    2394ms] [LOG] [LandingPage] Loading section: repo-vfx @ http://localhost:3100/src/components/landing/LandingPage.jsx:122
[    2394ms] [LOG] [LandingPage] IntersectionObserver fired for cta [Object] @ http://localhost:3100/src/components/landing/LandingPage.jsx:119
[    2395ms] [LOG] [LandingPage] Loading section: cta @ http://localhost:3100/src/components/landing/LandingPage.jsx:122
[    2395ms] [LOG] [LandingPage] IntersectionObserver fired for repo-kinetic [Object] @ http://localhost:3100/src/components/landing/LandingPage.jsx:119
[    2396ms] [LOG] [LandingPage] Loading section: repo-kinetic @ http://localhost:3100/src/components/landing/LandingPage.jsx:122
[    2396ms] [LOG] [LandingPage] IntersectionObserver fired for ai-workflow [Object] @ http://localhost:3100/src/components/landing/LandingPage.jsx:119
[    2396ms] [LOG] [LandingPage] Loading section: ai-workflow @ http://localhost:3100/src/components/landing/LandingPage.jsx:122
[    2397ms] [LOG] [LandingPage] IntersectionObserver fired for repo-vertical [Object] @ http://localhost:3100/src/components/landing/LandingPage.jsx:119
[    2398ms] [LOG] [LandingPage] Loading section: repo-vertical @ http://localhost:3100/src/components/landing/LandingPage.jsx:122
[    2398ms] [LOG] [LandingPage] IntersectionObserver fired for repos [Object] @ http://localhost:3100/src/components/landing/LandingPage.jsx:119
[    2398ms] [LOG] [LandingPage] Loading section: repos @ http://localhost:3100/src/components/landing/LandingPage.jsx:122
[    2398ms] [LOG] [LandingPage] IntersectionObserver fired for repo-reference [Object] @ http://localhost:3100/src/components/landing/LandingPage.jsx:119
[    2398ms] [LOG] [LandingPage] Loading section: repo-reference @ http://localhost:3100/src/components/landing/LandingPage.jsx:122
[    2399ms] [LOG] [LandingPage] IntersectionObserver fired for value [Object] @ http://localhost:3100/src/components/landing/LandingPage.jsx:119
[    2399ms] [LOG] [LandingPage] Loading section: value @ http://localhost:3100/src/components/landing/LandingPage.jsx:122
[    2399ms] [LOG] [LandingPage] IntersectionObserver fired for gtm-boost [Object] @ http://localhost:3100/src/components/landing/LandingPage.jsx:119
[    2399ms] [LOG] [LandingPage] Loading section: gtm-boost @ http://localhost:3100/src/components/landing/LandingPage.jsx:122
[    2399ms] [LOG] [LandingPage] IntersectionObserver fired for ugc [Object] @ http://localhost:3100/src/components/landing/LandingPage.jsx:119
[    2399ms] [LOG] [LandingPage] Loading section: ugc @ http://localhost:3100/src/components/landing/LandingPage.jsx:122
[    2400ms] [LOG] [LandingPage] IntersectionObserver fired for features [Object] @ http://localhost:3100/src/components/landing/LandingPage.jsx:119
[    2400ms] [LOG] [LandingPage] Loading section: features @ http://localhost:3100/src/components/landing/LandingPage.jsx:122
[    2400ms] [LOG] [LandingPage] IntersectionObserver fired for repo-cinema [Object] @ http://localhost:3100/src/components/landing/LandingPage.jsx:119
[    2400ms] [LOG] [LandingPage] Loading section: repo-cinema @ http://localhost:3100/src/components/landing/LandingPage.jsx:122
[    2400ms] [LOG] [LandingPage] IntersectionObserver fired for repo-ecommerce [Object] @ http://localhost:3100/src/components/landing/LandingPage.jsx:119
[    2400ms] [LOG] [LandingPage] Loading section: repo-ecommerce @ http://localhost:3100/src/components/landing/LandingPage.jsx:122
[    2401ms] [LOG] [LandingPage] IntersectionObserver fired for problem [Object] @ http://localhost:3100/src/components/landing/LandingPage.jsx:119
[    2401ms] [LOG] [LandingPage] Loading section: problem @ http://localhost:3100/src/components/landing/LandingPage.jsx:122
[    2401ms] [LOG] [LandingPage] IntersectionObserver fired for agency [Object] @ http://localhost:3100/src/components/landing/LandingPage.jsx:119
[    2401ms] [LOG] [LandingPage] Loading section: agency @ http://localhost:3100/src/components/landing/LandingPage.jsx:122
[    2401ms] [LOG] [LandingPage] IntersectionObserver fired for apps [Object] @ http://localhost:3100/src/components/landing/LandingPage.jsx:119
[    2402ms] [LOG] [LandingPage] Loading section: apps @ http://localhost:3100/src/components/landing/LandingPage.jsx:122
[    2617ms] [LOG] [popcorn-init] OK: wrapper-html5 @ http://localhost:3100/src/lib/popcornInit.js:48
[    2697ms] [LOG] [popcorn-init] OK: wrapper-vrview @ http://localhost:3100/src/lib/popcornInit.js:48
[    2759ms] [LOG] [popcorn-init] OK: wrapper-adaptive @ http://localhost:3100/src/lib/popcornInit.js:48
[    2957ms] [LOG] [popcorn-init] OK: wrapper-null @ http://localhost:3100/src/lib/popcornInit.js:48
[    3134ms] [LOG] [LandingPage] Section loaded: hook @ http://localhost:3100/src/components/landing/LandingPage.jsx:141
[    3161ms] [LOG] [LandingPage] Section loaded: workflow @ http://localhost:3100/src/components/landing/LandingPage.jsx:141
[    3171ms] [LOG] [LandingPage] Section loaded: scrolling @ http://localhost:3100/src/components/landing/LandingPage.jsx:141
[    3248ms] [LOG] [LandingPage] Section loaded: offer @ http://localhost:3100/src/components/landing/LandingPage.jsx:141
[    3249ms] [LOG] [LandingPage] Section loaded: comparison @ http://localhost:3100/src/components/landing/LandingPage.jsx:141
[    3251ms] [LOG] [LandingPage] Section loaded: engines @ http://localhost:3100/src/components/landing/LandingPage.jsx:141
[    3252ms] [LOG] [LandingPage] Section loaded: cta @ http://localhost:3100/src/components/landing/LandingPage.jsx:141
[    3253ms] [LOG] [LandingPage] Section loaded: features @ http://localhost:3100/src/components/landing/LandingPage.jsx:141
[    3254ms] [LOG] [LandingPage] Section loaded: value @ http://localhost:3100/src/components/landing/LandingPage.jsx:141
[    3254ms] [LOG] [LandingPage] Section loaded: problem @ http://localhost:3100/src/components/landing/LandingPage.jsx:141
[    3255ms] [LOG] [LandingPage] Section loaded: agency @ http://localhost:3100/src/components/landing/LandingPage.jsx:141
[    3492ms] [LOG] [LandingPage] Section loaded: repos @ http://localhost:3100/src/components/landing/LandingPage.jsx:141
[    3513ms] [LOG] [popcorn-init] OK: wrapper-soundcloud @ http://localhost:3100/src/lib/popcornInit.js:48
[    3532ms] [LOG] [LandingPage] Section loaded: apps @ http://localhost:3100/src/components/landing/LandingPage.jsx:141
[    3577ms] [LOG] [LandingPage] Section loaded: gallery @ http://localhost:3100/src/components/landing/LandingPage.jsx:141
[    3580ms] [LOG] [LandingPage] Section loaded: ugc @ http://localhost:3100/src/components/landing/LandingPage.jsx:141
[    3592ms] [LOG] [LandingPage] Section loaded: made-with @ http://localhost:3100/src/components/landing/LandingPage.jsx:141
[    3597ms] [LOG] [LandingPage] Section loaded: gtm-boost @ http://localhost:3100/src/components/landing/LandingPage.jsx:141
[    3694ms] [LOG] [LandingPage] Section loaded: ai-workflow @ http://localhost:3100/src/components/landing/LandingPage.jsx:141
[    3700ms] [LOG] [LandingPage] Section loaded: academy @ http://localhost:3100/src/components/landing/LandingPage.jsx:141
[    3707ms] [LOG] [LandingPage] Section loaded: repo-fashion @ http://localhost:3100/src/components/landing/LandingPage.jsx:141
[    3711ms] [LOG] [LandingPage] Section loaded: repo-animation @ http://localhost:3100/src/components/landing/LandingPage.jsx:141
[    3715ms] [LOG] [LandingPage] Section loaded: repo-commercial @ http://localhost:3100/src/components/landing/LandingPage.jsx:141
[    3722ms] [LOG] [LandingPage] Section loaded: repo-social-ads @ http://localhost:3100/src/components/landing/LandingPage.jsx:141
[    3728ms] [LOG] [LandingPage] Section loaded: repo-cinema @ http://localhost:3100/src/components/landing/LandingPage.jsx:141
[    3732ms] [LOG] [LandingPage] Section loaded: repo-vfx @ http://localhost:3100/src/components/landing/LandingPage.jsx:141
[    3752ms] [LOG] [LandingPage] Section loaded: repo-reference @ http://localhost:3100/src/components/landing/LandingPage.jsx:141
[    3764ms] [LOG] [LandingPage] Section loaded: repo-animated @ http://localhost:3100/src/components/landing/LandingPage.jsx:141
[    3770ms] [LOG] [LandingPage] Section loaded: repo-kinetic @ http://localhost:3100/src/components/landing/LandingPage.jsx:141
[    3791ms] [LOG] [LandingPage] Section loaded: repo-narrative @ http://localhost:3100/src/components/landing/LandingPage.jsx:141
[    3958ms] [LOG] [LandingPage] Section loaded: repo-ecommerce @ http://localhost:3100/src/components/landing/LandingPage.jsx:141
[    3962ms] [LOG] [LandingPage] Section loaded: repo-vertical @ http://localhost:3100/src/components/landing/LandingPage.jsx:141
[    3994ms] [LOG] [popcorn-init] OK: wrapper-vimeo @ http://localhost:3100/src/lib/popcornInit.js:48
[    4093ms] [LOG] [popcorn-init] OK: wrapper-youtube @ http://localhost:3100/src/lib/popcornInit.js:48
[    4104ms] [LOG] [popcorn-init] OK: wrapper-jwplayer @ http://localhost:3100/src/lib/popcornInit.js:48
[    4136ms] [INFO] %cDownload the React DevTools for a better development experience: https://react.dev/link/react-devtools font-weight:bold @ http://localhost:3100/node_modules/.vite/deps/chunk-EEAUBQDT.js?v=dcd14595:20096
[    4142ms] [ERROR] [ModalSystem] mount failed TypeError: Class constructor SortableElement cannot be invoked without 'new'
    at http://localhost:3100/components/modals/RetargetOptInModal.jsx:26:22 @ http://localhost:3100/src/main.js:322
[    4174ms] [LOG] [popcorn-init] OK: player-module @ http://localhost:3100/src/lib/popcornInit.js:48
[    4206ms] [ERROR] [popcorn-init] FAILED at: plugin-image TypeError: Class constructor SortableElement cannot be invoked without 'new'
    at http://localhost:3100/components/modals/RetargetOptInModal.jsx:26:22 @ http://localhost:3100/src/lib/popcornInit.js:55
[    4262ms] [ERROR] [popcorn-init] FAILED at: plugin-jsonTransition TypeError: Class constructor SortableElement cannot be invoked without 'new'
    at http://localhost:3100/components/modals/RetargetOptInModal.jsx:26:22 @ http://localhost:3100/src/lib/popcornInit.js:55
[    4306ms] [ERROR] [popcorn-init] FAILED at: plugin-lottie-json TypeError: Class constructor SortableElement cannot be invoked without 'new'
    at http://localhost:3100/components/modals/RetargetOptInModal.jsx:26:22 @ http://localhost:3100/src/lib/popcornInit.js:55
[    4335ms] [LOG] [popcorn-init] OK: plugin-json-button @ http://localhost:3100/src/lib/popcornInit.js:48
[    4346ms] [ERROR] [popcorn-init] FAILED at: plugin-personalizedImage TypeError: Class constructor SortableElement cannot be invoked without 'new'
    at http://localhost:3100/components/modals/RetargetOptInModal.jsx:26:22 @ http://localhost:3100/src/lib/popcornInit.js:55
[    4360ms] [ERROR] [popcorn-init] FAILED at: plugin-loopPlugin TypeError: Class constructor SortableElement cannot be invoked without 'new'
    at http://localhost:3100/components/modals/RetargetOptInModal.jsx:26:22 @ http://localhost:3100/src/lib/popcornInit.js:55
[    4378ms] [ERROR] [popcorn-init] FAILED at: plugin-pausePlugin TypeError: Class constructor SortableElement cannot be invoked without 'new'
    at http://localhost:3100/components/modals/RetargetOptInModal.jsx:26:22 @ http://localhost:3100/src/lib/popcornInit.js:55
[    4426ms] [ERROR] [popcorn-init] FAILED at: plugin-form TypeError: Class constructor SortableElement cannot be invoked without 'new'
    at http://localhost:3100/components/modals/RetargetOptInModal.jsx:26:22 @ http://localhost:3100/src/lib/popcornInit.js:55
[    4466ms] [ERROR] [popcorn-init] FAILED at: plugin-retarget TypeError: Class constructor SortableElement cannot be invoked without 'new'
    at http://localhost:3100/components/modals/RetargetOptInModal.jsx:26:22 @ http://localhost:3100/src/lib/popcornInit.js:55
[    4477ms] [LOG] [popcorn-init] OK: plugin-popup @ http://localhost:3100/src/lib/popcornInit.js:48
[    4483ms] [ERROR] [popcorn-init] FAILED at: plugin-sequencer TypeError: Class constructor SortableElement cannot be invoked without 'new'
    at http://localhost:3100/components/modals/RetargetOptInModal.jsx:26:22 @ http://localhost:3100/src/lib/popcornInit.js:55
[    4488ms] [ERROR] [popcorn-init] FAILED at: plugin-skip TypeError: Class constructor SortableElement cannot be invoked without 'new'
    at http://localhost:3100/components/modals/RetargetOptInModal.jsx:26:22 @ http://localhost:3100/src/lib/popcornInit.js:55
[    4517ms] [ERROR] [popcorn-init] FAILED at: plugin-text TypeError: Class constructor SortableElement cannot be invoked without 'new'
    at http://localhost:3100/components/modals/RetargetOptInModal.jsx:26:22 @ http://localhost:3100/src/lib/popcornInit.js:55
[    4525ms] [LOG] [popcorn-init] OK: plugin-social @ http://localhost:3100/src/lib/popcornInit.js:48
[    4530ms] [ERROR] [popcorn-init] FAILED at: plugin-jsonAnimation TypeError: Class constructor SortableElement cannot be invoked without 'new'
    at http://localhost:3100/components/modals/RetargetOptInModal.jsx:26:22 @ http://localhost:3100/src/lib/popcornInit.js:55
[    4545ms] [LOG] [popcorn-init] OK: plugin-videoTransition @ http://localhost:3100/src/lib/popcornInit.js:48
[    4550ms] [ERROR] [popcorn-init] FAILED at: plugin-seethroughtext TypeError: Class constructor SortableElement cannot be invoked without 'new'
    at http://localhost:3100/components/modals/RetargetOptInModal.jsx:26:22 @ http://localhost:3100/src/lib/popcornInit.js:55
[    4554ms] [LOG] [popcorn-init] OK: plugin-wikipedia @ http://localhost:3100/src/lib/popcornInit.js:48
[    4559ms] [ERROR] [popcorn-init] FAILED at: plugin-combined TypeError: Class constructor SortableElement cannot be invoked without 'new'
    at http://localhost:3100/components/modals/RetargetOptInModal.jsx:26:22 @ http://localhost:3100/src/lib/popcornInit.js:55
[    4565ms] [ERROR] [popcorn-init] FAILED at: plugin-background TypeError: Class constructor SortableElement cannot be invoked without 'new'
    at http://localhost:3100/components/modals/RetargetOptInModal.jsx:26:22 @ http://localhost:3100/src/lib/popcornInit.js:55
[    4566ms] [LOG] [popcorn-init] SUMMARY: 5/20 plugins registered; FAILED: plugin-image, plugin-jsonTransition, plugin-lottie-json, plugin-personalizedImage, plugin-loopPlugin, plugin-pausePlugin, plugin-form, plugin-retarget, plugin-sequencer, plugin-skip, plugin-text, plugin-jsonAnimation, plugin-seethroughtext, plugin-combined, plugin-background @ http://localhost:3100/src/lib/popcornInit.js:60
[    4566ms] [LOG] [popcorn] function 5 @ http://localhost:3100/src/main.js:4
[   78996ms] [LOG] [App] Starting initialization... @ http://localhost:3100/src/main.js?t=1787395312442:19
[   78997ms] [LOG] [App][DEBUG] path=%s hash=%s initialPage=%s / #/image image @ http://localhost:3100/src/main.js?t=1787395312442:78
[   79074ms] [LOG] [popcorn-init] OK: jquery @ http://localhost:3100/src/lib/popcornInit.js:41
[   79103ms] [LOG] [popcorn-init] OK: jquery-textfill @ http://localhost:3100/src/lib/popcornInit.js:48
[   79157ms] [LOG] [popcorn-init] OK: popcorn-core @ http://localhost:3100/src/lib/popcornInit.js:48
[   79167ms] [LOG] [popcorn-init] OK: popcorn-ie8 @ http://localhost:3100/src/lib/popcornInit.js:48
[   79200ms] [LOG] [popcorn-init] OK: wrapper-common @ http://localhost:3100/src/lib/popcornInit.js:48
[   79263ms] [LOG] [popcorn-init] OK: wrapper-html5 @ http://localhost:3100/src/lib/popcornInit.js:48
[   79290ms] [LOG] [popcorn-init] OK: wrapper-vrview @ http://localhost:3100/src/lib/popcornInit.js:48
[   79295ms] [LOG] [popcorn-init] OK: wrapper-adaptive @ http://localhost:3100/src/lib/popcornInit.js:48
[   79297ms] [LOG] [popcorn-init] OK: wrapper-null @ http://localhost:3100/src/lib/popcornInit.js:48
[   79302ms] [LOG] [popcorn-init] OK: wrapper-soundcloud @ http://localhost:3100/src/lib/popcornInit.js:48
[   79304ms] [LOG] [popcorn-init] OK: wrapper-vimeo @ http://localhost:3100/src/lib/popcornInit.js:48
[   79306ms] [LOG] [popcorn-init] OK: wrapper-youtube @ http://localhost:3100/src/lib/popcornInit.js:48
[   79308ms] [LOG] [popcorn-init] OK: wrapper-jwplayer @ http://localhost:3100/src/lib/popcornInit.js:48
[   79310ms] [LOG] [popcorn-init] OK: player-module @ http://localhost:3100/src/lib/popcornInit.js:48
